Archive member included to satisfy reference by file (symbol)

/home/szy/gcc-arm-none-eabi-7-2017-q4-major/bin/../lib/gcc/arm-none-eabi/7.2.1/../../../../arm-none-eabi/lib/thumb/v7e-m/fpv4-sp/hard/libstdc++.a(si_class_type_info.o)
                              CMakeFiles/tw_cart_chassis_clion.elf.dir/Bsp/MOTOR_DRIVER/MotorM2006.cpp.obj (vtable for __cxxabiv1::__si_class_type_info)
/home/szy/gcc-arm-none-eabi-7-2017-q4-major/bin/../lib/gcc/arm-none-eabi/7.2.1/../../../../arm-none-eabi/lib/thumb/v7e-m/fpv4-sp/hard/libstdc++.a(tinfo.o)
                              /home/szy/gcc-arm-none-eabi-7-2017-q4-major/bin/../lib/gcc/arm-none-eabi/7.2.1/../../../../arm-none-eabi/lib/thumb/v7e-m/fpv4-sp/hard/libstdc++.a(si_class_type_info.o) (std::type_info::__is_pointer_p() const)
/home/szy/gcc-arm-none-eabi-7-2017-q4-major/bin/../lib/gcc/arm-none-eabi/7.2.1/../../../../arm-none-eabi/lib/thumb/v7e-m/fpv4-sp/hard/libstdc++.a(class_type_info.o)
                              /home/szy/gcc-arm-none-eabi-7-2017-q4-major/bin/../lib/gcc/arm-none-eabi/7.2.1/../../../../arm-none-eabi/lib/thumb/v7e-m/fpv4-sp/hard/libstdc++.a(si_class_type_info.o) (__cxxabiv1::__class_type_info::__do_upcast(__cxxabiv1::__class_type_info const*, void**) const)
/home/szy/gcc-arm-none-eabi-7-2017-q4-major/bin/../lib/gcc/arm-none-eabi/7.2.1/../../../../arm-none-eabi/lib/thumb/v7e-m/fpv4-sp/hard/libstdc++.a(del_ops.o)
                              /home/szy/gcc-arm-none-eabi-7-2017-q4-major/bin/../lib/gcc/arm-none-eabi/7.2.1/../../../../arm-none-eabi/lib/thumb/v7e-m/fpv4-sp/hard/libstdc++.a(si_class_type_info.o) (operator delete(void*, unsigned int))
/home/szy/gcc-arm-none-eabi-7-2017-q4-major/bin/../lib/gcc/arm-none-eabi/7.2.1/../../../../arm-none-eabi/lib/thumb/v7e-m/fpv4-sp/hard/libstdc++.a(del_op.o)
                              /home/szy/gcc-arm-none-eabi-7-2017-q4-major/bin/../lib/gcc/arm-none-eabi/7.2.1/../../../../arm-none-eabi/lib/thumb/v7e-m/fpv4-sp/hard/libstdc++.a(del_ops.o) (operator delete(void*))
/home/szy/gcc-arm-none-eabi-7-2017-q4-major/bin/../lib/gcc/arm-none-eabi/7.2.1/thumb/v7e-m/fpv4-sp/hard/libgcc.a(_arm_addsubdf3.o)
                              CMakeFiles/tw_cart_chassis_clion.elf.dir/Algorithms/PID/pid.cpp.obj (__aeabi_dadd)
/home/szy/gcc-arm-none-eabi-7-2017-q4-major/bin/../lib/gcc/arm-none-eabi/7.2.1/thumb/v7e-m/fpv4-sp/hard/libgcc.a(_arm_muldivdf3.o)
                              CMakeFiles/tw_cart_chassis_clion.elf.dir/Algorithms/PID/pid.cpp.obj (__aeabi_dmul)
/home/szy/gcc-arm-none-eabi-7-2017-q4-major/bin/../lib/gcc/arm-none-eabi/7.2.1/thumb/v7e-m/fpv4-sp/hard/libgcc.a(_arm_cmpdf2.o)
                              CMakeFiles/tw_cart_chassis_clion.elf.dir/Algorithms/PID/pid.cpp.obj (__aeabi_dcmplt)
/home/szy/gcc-arm-none-eabi-7-2017-q4-major/bin/../lib/gcc/arm-none-eabi/7.2.1/thumb/v7e-m/fpv4-sp/hard/libgcc.a(_arm_fixdfsi.o)
                              CMakeFiles/tw_cart_chassis_clion.elf.dir/Bsp/UART_DBUS/UART_DBUS.cpp.obj (__aeabi_d2iz)
/home/szy/gcc-arm-none-eabi-7-2017-q4-major/bin/../lib/gcc/arm-none-eabi/7.2.1/thumb/v7e-m/fpv4-sp/hard/libgcc.a(_arm_truncdfsf2.o)
                              CMakeFiles/tw_cart_chassis_clion.elf.dir/Algorithms/PID/pid.cpp.obj (__aeabi_d2f)
/home/szy/gcc-arm-none-eabi-7-2017-q4-major/bin/../lib/gcc/arm-none-eabi/7.2.1/thumb/v7e-m/fpv4-sp/hard/libgcc.a(_aeabi_uldivmod.o)
                              CMakeFiles/tw_cart_chassis_clion.elf.dir/Drivers/STM32F4xx_HAL_Driver/Src/stm32f4xx_hal_rcc.c.obj (__aeabi_uldivmod)
/home/szy/gcc-arm-none-eabi-7-2017-q4-major/bin/../lib/gcc/arm-none-eabi/7.2.1/thumb/v7e-m/fpv4-sp/hard/libgcc.a(_udivmoddi4.o)
                              /home/szy/gcc-arm-none-eabi-7-2017-q4-major/bin/../lib/gcc/arm-none-eabi/7.2.1/thumb/v7e-m/fpv4-sp/hard/libgcc.a(_aeabi_uldivmod.o) (__udivmoddi4)
/home/szy/gcc-arm-none-eabi-7-2017-q4-major/bin/../lib/gcc/arm-none-eabi/7.2.1/thumb/v7e-m/fpv4-sp/hard/libgcc.a(unwind-arm.o)
                              CMakeFiles/tw_cart_chassis_clion.elf.dir/Applications/motor_task.cpp.obj (__aeabi_unwind_cpp_pr0)
/home/szy/gcc-arm-none-eabi-7-2017-q4-major/bin/../lib/gcc/arm-none-eabi/7.2.1/thumb/v7e-m/fpv4-sp/hard/libgcc.a(libunwind.o)
                              /home/szy/gcc-arm-none-eabi-7-2017-q4-major/bin/../lib/gcc/arm-none-eabi/7.2.1/thumb/v7e-m/fpv4-sp/hard/libgcc.a(unwind-arm.o) (restore_core_regs)
/home/szy/gcc-arm-none-eabi-7-2017-q4-major/bin/../lib/gcc/arm-none-eabi/7.2.1/thumb/v7e-m/fpv4-sp/hard/libgcc.a(pr-support.o)
                              /home/szy/gcc-arm-none-eabi-7-2017-q4-major/bin/../lib/gcc/arm-none-eabi/7.2.1/thumb/v7e-m/fpv4-sp/hard/libgcc.a(unwind-arm.o) (__gnu_unwind_execute)
/home/szy/gcc-arm-none-eabi-7-2017-q4-major/bin/../lib/gcc/arm-none-eabi/7.2.1/thumb/v7e-m/fpv4-sp/hard/libgcc.a(_dvmd_tls.o)
                              /home/szy/gcc-arm-none-eabi-7-2017-q4-major/bin/../lib/gcc/arm-none-eabi/7.2.1/thumb/v7e-m/fpv4-sp/hard/libgcc.a(_aeabi_uldivmod.o) (__aeabi_ldiv0)
[...]
Memory Configuration

Name             Origin             Length             Attributes
CCMRAM           0x0000000010000000 0x0000000000010000 xrw
RAM              0x0000000020000000 0x0000000000020000 xrw
FLASH            0x0000000008000000 0x0000000000100000 xr
*default*        0x0000000000000000 0xffffffffffffffff

Linker script and memory map

LOAD /home/szy/gcc-arm-none-eabi-7-2017-q4-major/bin/../lib/gcc/arm-none-eabi/7.2.1/thumb/v7e-m/fpv4-sp/hard/crti.o
LOAD /home/szy/gcc-arm-none-eabi-7-2017-q4-major/bin/../lib/gcc/arm-none-eabi/7.2.1/thumb/v7e-m/fpv4-sp/hard/crtbegin.o
LOAD /home/szy/gcc-arm-none-eabi-7-2017-q4-major/bin/../lib/gcc/arm-none-eabi/7.2.1/../../../../arm-none-eabi/lib/thumb/v7e-m/fpv4-sp/hard/crt0.o
LOAD CMakeFiles/tw_cart_chassis_clion.elf.dir/Algorithms/PID/pid.cpp.obj
LOAD CMakeFiles/tw_cart_chassis_clion.elf.dir/Applications/communication_task.cpp.obj
LOAD CMakeFiles/tw_cart_chassis_clion.elf.dir/Applications/motor_task.cpp.obj
LOAD CMakeFiles/tw_cart_chassis_clion.elf.dir/Bsp/Communication/communication.cpp.obj
LOAD CMakeFiles/tw_cart_chassis_clion.elf.dir/Bsp/MOTOR_DRIVER/MotorDriver.cpp.obj
LOAD CMakeFiles/tw_cart_chassis_clion.elf.dir/Bsp/MOTOR_DRIVER/MotorM2006.cpp.obj
LOAD CMakeFiles/tw_cart_chassis_clion.elf.dir/Bsp/UART_DBUS/UART_DBUS.cpp.obj
LOAD CMakeFiles/tw_cart_chassis_clion.elf.dir/Bsp/canRxCallback.cpp.obj
LOAD CMakeFiles/tw_cart_chassis_clion.elf.dir/Core/Src/can.c.obj
LOAD CMakeFiles/tw_cart_chassis_clion.elf.dir/Core/Src/dma.c.obj
LOAD CMakeFiles/tw_cart_chassis_clion.elf.dir/Core/Src/freertos.c.obj
LOAD CMakeFiles/tw_cart_chassis_clion.elf.dir/Core/Src/gpio.c.obj
LOAD CMakeFiles/tw_cart_chassis_clion.elf.dir/Core/Src/main.c.obj
LOAD CMakeFiles/tw_cart_chassis_clion.elf.dir/Core/Src/stm32f4xx_hal_msp.c.obj
LOAD CMakeFiles/tw_cart_chassis_clion.elf.dir/Core/Src/stm32f4xx_hal_timebase_tim.c.obj
LOAD CMakeFiles/tw_cart_chassis_clion.elf.dir/Core/Src/stm32f4xx_it.c.obj
LOAD CMakeFiles/tw_cart_chassis_clion.elf.dir/Core/Src/syscalls.c.obj
LOAD CMakeFiles/tw_cart_chassis_clion.elf.dir/Core/Src/sysmem.c.obj
LOAD CMakeFiles/tw_cart_chassis_clion.elf.dir/Core/Src/system_stm32f4xx.c.obj
LOAD CMakeFiles/tw_cart_chassis_clion.elf.dir/Core/Src/usart.c.obj
LOAD CMakeFiles/tw_cart_chassis_clion.elf.dir/Core/Startup/startup_stm32f407ighx.s.obj
LOAD CMakeFiles/tw_cart_chassis_clion.elf.dir/Drivers/STM32F4xx_HAL_Driver/Src/stm32f4xx_hal.c.obj
LOAD CMakeFiles/tw_cart_chassis_clion.elf.dir/Drivers/STM32F4xx_HAL_Driver/Src/stm32f4xx_hal_can.c.obj
LOAD CMakeFiles/tw_cart_chassis_clion.elf.dir/Drivers/STM32F4xx_HAL_Driver/Src/stm32f4xx_hal_cortex.c.obj
LOAD CMakeFiles/tw_cart_chassis_clion.elf.dir/Drivers/STM32F4xx_HAL_Driver/Src/stm32f4xx_hal_dma.c.obj
LOAD CMakeFiles/tw_cart_chassis_clion.elf.dir/Drivers/STM32F4xx_HAL_Driver/Src/stm32f4xx_hal_dma_ex.c.obj
LOAD CMakeFiles/tw_cart_chassis_clion.elf.dir/Drivers/STM32F4xx_HAL_Driver/Src/stm32f4xx_hal_exti.c.obj
LOAD CMakeFiles/tw_cart_chassis_clion.elf.dir/Drivers/STM32F4xx_HAL_Driver/Src/stm32f4xx_hal_flash.c.obj
LOAD CMakeFiles/tw_cart_chassis_clion.elf.dir/Drivers/STM32F4xx_HAL_Driver/Src/stm32f4xx_hal_flash_ex.c.obj
LOAD CMakeFiles/tw_cart_chassis_clion.elf.dir/Drivers/STM32F4xx_HAL_Driver/Src/stm32f4xx_hal_flash_ramfunc.c.obj
LOAD CMakeFiles/tw_cart_chassis_clion.elf.dir/Drivers/STM32F4xx_HAL_Driver/Src/stm32f4xx_hal_gpio.c.obj
LOAD CMakeFiles/tw_cart_chassis_clion.elf.dir/Drivers/STM32F4xx_HAL_Driver/Src/stm32f4xx_hal_pwr.c.obj
LOAD CMakeFiles/tw_cart_chassis_clion.elf.dir/Drivers/STM32F4xx_HAL_Driver/Src/stm32f4xx_hal_pwr_ex.c.obj
LOAD CMakeFiles/tw_cart_chassis_clion.elf.dir/Drivers/STM32F4xx_HAL_Driver/Src/stm32f4xx_hal_rcc.c.obj
LOAD CMakeFiles/tw_cart_chassis_clion.elf.dir/Drivers/STM32F4xx_HAL_Driver/Src/stm32f4xx_hal_rcc_ex.c.obj
LOAD CMakeFiles/tw_cart_chassis_clion.elf.dir/Drivers/STM32F4xx_HAL_Driver/Src/stm32f4xx_hal_tim.c.obj
LOAD CMakeFiles/tw_cart_chassis_clion.elf.dir/Drivers/STM32F4xx_HAL_Driver/Src/stm32f4xx_hal_tim_ex.c.obj
LOAD CMakeFiles/tw_cart_chassis_clion.elf.dir/Drivers/STM32F4xx_HAL_Driver/Src/stm32f4xx_hal_uart.c.obj
LOAD CMakeFiles/tw_cart_chassis_clion.elf.dir/Middlewares/Third_Party/FreeRTOS/Source/CMSIS_RTOS/cmsis_os.c.obj
LOAD CMakeFiles/tw_cart_chassis_clion.elf.dir/Middlewares/Third_Party/FreeRTOS/Source/croutine.c.obj
LOAD CMakeFiles/tw_cart_chassis_clion.elf.dir/Middlewares/Third_Party/FreeRTOS/Source/event_groups.c.obj
LOAD CMakeFiles/tw_cart_chassis_clion.elf.dir/Middlewares/Third_Party/FreeRTOS/Source/list.c.obj
LOAD CMakeFiles/tw_cart_chassis_clion.elf.dir/Middlewares/Third_Party/FreeRTOS/Source/portable/GCC/ARM_CM4F/port.c.obj
LOAD CMakeFiles/tw_cart_chassis_clion.elf.dir/Middlewares/Third_Party/FreeRTOS/Source/portable/MemMang/heap_4.c.obj
LOAD CMakeFiles/tw_cart_chassis_clion.elf.dir/Middlewares/Third_Party/FreeRTOS/Source/queue.c.obj
LOAD CMakeFiles/tw_cart_chassis_clion.elf.dir/Middlewares/Third_Party/FreeRTOS/Source/stream_buffer.c.obj
LOAD CMakeFiles/tw_cart_chassis_clion.elf.dir/Middlewares/Third_Party/FreeRTOS/Source/tasks.c.obj
LOAD CMakeFiles/tw_cart_chassis_clion.elf.dir/Middlewares/Third_Party/FreeRTOS/Source/timers.c.obj
LOAD /home/szy/gcc-arm-none-eabi-7-2017-q4-major/bin/../lib/gcc/arm-none-eabi/7.2.1/../../../../arm-none-eabi/lib/thumb/v7e-m/fpv4-sp/hard/libstdc++.a
LOAD /home/szy/gcc-arm-none-eabi-7-2017-q4-major/bin/../lib/gcc/arm-none-eabi/7.2.1/../../../../arm-none-eabi/lib/thumb/v7e-m/fpv4-sp/hard/libm.a
START GROUP
LOAD /home/szy/gcc-arm-none-eabi-7-2017-q4-major/bin/../lib/gcc/arm-none-eabi/7.2.1/thumb/v7e-m/fpv4-sp/hard/libgcc.a
LOAD /home/szy/gcc-arm-none-eabi-7-2017-q4-major/bin/../lib/gcc/arm-none-eabi/7.2.1/../../../../arm-none-eabi/lib/thumb/v7e-m/fpv4-sp/hard/libg.a
LOAD /home/szy/gcc-arm-none-eabi-7-2017-q4-major/bin/../lib/gcc/arm-none-eabi/7.2.1/../../../../arm-none-eabi/lib/thumb/v7e-m/fpv4-sp/hard/libc.a
END GROUP
LOAD /home/szy/gcc-arm-none-eabi-7-2017-q4-major/bin/../lib/gcc/arm-none-eabi/7.2.1/thumb/v7e-m/fpv4-sp/hard/crtend.o
LOAD /home/szy/gcc-arm-none-eabi-7-2017-q4-major/bin/../lib/gcc/arm-none-eabi/7.2.1/thumb/v7e-m/fpv4-sp/hard/crtn.o
                0x0000000020020000                _estack = (ORIGIN (RAM) + LENGTH (RAM))
                0x0000000000000200                _Min_Heap_Size = 0x200
                0x0000000000000400                _Min_Stack_Size = 0x400

.isr_vector     0x0000000008000000      0x188
                0x0000000008000000                . = ALIGN (0x4)
 *(.isr_vector)
 .isr_vector    0x0000000008000000      0x188 CMakeFiles/tw_cart_chassis_clion.elf.dir/Core/Startup/startup_stm32f407ighx.s.obj
                0x0000000008000000                g_pfnVectors
                0x0000000008000188                . = ALIGN (0x4)

.text           0x00000000080001a0     0x67c4
                0x00000000080001a0                . = ALIGN (0x4)
 *(.text)
 .text          0x00000000080001a0       0x40 /home/szy/gcc-arm-none-eabi-7-2017-q4-major/bin/../lib/gcc/arm-none-eabi/7.2.1/thumb/v7e-m/fpv4-sp/hard/crtbegin.o
 .text          0x00000000080001e0      0x378 /home/szy/gcc-arm-none-eabi-7-2017-q4-major/bin/../lib/gcc/arm-none-eabi/7.2.1/thumb/v7e-m/fpv4-sp/hard/libgcc.a(_arm_addsubdf3.o)
                0x00000000080001e0                __aeabi_drsub
                0x00000000080001e8                __aeabi_dsub
                0x00000000080001e8                __subdf3
                0x00000000080001ec                __adddf3
                0x00000000080001ec                __aeabi_dadd
                0x0000000008000464                __aeabi_ui2d
                0x0000000008000464                __floatunsidf
                0x0000000008000484                __floatsidf
                0x0000000008000484                __aeabi_i2d
                0x00000000080004a8                __extendsfdf2
                0x00000000080004a8                __aeabi_f2d
                0x00000000080004ec                __aeabi_ul2d
                0x00000000080004ec                __floatundidf
                0x00000000080004fc                __floatdidf
                0x00000000080004fc                __aeabi_l2d
 .text          0x0000000008000558      0x424 /home/szy/gcc-arm-none-eabi-7-2017-q4-major/bin/../lib/gcc/arm-none-eabi/7.2.1/thumb/v7e-m/fpv4-sp/hard/libgcc.a(_arm_muldivdf3.o)
                0x0000000008000558                __aeabi_dmul
                0x0000000008000558                __muldf3
                0x00000000080007ac                __aeabi_ddiv
                0x00000000080007ac                __divdf3
 .text          0x000000000800097c      0x110 /home/szy/gcc-arm-none-eabi-7-2017-q4-major/bin/../lib/gcc/arm-none-eabi/7.2.1/thumb/v7e-m/fpv4-sp/hard/libgcc.a(_arm_cmpdf2.o)
                0x000000000800097c                __gtdf2
                0x000000000800097c                __gedf2
                0x0000000008000984                __ltdf2
                0x0000000008000984                __ledf2
                0x000000000800098c                __cmpdf2
                0x000000000800098c                __eqdf2
                0x000000000800098c                __nedf2
                0x0000000008000a08                __aeabi_cdrcmple
                0x0000000008000a18                __aeabi_cdcmple
                0x0000000008000a18                __aeabi_cdcmpeq
                0x0000000008000a28                __aeabi_dcmpeq
                0x0000000008000a3c                __aeabi_dcmplt
                0x0000000008000a50                __aeabi_dcmple
                0x0000000008000a64                __aeabi_dcmpge
                0x0000000008000a78                __aeabi_dcmpgt
 .text          0x0000000008000a8c       0x50 /home/szy/gcc-arm-none-eabi-7-2017-q4-major/bin/../lib/gcc/arm-none-eabi/7.2.1/thumb/v7e-m/fpv4-sp/hard/libgcc.a(_arm_fixdfsi.o)
                0x0000000008000a8c                __fixdfsi
                0x0000000008000a8c                __aeabi_d2iz
 .text          0x0000000008000adc       0xa0 /home/szy/gcc-arm-none-eabi-7-2017-q4-major/bin/../lib/gcc/arm-none-eabi/7.2.1/thumb/v7e-m/fpv4-sp/hard/libgcc.a(_arm_truncdfsf2.o)
                0x0000000008000adc                __aeabi_d2f
                0x0000000008000adc                __truncdfsf2
 .text          0x0000000008000b7c       0x30 /home/szy/gcc-arm-none-eabi-7-2017-q4-major/bin/../lib/gcc/arm-none-eabi/7.2.1/thumb/v7e-m/fpv4-sp/hard/libgcc.a(_aeabi_uldivmod.o)
                0x0000000008000b7c                __aeabi_uldivmod
 .text          0x0000000008000bac      0x2cc /home/szy/gcc-arm-none-eabi-7-2017-q4-major/bin/../lib/gcc/arm-none-eabi/7.2.1/thumb/v7e-m/fpv4-sp/hard/libgcc.a(_udivmoddi4.o)
                0x0000000008000bac                __udivmoddi4
 .text          0x0000000008000e78      0x9ec /home/szy/gcc-arm-none-eabi-7-2017-q4-major/bin/../lib/gcc/arm-none-eabi/7.2.1/thumb/v7e-m/fpv4-sp/hard/libgcc.a(unwind-arm.o)
                0x000000000800112c                _Unwind_GetCFA
                0x0000000008001130                __gnu_Unwind_RaiseException
                0x0000000008001190                __gnu_Unwind_ForcedUnwind
                0x00000000080011a4                __gnu_Unwind_Resume
                0x00000000080011e8                __gnu_Unwind_Resume_or_Rethrow
                0x00000000080011f8                _Unwind_Complete
                0x00000000080011fc                _Unwind_DeleteException
                0x0000000008001208                _Unwind_VRS_Get
                0x000000000800124c                _Unwind_VRS_Set
                0x0000000008001294                __gnu_Unwind_Backtrace
                0x00000000080015d8                __aeabi_unwind_cpp_pr0
                0x00000000080015dc                __aeabi_unwind_cpp_pr1
                0x00000000080015e0                __aeabi_unwind_cpp_pr2
                0x00000000080015e4                _Unwind_VRS_Pop
 .text          0x0000000008001864      0x1ac /home/szy/gcc-arm-none-eabi-7-2017-q4-major/bin/../lib/gcc/arm-none-eabi/7.2.1/thumb/v7e-m/fpv4-sp/hard/libgcc.a(libunwind.o)
                0x0000000008001864                __restore_core_regs
                0x0000000008001864                restore_core_regs
                0x000000000800187c                __gnu_Unwind_Restore_VFP
                0x0000000008001884                __gnu_Unwind_Save_VFP
                0x000000000800188c                __gnu_Unwind_Restore_VFP_D
                0x0000000008001894                __gnu_Unwind_Save_VFP_D
                0x000000000800189c                __gnu_Unwind_Restore_VFP_D_16_to_31
                0x00000000080018a4                __gnu_Unwind_Save_VFP_D_16_to_31
                0x00000000080018ac                __gnu_Unwind_Restore_WMMXD
                0x00000000080018f0                __gnu_Unwind_Save_WMMXD
                0x0000000008001934                __gnu_Unwind_Restore_WMMXC
                0x0000000008001948                __gnu_Unwind_Save_WMMXC
                0x000000000800195c                ___Unwind_RaiseException
                0x000000000800195c                _Unwind_RaiseException
                0x0000000008001980                ___Unwind_Resume
                0x0000000008001980                _Unwind_Resume
                0x00000000080019a4                _Unwind_Resume_or_Rethrow
                0x00000000080019a4                ___Unwind_Resume_or_Rethrow
                0x00000000080019c8                ___Unwind_ForcedUnwind
                0x00000000080019c8                _Unwind_ForcedUnwind
                0x00000000080019ec                _Unwind_Backtrace
                0x00000000080019ec                ___Unwind_Backtrace
 .text          0x0000000008001a10      0x374 /home/szy/gcc-arm-none-eabi-7-2017-q4-major/bin/../lib/gcc/arm-none-eabi/7.2.1/thumb/v7e-m/fpv4-sp/hard/libgcc.a(pr-support.o)
                0x0000000008001a68                __gnu_unwind_execute
                0x0000000008001d2c                __gnu_unwind_frame
                0x0000000008001d54                _Unwind_GetRegionStart
                0x0000000008001d60                _Unwind_GetLanguageSpecificData
                0x0000000008001d74                _Unwind_GetDataRelBase
                0x0000000008001d7c                _Unwind_GetTextRelBase
 .text          0x0000000008001d84        0x4 /home/szy/gcc-arm-none-eabi-7-2017-q4-major/bin/../lib/gcc/arm-none-eabi/7.2.1/thumb/v7e-m/fpv4-sp/hard/libgcc.a(_dvmd_tls.o)
                0x0000000008001d84                __aeabi_ldiv0
                0x0000000008001d84                __aeabi_idiv0
 .text          0x0000000008001d88      0x134 /home/szy/gcc-arm-none-eabi-7-2017-q4-major/bin/../lib/gcc/arm-none-eabi/7.2.1/../../../../arm-none-eabi/lib/thumb/v7e-m/fpv4-sp/hard/libg.a(lib_a-memcpy.o)
                0x0000000008001d88                memcpy
 *fill*         0x0000000008001ebc        0x4 
 .text          0x0000000008001ec0      0x2dc /home/szy/gcc-arm-none-eabi-7-2017-q4-major/bin/../lib/gcc/arm-none-eabi/7.2.1/../../../../arm-none-eabi/lib/thumb/v7e-m/fpv4-sp/hard/libg.a(lib_a-strcmp.o)
                0x0000000008001ec8                strcmp
 *(.text*)
 .text._ZN3PID10PID_OutputEff
                0x000000000800219c       0xe4 CMakeFiles/tw_cart_chassis_clion.elf.dir/Algorithms/PID/pid.cpp.obj
                0x000000000800219c                PID::PID_Output(float, float)
 .text._ZN3PIDC2Effffff
                0x0000000008002280       0x34 CMakeFiles/tw_cart_chassis_clion.elf.dir/Algorithms/PID/pid.cpp.obj
                0x0000000008002280                PID::PID(float, float, float, float, float, float)
                0x0000000008002280                PID::PID(float, float, float, float, float, float)
 .text._Z41__static_initialization_and_destruction_0ii
                0x00000000080022b4       0x24 CMakeFiles/tw_cart_chassis_clion.elf.dir/Applications/communication_task.cpp.obj
 .text.communication_task
                0x00000000080022d8       0x14 CMakeFiles/tw_cart_chassis_clion.elf.dir/Applications/communication_task.cpp.obj
                0x00000000080022d8                communication_task
 .text._GLOBAL__sub_I_chassisComInfo
                0x00000000080022ec        0xe CMakeFiles/tw_cart_chassis_clion.elf.dir/Applications/communication_task.cpp.obj
 *fill*         0x00000000080022fa        0x2 
 .text.motor_task
                0x00000000080022fc       0x34 CMakeFiles/tw_cart_chassis_clion.elf.dir/Applications/motor_task.cpp.obj
                0x00000000080022fc                motor_task
 .text._ZN13Communication17initCommunicationEv
                0x0000000008002330       0x20 CMakeFiles/tw_cart_chassis_clion.elf.dir/Bsp/Communication/communication.cpp.obj
                0x0000000008002330                Communication::initCommunication()
 .text._ZN5M20069initMotorEv
                0x0000000008002350       0x20 CMakeFiles/tw_cart_chassis_clion.elf.dir/Bsp/MOTOR_DRIVER/MotorM2006.cpp.obj
                0x0000000008002350                M2006::initMotor()
 .text._ZN5M200614sendControlCmdEv
                0x0000000008002370       0x48 CMakeFiles/tw_cart_chassis_clion.elf.dir/Bsp/MOTOR_DRIVER/MotorM2006.cpp.obj
                0x0000000008002370                M2006::sendControlCmd()
 .text._Z41__static_initialization_and_destruction_0ii
                0x00000000080023b8       0x80 CMakeFiles/tw_cart_chassis_clion.elf.dir/Bsp/MOTOR_DRIVER/MotorM2006.cpp.obj
 .text._ZN5M200611setExpSpeedEPKi
                0x0000000008002438       0x22 CMakeFiles/tw_cart_chassis_clion.elf.dir/Bsp/MOTOR_DRIVER/MotorM2006.cpp.obj
                0x0000000008002438                M2006::setExpSpeed(int const*)
 .text._ZN5M200618updateFeedBackInfoEhPKh
                0x000000000800245a       0x3c CMakeFiles/tw_cart_chassis_clion.elf.dir/Bsp/MOTOR_DRIVER/MotorM2006.cpp.obj
                0x000000000800245a                M2006::updateFeedBackInfo(unsigned char, unsigned char const*)
 .text._GLOBAL__sub_I_m2006
                0x0000000008002496        0xe CMakeFiles/tw_cart_chassis_clion.elf.dir/Bsp/MOTOR_DRIVER/MotorM2006.cpp.obj
 .text._ZN5M200612calculatePIDEv
                0x00000000080024a4       0x4a CMakeFiles/tw_cart_chassis_clion.elf.dir/Bsp/MOTOR_DRIVER/MotorM2006.cpp.obj
                0x00000000080024a4                M2006::calculatePID()
 .text._ZL10dbus_to_rcP12DR16_rc_infoPh
                0x00000000080024ee      0x12e CMakeFiles/tw_cart_chassis_clion.elf.dir/Bsp/UART_DBUS/UART_DBUS.cpp.obj
 .text._Z22Uart_Receive_Dma_No_ItP20__UART_HandleTypeDefPhS1_m
                0x000000000800261c       0x84 CMakeFiles/tw_cart_chassis_clion.elf.dir/Bsp/UART_DBUS/UART_DBUS.cpp.obj
                0x000000000800261c                Uart_Receive_Dma_No_It(__UART_HandleTypeDef*, unsigned char*, unsigned char*, unsigned long)
 .text.dbus_uart_Init
                0x00000000080026a0       0x3c CMakeFiles/tw_cart_chassis_clion.elf.dir/Bsp/UART_DBUS/UART_DBUS.cpp.obj
                0x00000000080026a0                dbus_uart_Init
 .text._Z13dr16_TO_M2006v
                0x00000000080026dc       0x54 CMakeFiles/tw_cart_chassis_clion.elf.dir/Bsp/UART_DBUS/UART_DBUS.cpp.obj
                0x00000000080026dc                dr16_TO_M2006()
 .text.dr16_uart_rx_data_handle
                0x0000000008002730       0xec CMakeFiles/tw_cart_chassis_clion.elf.dir/Bsp/UART_DBUS/UART_DBUS.cpp.obj
                0x0000000008002730                dr16_uart_rx_data_handle
 .text.HAL_CAN_RxFifo0MsgPendingCallback
                0x000000000800281c       0x74 CMakeFiles/tw_cart_chassis_clion.elf.dir/Bsp/canRxCallback.cpp.obj
                0x000000000800281c                HAL_CAN_RxFifo0MsgPendingCallback
 .text.MX_CAN1_Init
                0x0000000008002890       0x40 CMakeFiles/tw_cart_chassis_clion.elf.dir/Core/Src/can.c.obj
                0x0000000008002890                MX_CAN1_Init
 .text.MX_CAN2_Init
                0x00000000080028d0       0x40 CMakeFiles/tw_cart_chassis_clion.elf.dir/Core/Src/can.c.obj
                0x00000000080028d0                MX_CAN2_Init
 .text.HAL_CAN_MspInit
                0x0000000008002910      0x140 CMakeFiles/tw_cart_chassis_clion.elf.dir/Core/Src/can.c.obj
                0x0000000008002910                HAL_CAN_MspInit
 .text.CAN_Filter_Init
                0x0000000008002a50       0x50 CMakeFiles/tw_cart_chassis_clion.elf.dir/Core/Src/can.c.obj
                0x0000000008002a50                CAN_Filter_Init
 .text.HAL_CAN_Transmit
                0x0000000008002aa0       0x26 CMakeFiles/tw_cart_chassis_clion.elf.dir/Core/Src/can.c.obj
                0x0000000008002aa0                HAL_CAN_Transmit
 *fill*         0x0000000008002ac6        0x2 
 .text.MX_DMA_Init
                0x0000000008002ac8       0x34 CMakeFiles/tw_cart_chassis_clion.elf.dir/Core/Src/dma.c.obj
                0x0000000008002ac8                MX_DMA_Init
 .text.StartDefaultTask
                0x0000000008002afc        0x2 CMakeFiles/tw_cart_chassis_clion.elf.dir/Core/Src/freertos.c.obj
                0x0000000008002afc                StartDefaultTask
 *fill*         0x0000000008002afe        0x2 
 .text.vApplicationGetIdleTaskMemory
                0x0000000008002b00       0x18 CMakeFiles/tw_cart_chassis_clion.elf.dir/Core/Src/freertos.c.obj
                0x0000000008002b00                vApplicationGetIdleTaskMemory
 .text.MX_FREERTOS_Init
                0x0000000008002b18       0x64 CMakeFiles/tw_cart_chassis_clion.elf.dir/Core/Src/freertos.c.obj
                0x0000000008002b18                MX_FREERTOS_Init
 .text.MX_GPIO_Init
                0x0000000008002b7c       0xa8 CMakeFiles/tw_cart_chassis_clion.elf.dir/Core/Src/gpio.c.obj
                0x0000000008002b7c                MX_GPIO_Init
 .text.HAL_TIM_PeriodElapsedCallback
                0x0000000008002c24       0x18 CMakeFiles/tw_cart_chassis_clion.elf.dir/Core/Src/main.c.obj
                0x0000000008002c24                HAL_TIM_PeriodElapsedCallback
 .text.Error_Handler
                0x0000000008002c3c        0x4 CMakeFiles/tw_cart_chassis_clion.elf.dir/Core/Src/main.c.obj
                0x0000000008002c3c                Error_Handler
 .text.SystemClock_Config
                0x0000000008002c40       0xa8 CMakeFiles/tw_cart_chassis_clion.elf.dir/Core/Src/main.c.obj
                0x0000000008002c40                SystemClock_Config
 .text.main     0x0000000008002ce8       0x30 CMakeFiles/tw_cart_chassis_clion.elf.dir/Core/Src/main.c.obj
                0x0000000008002ce8                main
 .text.HAL_MspInit
                0x0000000008002d18       0x44 CMakeFiles/tw_cart_chassis_clion.elf.dir/Core/Src/stm32f4xx_hal_msp.c.obj
                0x0000000008002d18                HAL_MspInit
 .text.HAL_InitTick
                0x0000000008002d5c       0x7c CMakeFiles/tw_cart_chassis_clion.elf.dir/Core/Src/stm32f4xx_hal_timebase_tim.c.obj
                0x0000000008002d5c                HAL_InitTick
 .text.NMI_Handler
                0x0000000008002dd8        0x2 CMakeFiles/tw_cart_chassis_clion.elf.dir/Core/Src/stm32f4xx_it.c.obj
                0x0000000008002dd8                NMI_Handler
 .text.HardFault_Handler
                0x0000000008002dda        0x2 CMakeFiles/tw_cart_chassis_clion.elf.dir/Core/Src/stm32f4xx_it.c.obj
                0x0000000008002dda                HardFault_Handler
 .text.MemManage_Handler
                0x0000000008002ddc        0x2 CMakeFiles/tw_cart_chassis_clion.elf.dir/Core/Src/stm32f4xx_it.c.obj
                0x0000000008002ddc                MemManage_Handler
 .text.BusFault_Handler
                0x0000000008002dde        0x2 CMakeFiles/tw_cart_chassis_clion.elf.dir/Core/Src/stm32f4xx_it.c.obj
                0x0000000008002dde                BusFault_Handler
 .text.UsageFault_Handler
                0x0000000008002de0        0x2 CMakeFiles/tw_cart_chassis_clion.elf.dir/Core/Src/stm32f4xx_it.c.obj
                0x0000000008002de0                UsageFault_Handler
 .text.DebugMon_Handler
                0x0000000008002de2        0x2 CMakeFiles/tw_cart_chassis_clion.elf.dir/Core/Src/stm32f4xx_it.c.obj
                0x0000000008002de2                DebugMon_Handler
 .text.DMA1_Stream1_IRQHandler
                0x0000000008002de4       0x10 CMakeFiles/tw_cart_chassis_clion.elf.dir/Core/Src/stm32f4xx_it.c.obj
                0x0000000008002de4                DMA1_Stream1_IRQHandler
 .text.CAN1_TX_IRQHandler
                0x0000000008002df4       0x10 CMakeFiles/tw_cart_chassis_clion.elf.dir/Core/Src/stm32f4xx_it.c.obj
                0x0000000008002df4                CAN1_TX_IRQHandler
 .text.CAN1_RX0_IRQHandler
                0x0000000008002e04       0x10 CMakeFiles/tw_cart_chassis_clion.elf.dir/Core/Src/stm32f4xx_it.c.obj
                0x0000000008002e04                CAN1_RX0_IRQHandler
 .text.TIM1_BRK_TIM9_IRQHandler
                0x0000000008002e14       0x10 CMakeFiles/tw_cart_chassis_clion.elf.dir/Core/Src/stm32f4xx_it.c.obj
                0x0000000008002e14                TIM1_BRK_TIM9_IRQHandler
 .text.USART3_IRQHandler
                0x0000000008002e24       0x14 CMakeFiles/tw_cart_chassis_clion.elf.dir/Core/Src/stm32f4xx_it.c.obj
                0x0000000008002e24                USART3_IRQHandler
 .text.CAN2_TX_IRQHandler
                0x0000000008002e38       0x10 CMakeFiles/tw_cart_chassis_clion.elf.dir/Core/Src/stm32f4xx_it.c.obj
                0x0000000008002e38                CAN2_TX_IRQHandler
 .text.CAN2_RX0_IRQHandler
                0x0000000008002e48       0x10 CMakeFiles/tw_cart_chassis_clion.elf.dir/Core/Src/stm32f4xx_it.c.obj
                0x0000000008002e48                CAN2_RX0_IRQHandler
 .text._getpid  0x0000000008002e58        0x4 CMakeFiles/tw_cart_chassis_clion.elf.dir/Core/Src/syscalls.c.obj
                0x0000000008002e58                _getpid
 .text._kill    0x0000000008002e5c       0x10 CMakeFiles/tw_cart_chassis_clion.elf.dir/Core/Src/syscalls.c.obj
                0x0000000008002e5c                _kill
 .text._exit    0x0000000008002e6c        0xc CMakeFiles/tw_cart_chassis_clion.elf.dir/Core/Src/syscalls.c.obj
                0x0000000008002e6c                _exit
 .text._sbrk    0x0000000008002e78       0x48 CMakeFiles/tw_cart_chassis_clion.elf.dir/Core/Src/sysmem.c.obj
                0x0000000008002e78                _sbrk
 .text.SystemInit
                0x0000000008002ec0       0x14 CMakeFiles/tw_cart_chassis_clion.elf.dir/Core/Src/system_stm32f4xx.c.obj
                0x0000000008002ec0                SystemInit
 .text.MX_USART1_UART_Init
                0x0000000008002ed4       0x34 CMakeFiles/tw_cart_chassis_clion.elf.dir/Core/Src/usart.c.obj
                0x0000000008002ed4                MX_USART1_UART_Init
 .text.MX_USART3_UART_Init
                0x0000000008002f08       0x3c CMakeFiles/tw_cart_chassis_clion.elf.dir/Core/Src/usart.c.obj
                0x0000000008002f08                MX_USART3_UART_Init
 .text.HAL_UART_MspInit
                0x0000000008002f44      0x148 CMakeFiles/tw_cart_chassis_clion.elf.dir/Core/Src/usart.c.obj
                0x0000000008002f44                HAL_UART_MspInit
 .text.Reset_Handler
                0x000000000800308c       0x50 CMakeFiles/tw_cart_chassis_clion.elf.dir/Core/Startup/startup_stm32f407ighx.s.obj
                0x000000000800308c                Reset_Handler
 .text.Default_Handler
                0x00000000080030dc        0x2 CMakeFiles/tw_cart_chassis_clion.elf.dir/Core/Startup/startup_stm32f407ighx.s.obj
                0x00000000080030dc                RTC_Alarm_IRQHandler
                0x00000000080030dc                HASH_RNG_IRQHandler
                0x00000000080030dc                EXTI2_IRQHandler
                0x00000000080030dc                TIM8_CC_IRQHandler
                0x00000000080030dc                TIM1_CC_IRQHandler
                0x00000000080030dc                DMA2_Stream5_IRQHandler
                0x00000000080030dc                DMA1_Stream5_IRQHandler
                0x00000000080030dc                PVD_IRQHandler
                0x00000000080030dc                SDIO_IRQHandler
                0x00000000080030dc                TAMP_STAMP_IRQHandler
                0x00000000080030dc                CAN2_RX1_IRQHandler
                0x00000000080030dc                EXTI3_IRQHandler
                0x00000000080030dc                TIM8_TRG_COM_TIM14_IRQHandler
                0x00000000080030dc                TIM1_UP_TIM10_IRQHandler
                0x00000000080030dc                TIM8_UP_TIM13_IRQHandler
                0x00000000080030dc                I2C3_ER_IRQHandler
                0x00000000080030dc                EXTI0_IRQHandler
                0x00000000080030dc                I2C2_EV_IRQHandler
                0x00000000080030dc                DMA1_Stream2_IRQHandler
                0x00000000080030dc                FPU_IRQHandler
                0x00000000080030dc                OTG_HS_WKUP_IRQHandler
                0x00000000080030dc                CAN2_SCE_IRQHandler
                0x00000000080030dc                DMA2_Stream2_IRQHandler
                0x00000000080030dc                SPI1_IRQHandler
                0x00000000080030dc                TIM6_DAC_IRQHandler
                0x00000000080030dc                DCMI_IRQHandler
                0x00000000080030dc                DMA2_Stream3_IRQHandler
                0x00000000080030dc                USART6_IRQHandler
                0x00000000080030dc                CAN1_RX1_IRQHandler
                0x00000000080030dc                UART5_IRQHandler
                0x00000000080030dc                DMA2_Stream0_IRQHandler
                0x00000000080030dc                TIM4_IRQHandler
                0x00000000080030dc                I2C1_EV_IRQHandler
                0x00000000080030dc                DMA1_Stream6_IRQHandler
                0x00000000080030dc                UART4_IRQHandler
                0x00000000080030dc                TIM3_IRQHandler
                0x00000000080030dc                RCC_IRQHandler
                0x00000000080030dc                TIM8_BRK_TIM12_IRQHandler
                0x00000000080030dc                Default_Handler
                0x00000000080030dc                EXTI15_10_IRQHandler
                0x00000000080030dc                ADC_IRQHandler
                0x00000000080030dc                DMA1_Stream7_IRQHandler
                0x00000000080030dc                TIM7_IRQHandler
                0x00000000080030dc                TIM5_IRQHandler
                0x00000000080030dc                DMA2_Stream7_IRQHandler
                0x00000000080030dc                I2C3_EV_IRQHandler
                0x00000000080030dc                EXTI9_5_IRQHandler
                0x00000000080030dc                RTC_WKUP_IRQHandler
                0x00000000080030dc                ETH_WKUP_IRQHandler
                0x00000000080030dc                SPI2_IRQHandler
                0x00000000080030dc                OTG_HS_EP1_IN_IRQHandler
                0x00000000080030dc                DMA1_Stream0_IRQHandler
                0x00000000080030dc                EXTI4_IRQHandler
                0x00000000080030dc                FSMC_IRQHandler
                0x00000000080030dc                ETH_IRQHandler
                0x00000000080030dc                OTG_HS_EP1_OUT_IRQHandler
                0x00000000080030dc                WWDG_IRQHandler
                0x00000000080030dc                TIM2_IRQHandler
                0x00000000080030dc                OTG_FS_WKUP_IRQHandler
                0x00000000080030dc                TIM1_TRG_COM_TIM11_IRQHandler
                0x00000000080030dc                OTG_HS_IRQHandler
                0x00000000080030dc                EXTI1_IRQHandler
                0x00000000080030dc                USART2_IRQHandler
                0x00000000080030dc                I2C2_ER_IRQHandler
                0x00000000080030dc                DMA2_Stream1_IRQHandler
                0x00000000080030dc                CAN1_SCE_IRQHandler
                0x00000000080030dc                FLASH_IRQHandler
                0x00000000080030dc                DMA2_Stream4_IRQHandler
                0x00000000080030dc                USART1_IRQHandler
                0x00000000080030dc                OTG_FS_IRQHandler
                0x00000000080030dc                SPI3_IRQHandler
                0x00000000080030dc                DMA1_Stream4_IRQHandler
                0x00000000080030dc                I2C1_ER_IRQHandler
                0x00000000080030dc                DMA2_Stream6_IRQHandler
                0x00000000080030dc                DMA1_Stream3_IRQHandler
 *fill*         0x00000000080030de        0x2 
 .text.HAL_Init
                0x00000000080030e0       0x34 CMakeFiles/tw_cart_chassis_clion.elf.dir/Drivers/STM32F4xx_HAL_Driver/Src/stm32f4xx_hal.c.obj
                0x00000000080030e0                HAL_Init
 .text.HAL_IncTick
                0x0000000008003114       0x18 CMakeFiles/tw_cart_chassis_clion.elf.dir/Drivers/STM32F4xx_HAL_Driver/Src/stm32f4xx_hal.c.obj
                0x0000000008003114                HAL_IncTick
 .text.HAL_GetTick
                0x000000000800312c        0xc CMakeFiles/tw_cart_chassis_clion.elf.dir/Drivers/STM32F4xx_HAL_Driver/Src/stm32f4xx_hal.c.obj
                0x000000000800312c                HAL_GetTick
 .text.HAL_CAN_Init
                0x0000000008003138      0x14c CMakeFiles/tw_cart_chassis_clion.elf.dir/Drivers/STM32F4xx_HAL_Driver/Src/stm32f4xx_hal_can.c.obj
                0x0000000008003138                HAL_CAN_Init
 .text.HAL_CAN_ConfigFilter
                0x0000000008003284      0x12c CMakeFiles/tw_cart_chassis_clion.elf.dir/Drivers/STM32F4xx_HAL_Driver/Src/stm32f4xx_hal_can.c.obj
                0x0000000008003284                HAL_CAN_ConfigFilter
 .text.HAL_CAN_Start
                0x00000000080033b0       0x5c CMakeFiles/tw_cart_chassis_clion.elf.dir/Drivers/STM32F4xx_HAL_Driver/Src/stm32f4xx_hal_can.c.obj
                0x00000000080033b0                HAL_CAN_Start
 .text.HAL_CAN_AddTxMessage
                0x000000000800340c       0xea CMakeFiles/tw_cart_chassis_clion.elf.dir/Drivers/STM32F4xx_HAL_Driver/Src/stm32f4xx_hal_can.c.obj
                0x000000000800340c                HAL_CAN_AddTxMessage
 .text.HAL_CAN_GetRxMessage
                0x00000000080034f6      0x134 CMakeFiles/tw_cart_chassis_clion.elf.dir/Drivers/STM32F4xx_HAL_Driver/Src/stm32f4xx_hal_can.c.obj
                0x00000000080034f6                HAL_CAN_GetRxMessage
 .text.HAL_CAN_ActivateNotification
                0x000000000800362a       0x24 CMakeFiles/tw_cart_chassis_clion.elf.dir/Drivers/STM32F4xx_HAL_Driver/Src/stm32f4xx_hal_can.c.obj
                0x000000000800362a                HAL_CAN_ActivateNotification
 .text.HAL_CAN_TxMailbox0CompleteCallback
                0x000000000800364e        0x2 CMakeFiles/tw_cart_chassis_clion.elf.dir/Drivers/STM32F4xx_HAL_Driver/Src/stm32f4xx_hal_can.c.obj
                0x000000000800364e                HAL_CAN_TxMailbox0CompleteCallback
 .text.HAL_CAN_TxMailbox1CompleteCallback
                0x0000000008003650        0x2 CMakeFiles/tw_cart_chassis_clion.elf.dir/Drivers/STM32F4xx_HAL_Driver/Src/stm32f4xx_hal_can.c.obj
                0x0000000008003650                HAL_CAN_TxMailbox1CompleteCallback
 .text.HAL_CAN_TxMailbox2CompleteCallback
                0x0000000008003652        0x2 CMakeFiles/tw_cart_chassis_clion.elf.dir/Drivers/STM32F4xx_HAL_Driver/Src/stm32f4xx_hal_can.c.obj
                0x0000000008003652                HAL_CAN_TxMailbox2CompleteCallback
 .text.HAL_CAN_TxMailbox0AbortCallback
                0x0000000008003654        0x2 CMakeFiles/tw_cart_chassis_clion.elf.dir/Drivers/STM32F4xx_HAL_Driver/Src/stm32f4xx_hal_can.c.obj
                0x0000000008003654                HAL_CAN_TxMailbox0AbortCallback
 .text.HAL_CAN_TxMailbox1AbortCallback
                0x0000000008003656        0x2 CMakeFiles/tw_cart_chassis_clion.elf.dir/Drivers/STM32F4xx_HAL_Driver/Src/stm32f4xx_hal_can.c.obj
                0x0000000008003656                HAL_CAN_TxMailbox1AbortCallback
 .text.HAL_CAN_TxMailbox2AbortCallback
                0x0000000008003658        0x2 CMakeFiles/tw_cart_chassis_clion.elf.dir/Drivers/STM32F4xx_HAL_Driver/Src/stm32f4xx_hal_can.c.obj
                0x0000000008003658                HAL_CAN_TxMailbox2AbortCallback
 .text.HAL_CAN_RxFifo0FullCallback
                0x000000000800365a        0x2 CMakeFiles/tw_cart_chassis_clion.elf.dir/Drivers/STM32F4xx_HAL_Driver/Src/stm32f4xx_hal_can.c.obj
                0x000000000800365a                HAL_CAN_RxFifo0FullCallback
 .text.HAL_CAN_RxFifo1MsgPendingCallback
                0x000000000800365c        0x2 CMakeFiles/tw_cart_chassis_clion.elf.dir/Drivers/STM32F4xx_HAL_Driver/Src/stm32f4xx_hal_can.c.obj
                0x000000000800365c                HAL_CAN_RxFifo1MsgPendingCallback
 .text.HAL_CAN_RxFifo1FullCallback
                0x000000000800365e        0x2 CMakeFiles/tw_cart_chassis_clion.elf.dir/Drivers/STM32F4xx_HAL_Driver/Src/stm32f4xx_hal_can.c.obj
                0x000000000800365e                HAL_CAN_RxFifo1FullCallback
 .text.HAL_CAN_SleepCallback
                0x0000000008003660        0x2 CMakeFiles/tw_cart_chassis_clion.elf.dir/Drivers/STM32F4xx_HAL_Driver/Src/stm32f4xx_hal_can.c.obj
                0x0000000008003660                HAL_CAN_SleepCallback
 .text.HAL_CAN_WakeUpFromRxMsgCallback
                0x0000000008003662        0x2 CMakeFiles/tw_cart_chassis_clion.elf.dir/Drivers/STM32F4xx_HAL_Driver/Src/stm32f4xx_hal_can.c.obj
                0x0000000008003662                HAL_CAN_WakeUpFromRxMsgCallback
 .text.HAL_CAN_ErrorCallback
                0x0000000008003664        0x2 CMakeFiles/tw_cart_chassis_clion.elf.dir/Drivers/STM32F4xx_HAL_Driver/Src/stm32f4xx_hal_can.c.obj
                0x0000000008003664                HAL_CAN_ErrorCallback
 .text.HAL_CAN_IRQHandler
                0x0000000008003666      0x258 CMakeFiles/tw_cart_chassis_clion.elf.dir/Drivers/STM32F4xx_HAL_Driver/Src/stm32f4xx_hal_can.c.obj
                0x0000000008003666                HAL_CAN_IRQHandler
 *fill*         0x00000000080038be        0x2 
 .text.HAL_NVIC_SetPriorityGrouping
                0x00000000080038c0       0x24 CMakeFiles/tw_cart_chassis_clion.elf.dir/Drivers/STM32F4xx_HAL_Driver/Src/stm32f4xx_hal_cortex.c.obj
                0x00000000080038c0                HAL_NVIC_SetPriorityGrouping
 .text.HAL_NVIC_SetPriority
                0x00000000080038e4       0x68 CMakeFiles/tw_cart_chassis_clion.elf.dir/Drivers/STM32F4xx_HAL_Driver/Src/stm32f4xx_hal_cortex.c.obj
                0x00000000080038e4                HAL_NVIC_SetPriority
 .text.HAL_NVIC_EnableIRQ
                0x000000000800394c       0x1c CMakeFiles/tw_cart_chassis_clion.elf.dir/Drivers/STM32F4xx_HAL_Driver/Src/stm32f4xx_hal_cortex.c.obj
                0x000000000800394c                HAL_NVIC_EnableIRQ
 .text.DMA_CalcBaseAndBitshift
                0x0000000008003968       0x3c CMakeFiles/tw_cart_chassis_clion.elf.dir/Drivers/STM32F4xx_HAL_Driver/Src/stm32f4xx_hal_dma.c.obj
 .text.DMA_CheckFifoParam
                0x00000000080039a4       0x8e CMakeFiles/tw_cart_chassis_clion.elf.dir/Drivers/STM32F4xx_HAL_Driver/Src/stm32f4xx_hal_dma.c.obj
 *fill*         0x0000000008003a32        0x2 
 .text.HAL_DMA_Init
                0x0000000008003a34       0xcc CMakeFiles/tw_cart_chassis_clion.elf.dir/Drivers/STM32F4xx_HAL_Driver/Src/stm32f4xx_hal_dma.c.obj
                0x0000000008003a34                HAL_DMA_Init
 .text.HAL_DMA_Abort
                0x0000000008003b00       0x94 CMakeFiles/tw_cart_chassis_clion.elf.dir/Drivers/STM32F4xx_HAL_Driver/Src/stm32f4xx_hal_dma.c.obj
                0x0000000008003b00                HAL_DMA_Abort
 .text.HAL_DMA_Abort_IT
                0x0000000008003b94       0x26 CMakeFiles/tw_cart_chassis_clion.elf.dir/Drivers/STM32F4xx_HAL_Driver/Src/stm32f4xx_hal_dma.c.obj
                0x0000000008003b94                HAL_DMA_Abort_IT
 *fill*         0x0000000008003bba        0x2 
 .text.HAL_DMA_IRQHandler
                0x0000000008003bbc      0x1dc CMakeFiles/tw_cart_chassis_clion.elf.dir/Drivers/STM32F4xx_HAL_Driver/Src/stm32f4xx_hal_dma.c.obj
                0x0000000008003bbc                HAL_DMA_IRQHandler
 .text.HAL_GPIO_Init
                0x0000000008003d98      0x1d4 CMakeFiles/tw_cart_chassis_clion.elf.dir/Drivers/STM32F4xx_HAL_Driver/Src/stm32f4xx_hal_gpio.c.obj
                0x0000000008003d98                HAL_GPIO_Init
 .text.HAL_GPIO_WritePin
                0x0000000008003f6c        0xc CMakeFiles/tw_cart_chassis_clion.elf.dir/Drivers/STM32F4xx_HAL_Driver/Src/stm32f4xx_hal_gpio.c.obj
                0x0000000008003f6c                HAL_GPIO_WritePin
 .text.HAL_RCC_OscConfig
                0x0000000008003f78      0x3f8 CMakeFiles/tw_cart_chassis_clion.elf.dir/Drivers/STM32F4xx_HAL_Driver/Src/stm32f4xx_hal_rcc.c.obj
                0x0000000008003f78                HAL_RCC_OscConfig
 .text.HAL_RCC_GetSysClockFreq
                0x0000000008004370       0xa8 CMakeFiles/tw_cart_chassis_clion.elf.dir/Drivers/STM32F4xx_HAL_Driver/Src/stm32f4xx_hal_rcc.c.obj
                0x0000000008004370                HAL_RCC_GetSysClockFreq
 .text.HAL_RCC_ClockConfig
                0x0000000008004418      0x160 CMakeFiles/tw_cart_chassis_clion.elf.dir/Drivers/STM32F4xx_HAL_Driver/Src/stm32f4xx_hal_rcc.c.obj
                0x0000000008004418                HAL_RCC_ClockConfig
 .text.HAL_RCC_GetHCLKFreq
                0x0000000008004578        0xc CMakeFiles/tw_cart_chassis_clion.elf.dir/Drivers/STM32F4xx_HAL_Driver/Src/stm32f4xx_hal_rcc.c.obj
                0x0000000008004578                HAL_RCC_GetHCLKFreq
 .text.HAL_RCC_GetPCLK1Freq
                0x0000000008004584       0x20 CMakeFiles/tw_cart_chassis_clion.elf.dir/Drivers/STM32F4xx_HAL_Driver/Src/stm32f4xx_hal_rcc.c.obj
                0x0000000008004584                HAL_RCC_GetPCLK1Freq
 .text.HAL_RCC_GetPCLK2Freq
                0x00000000080045a4       0x20 CMakeFiles/tw_cart_chassis_clion.elf.dir/Drivers/STM32F4xx_HAL_Driver/Src/stm32f4xx_hal_rcc.c.obj
                0x00000000080045a4                HAL_RCC_GetPCLK2Freq
 .text.HAL_RCC_GetClockConfig
                0x00000000080045c4       0x3c CMakeFiles/tw_cart_chassis_clion.elf.dir/Drivers/STM32F4xx_HAL_Driver/Src/stm32f4xx_hal_rcc.c.obj
                0x00000000080045c4                HAL_RCC_GetClockConfig
 .text.HAL_TIM_Base_MspInit
                0x0000000008004600        0x2 CMakeFiles/tw_cart_chassis_clion.elf.dir/Drivers/STM32F4xx_HAL_Driver/Src/stm32f4xx_hal_tim.c.obj
                0x0000000008004600                HAL_TIM_Base_MspInit
 *fill*         0x0000000008004602        0x2 
 .text.HAL_TIM_Base_Start_IT
                0x0000000008004604       0x88 CMakeFiles/tw_cart_chassis_clion.elf.dir/Drivers/STM32F4xx_HAL_Driver/Src/stm32f4xx_hal_tim.c.obj
                0x0000000008004604                HAL_TIM_Base_Start_IT
 .text.HAL_TIM_OC_DelayElapsedCallback
                0x000000000800468c        0x2 CMakeFiles/tw_cart_chassis_clion.elf.dir/Drivers/STM32F4xx_HAL_Driver/Src/stm32f4xx_hal_tim.c.obj
                0x000000000800468c                HAL_TIM_OC_DelayElapsedCallback
 .text.HAL_TIM_IC_CaptureCallback
                0x000000000800468e        0x2 CMakeFiles/tw_cart_chassis_clion.elf.dir/Drivers/STM32F4xx_HAL_Driver/Src/stm32f4xx_hal_tim.c.obj
                0x000000000800468e                HAL_TIM_IC_CaptureCallback
 .text.HAL_TIM_PWM_PulseFinishedCallback
                0x0000000008004690        0x2 CMakeFiles/tw_cart_chassis_clion.elf.dir/Drivers/STM32F4xx_HAL_Driver/Src/stm32f4xx_hal_tim.c.obj
                0x0000000008004690                HAL_TIM_PWM_PulseFinishedCallback
 .text.HAL_TIM_TriggerCallback
                0x0000000008004692        0x2 CMakeFiles/tw_cart_chassis_clion.elf.dir/Drivers/STM32F4xx_HAL_Driver/Src/stm32f4xx_hal_tim.c.obj
                0x0000000008004692                HAL_TIM_TriggerCallback
 .text.HAL_TIM_IRQHandler
                0x0000000008004694      0x17a CMakeFiles/tw_cart_chassis_clion.elf.dir/Drivers/STM32F4xx_HAL_Driver/Src/stm32f4xx_hal_tim.c.obj
                0x0000000008004694                HAL_TIM_IRQHandler
 *fill*         0x000000000800480e        0x2 
 .text.TIM_Base_SetConfig
                0x0000000008004810       0xc8 CMakeFiles/tw_cart_chassis_clion.elf.dir/Drivers/STM32F4xx_HAL_Driver/Src/stm32f4xx_hal_tim.c.obj
                0x0000000008004810                TIM_Base_SetConfig
 .text.HAL_TIM_Base_Init
                0x00000000080048d8       0x56 CMakeFiles/tw_cart_chassis_clion.elf.dir/Drivers/STM32F4xx_HAL_Driver/Src/stm32f4xx_hal_tim.c.obj
                0x00000000080048d8                HAL_TIM_Base_Init
 .text.HAL_TIMEx_CommutCallback
                0x000000000800492e        0x2 CMakeFiles/tw_cart_chassis_clion.elf.dir/Drivers/STM32F4xx_HAL_Driver/Src/stm32f4xx_hal_tim_ex.c.obj
                0x000000000800492e                HAL_TIMEx_CommutCallback
 .text.HAL_TIMEx_BreakCallback
                0x0000000008004930        0x2 CMakeFiles/tw_cart_chassis_clion.elf.dir/Drivers/STM32F4xx_HAL_Driver/Src/stm32f4xx_hal_tim_ex.c.obj
                0x0000000008004930                HAL_TIMEx_BreakCallback
 .text.UART_EndRxTransfer
                0x0000000008004932       0x32 CMakeFiles/tw_cart_chassis_clion.elf.dir/Drivers/STM32F4xx_HAL_Driver/Src/stm32f4xx_hal_uart.c.obj
 .text.UART_Transmit_IT
                0x0000000008004964       0x62 CMakeFiles/tw_cart_chassis_clion.elf.dir/Drivers/STM32F4xx_HAL_Driver/Src/stm32f4xx_hal_uart.c.obj
 *fill*         0x00000000080049c6        0x2 
 .text.UART_SetConfig
                0x00000000080049c8      0x134 CMakeFiles/tw_cart_chassis_clion.elf.dir/Drivers/STM32F4xx_HAL_Driver/Src/stm32f4xx_hal_uart.c.obj
 .text.HAL_UART_Init
                0x0000000008004afc       0x5e CMakeFiles/tw_cart_chassis_clion.elf.dir/Drivers/STM32F4xx_HAL_Driver/Src/stm32f4xx_hal_uart.c.obj
                0x0000000008004afc                HAL_UART_Init
 .text.HAL_UART_TxCpltCallback
                0x0000000008004b5a        0x2 CMakeFiles/tw_cart_chassis_clion.elf.dir/Drivers/STM32F4xx_HAL_Driver/Src/stm32f4xx_hal_uart.c.obj
                0x0000000008004b5a                HAL_UART_TxCpltCallback
 .text.UART_EndTransmit_IT
                0x0000000008004b5c       0x1a CMakeFiles/tw_cart_chassis_clion.elf.dir/Drivers/STM32F4xx_HAL_Driver/Src/stm32f4xx_hal_uart.c.obj
 .text.HAL_UART_RxCpltCallback
                0x0000000008004b76        0x2 CMakeFiles/tw_cart_chassis_clion.elf.dir/Drivers/STM32F4xx_HAL_Driver/Src/stm32f4xx_hal_uart.c.obj
                0x0000000008004b76                HAL_UART_RxCpltCallback
 .text.HAL_UART_ErrorCallback
                0x0000000008004b78        0x2 CMakeFiles/tw_cart_chassis_clion.elf.dir/Drivers/STM32F4xx_HAL_Driver/Src/stm32f4xx_hal_uart.c.obj
                0x0000000008004b78                HAL_UART_ErrorCallback
 .text.UART_DMAAbortOnError
                0x0000000008004b7a       0x10 CMakeFiles/tw_cart_chassis_clion.elf.dir/Drivers/STM32F4xx_HAL_Driver/Src/stm32f4xx_hal_uart.c.obj
 .text.HAL_UARTEx_RxEventCallback
                0x0000000008004b8a        0x2 CMakeFiles/tw_cart_chassis_clion.elf.dir/Drivers/STM32F4xx_HAL_Driver/Src/stm32f4xx_hal_uart.c.obj
                0x0000000008004b8a                HAL_UARTEx_RxEventCallback
 .text.UART_Receive_IT
                0x0000000008004b8c       0xb4 CMakeFiles/tw_cart_chassis_clion.elf.dir/Drivers/STM32F4xx_HAL_Driver/Src/stm32f4xx_hal_uart.c.obj
 .text.HAL_UART_IRQHandler
                0x0000000008004c40      0x1f8 CMakeFiles/tw_cart_chassis_clion.elf.dir/Drivers/STM32F4xx_HAL_Driver/Src/stm32f4xx_hal_uart.c.obj
                0x0000000008004c40                HAL_UART_IRQHandler
 .text.makeFreeRtosPriority
                0x0000000008004e38        0xc CMakeFiles/tw_cart_chassis_clion.elf.dir/Middlewares/Third_Party/FreeRTOS/Source/CMSIS_RTOS/cmsis_os.c.obj
 .text.osKernelStart
                0x0000000008004e44        0xa CMakeFiles/tw_cart_chassis_clion.elf.dir/Middlewares/Third_Party/FreeRTOS/Source/CMSIS_RTOS/cmsis_os.c.obj
                0x0000000008004e44                osKernelStart
 .text.osThreadCreate
                0x0000000008004e4e       0x6c CMakeFiles/tw_cart_chassis_clion.elf.dir/Middlewares/Third_Party/FreeRTOS/Source/CMSIS_RTOS/cmsis_os.c.obj
                0x0000000008004e4e                osThreadCreate
 .text.osDelay  0x0000000008004eba       0x12 CMakeFiles/tw_cart_chassis_clion.elf.dir/Middlewares/Third_Party/FreeRTOS/Source/CMSIS_RTOS/cmsis_os.c.obj
                0x0000000008004eba                osDelay
 .text.vListInitialise
                0x0000000008004ecc       0x16 CMakeFiles/tw_cart_chassis_clion.elf.dir/Middlewares/Third_Party/FreeRTOS/Source/list.c.obj
                0x0000000008004ecc                vListInitialise
 .text.vListInitialiseItem
                0x0000000008004ee2        0x6 CMakeFiles/tw_cart_chassis_clion.elf.dir/Middlewares/Third_Party/FreeRTOS/Source/list.c.obj
                0x0000000008004ee2                vListInitialiseItem
 .text.vListInsertEnd
                0x0000000008004ee8       0x18 CMakeFiles/tw_cart_chassis_clion.elf.dir/Middlewares/Third_Party/FreeRTOS/Source/list.c.obj
                0x0000000008004ee8                vListInsertEnd
 .text.vListInsert
                0x0000000008004f00       0x34 CMakeFiles/tw_cart_chassis_clion.elf.dir/Middlewares/Third_Party/FreeRTOS/Source/list.c.obj
                0x0000000008004f00                vListInsert
 .text.uxListRemove
                0x0000000008004f34       0x28 CMakeFiles/tw_cart_chassis_clion.elf.dir/Middlewares/Third_Party/FreeRTOS/Source/list.c.obj
                0x0000000008004f34                uxListRemove
 .text.prvTaskExitError
                0x0000000008004f5c       0x40 CMakeFiles/tw_cart_chassis_clion.elf.dir/Middlewares/Third_Party/FreeRTOS/Source/portable/GCC/ARM_CM4F/port.c.obj
 .text.prvPortStartFirstTask
                0x0000000008004f9c       0x28 CMakeFiles/tw_cart_chassis_clion.elf.dir/Middlewares/Third_Party/FreeRTOS/Source/portable/GCC/ARM_CM4F/port.c.obj
 .text.vPortEnableVFP
                0x0000000008004fc4       0x14 CMakeFiles/tw_cart_chassis_clion.elf.dir/Middlewares/Third_Party/FreeRTOS/Source/portable/GCC/ARM_CM4F/port.c.obj
 .text.pxPortInitialiseStack
                0x0000000008004fd8       0x2c CMakeFiles/tw_cart_chassis_clion.elf.dir/Middlewares/Third_Party/FreeRTOS/Source/portable/GCC/ARM_CM4F/port.c.obj
                0x0000000008004fd8                pxPortInitialiseStack
 *fill*         0x0000000008005004        0xc 
 .text.SVC_Handler
                0x0000000008005010       0x24 CMakeFiles/tw_cart_chassis_clion.elf.dir/Middlewares/Third_Party/FreeRTOS/Source/portable/GCC/ARM_CM4F/port.c.obj
                0x0000000008005010                SVC_Handler
 .text.vPortEnterCritical
                0x0000000008005034       0x44 CMakeFiles/tw_cart_chassis_clion.elf.dir/Middlewares/Third_Party/FreeRTOS/Source/portable/GCC/ARM_CM4F/port.c.obj
                0x0000000008005034                vPortEnterCritical
 .text.vPortExitCritical
                0x0000000008005078       0x2c CMakeFiles/tw_cart_chassis_clion.elf.dir/Middlewares/Third_Party/FreeRTOS/Source/portable/GCC/ARM_CM4F/port.c.obj
                0x0000000008005078                vPortExitCritical
 *fill*         0x00000000080050a4        0xc 
 .text.PendSV_Handler
                0x00000000080050b0       0x64 CMakeFiles/tw_cart_chassis_clion.elf.dir/Middlewares/Third_Party/FreeRTOS/Source/portable/GCC/ARM_CM4F/port.c.obj
                0x00000000080050b0                PendSV_Handler
 .text.SysTick_Handler
                0x0000000008005114       0x2c CMakeFiles/tw_cart_chassis_clion.elf.dir/Middlewares/Third_Party/FreeRTOS/Source/portable/GCC/ARM_CM4F/port.c.obj
                0x0000000008005114                SysTick_Handler
 .text.vPortSetupTimerInterrupt
                0x0000000008005140       0x38 CMakeFiles/tw_cart_chassis_clion.elf.dir/Middlewares/Third_Party/FreeRTOS/Source/portable/GCC/ARM_CM4F/port.c.obj
                0x0000000008005140                vPortSetupTimerInterrupt
 .text.xPortStartScheduler
                0x0000000008005178      0x110 CMakeFiles/tw_cart_chassis_clion.elf.dir/Middlewares/Third_Party/FreeRTOS/Source/portable/GCC/ARM_CM4F/port.c.obj
                0x0000000008005178                xPortStartScheduler
 .text.prvHeapInit
                0x0000000008005288       0x64 CMakeFiles/tw_cart_chassis_clion.elf.dir/Middlewares/Third_Party/FreeRTOS/Source/portable/MemMang/heap_4.c.obj
 .text.prvInsertBlockIntoFreeList
                0x00000000080052ec       0x58 CMakeFiles/tw_cart_chassis_clion.elf.dir/Middlewares/Third_Party/FreeRTOS/Source/portable/MemMang/heap_4.c.obj
 .text.pvPortMalloc
                0x0000000008005344      0x114 CMakeFiles/tw_cart_chassis_clion.elf.dir/Middlewares/Third_Party/FreeRTOS/Source/portable/MemMang/heap_4.c.obj
                0x0000000008005344                pvPortMalloc
 .text.vPortFree
                0x0000000008005458       0x7c CMakeFiles/tw_cart_chassis_clion.elf.dir/Middlewares/Third_Party/FreeRTOS/Source/portable/MemMang/heap_4.c.obj
                0x0000000008005458                vPortFree
 .text.prvResetNextTaskUnblockTime
                0x00000000080054d4       0x2c CMakeFiles/tw_cart_chassis_clion.elf.dir/Middlewares/Third_Party/FreeRTOS/Source/tasks.c.obj
 .text.prvInitialiseNewTask
                0x0000000008005500       0x8c CMakeFiles/tw_cart_chassis_clion.elf.dir/Middlewares/Third_Party/FreeRTOS/Source/tasks.c.obj
 .text.prvInitialiseTaskLists
                0x000000000800558c       0x68 CMakeFiles/tw_cart_chassis_clion.elf.dir/Middlewares/Third_Party/FreeRTOS/Source/tasks.c.obj
 .text.prvAddNewTaskToReadyList
                0x00000000080055f4       0xa8 CMakeFiles/tw_cart_chassis_clion.elf.dir/Middlewares/Third_Party/FreeRTOS/Source/tasks.c.obj
 .text.prvDeleteTCB
                0x000000000800569c       0x38 CMakeFiles/tw_cart_chassis_clion.elf.dir/Middlewares/Third_Party/FreeRTOS/Source/tasks.c.obj
 .text.prvCheckTasksWaitingTermination
                0x00000000080056d4       0x4c CMakeFiles/tw_cart_chassis_clion.elf.dir/Middlewares/Third_Party/FreeRTOS/Source/tasks.c.obj
 .text.prvIdleTask
                0x0000000008005720       0x28 CMakeFiles/tw_cart_chassis_clion.elf.dir/Middlewares/Third_Party/FreeRTOS/Source/tasks.c.obj
 .text.prvAddCurrentTaskToDelayedList
                0x0000000008005748       0x98 CMakeFiles/tw_cart_chassis_clion.elf.dir/Middlewares/Third_Party/FreeRTOS/Source/tasks.c.obj
 .text.xTaskCreateStatic
                0x00000000080057e0       0x74 CMakeFiles/tw_cart_chassis_clion.elf.dir/Middlewares/Third_Party/FreeRTOS/Source/tasks.c.obj
                0x00000000080057e0                xTaskCreateStatic
 .text.xTaskCreate
                0x0000000008005854       0x66 CMakeFiles/tw_cart_chassis_clion.elf.dir/Middlewares/Third_Party/FreeRTOS/Source/tasks.c.obj
                0x0000000008005854                xTaskCreate
 *fill*         0x00000000080058ba        0x2 
 .text.vTaskStartScheduler
                0x00000000080058bc       0x6c CMakeFiles/tw_cart_chassis_clion.elf.dir/Middlewares/Third_Party/FreeRTOS/Source/tasks.c.obj
                0x00000000080058bc                vTaskStartScheduler
 .text.vTaskSuspendAll
                0x0000000008005928       0x10 CMakeFiles/tw_cart_chassis_clion.elf.dir/Middlewares/Third_Party/FreeRTOS/Source/tasks.c.obj
                0x0000000008005928                vTaskSuspendAll
 .text.xTaskIncrementTick
                0x0000000008005938      0x118 CMakeFiles/tw_cart_chassis_clion.elf.dir/Middlewares/Third_Party/FreeRTOS/Source/tasks.c.obj
                0x0000000008005938                xTaskIncrementTick
 .text.xTaskResumeAll
                0x0000000008005a50       0xf4 CMakeFiles/tw_cart_chassis_clion.elf.dir/Middlewares/Third_Party/FreeRTOS/Source/tasks.c.obj
                0x0000000008005a50                xTaskResumeAll
 .text.vTaskDelay
                0x0000000008005b44       0x4c CMakeFiles/tw_cart_chassis_clion.elf.dir/Middlewares/Third_Party/FreeRTOS/Source/tasks.c.obj
                0x0000000008005b44                vTaskDelay
 .text.vTaskSwitchContext
                0x0000000008005b90       0x98 CMakeFiles/tw_cart_chassis_clion.elf.dir/Middlewares/Third_Party/FreeRTOS/Source/tasks.c.obj
                0x0000000008005b90                vTaskSwitchContext
 .text._ZN10__cxxabiv120__si_class_type_infoD2Ev
                0x0000000008005c28       0x14 /home/szy/gcc-arm-none-eabi-7-2017-q4-major/bin/../lib/gcc/arm-none-eabi/7.2.1/../../../../arm-none-eabi/lib/thumb/v7e-m/fpv4-sp/hard/libstdc++.a(si_class_type_info.o)
                0x0000000008005c28                __cxxabiv1::__si_class_type_info::~__si_class_type_info()
                0x0000000008005c28                __cxxabiv1::__si_class_type_info::~__si_class_type_info()
 .text._ZN10__cxxabiv120__si_class_type_infoD0Ev
                0x0000000008005c3c       0x1c /home/szy/gcc-arm-none-eabi-7-2017-q4-major/bin/../lib/gcc/arm-none-eabi/7.2.1/../../../../arm-none-eabi/lib/thumb/v7e-m/fpv4-sp/hard/libstdc++.a(si_class_type_info.o)
                0x0000000008005c3c                __cxxabiv1::__si_class_type_info::~__si_class_type_info()
 .text._ZNK10__cxxabiv120__si_class_type_info20__do_find_public_srcEiPKvPKNS_17__class_type_infoES2_
                0x0000000008005c58       0x3c /home/szy/gcc-arm-none-eabi-7-2017-q4-major/bin/../lib/gcc/arm-none-eabi/7.2.1/../../../../arm-none-eabi/lib/thumb/v7e-m/fpv4-sp/hard/libstdc++.a(si_class_type_info.o)
                0x0000000008005c58                __cxxabiv1::__si_class_type_info::__do_find_public_src(int, void const*, __cxxabiv1::__class_type_info const*, void const*) const
 .text._ZNK10__cxxabiv120__si_class_type_info12__do_dyncastEiNS_17__class_type_info10__sub_kindEPKS1_PKvS4_S6_RNS1_16__dyncast_resultE
                0x0000000008005c94       0x80 /home/szy/gcc-arm-none-eabi-7-2017-q4-major/bin/../lib/gcc/arm-none-eabi/7.2.1/../../../../arm-none-eabi/lib/thumb/v7e-m/fpv4-sp/hard/libstdc++.a(si_class_type_info.o)
                0x0000000008005c94                __cxxabiv1::__si_class_type_info::__do_dyncast(int, __cxxabiv1::__class_type_info::__sub_kind, __cxxabiv1::__class_type_info const*, void const*, __cxxabiv1::__class_type_info const*, void const*, __cxxabiv1::__class_type_info::__dyncast_result&) const
 .text._ZNK10__cxxabiv120__si_class_type_info11__do_upcastEPKNS_17__class_type_infoEPKvRNS1_15__upcast_resultE
                0x0000000008005d14       0x2c /home/szy/gcc-arm-none-eabi-7-2017-q4-major/bin/../lib/gcc/arm-none-eabi/7.2.1/../../../../arm-none-eabi/lib/thumb/v7e-m/fpv4-sp/hard/libstdc++.a(si_class_type_info.o)
                0x0000000008005d14                __cxxabiv1::__si_class_type_info::__do_upcast(__cxxabiv1::__class_type_info const*, void const*, __cxxabiv1::__class_type_info::__upcast_result&) const
 .text._ZNSt9type_infoD2Ev
                0x0000000008005d40        0x4 /home/szy/gcc-arm-none-eabi-7-2017-q4-major/bin/../lib/gcc/arm-none-eabi/7.2.1/../../../../arm-none-eabi/lib/thumb/v7e-m/fpv4-sp/hard/libstdc++.a(tinfo.o)
                0x0000000008005d40                std::type_info::~type_info()
                0x0000000008005d40                std::type_info::~type_info()
 .text._ZNKSt9type_info14__is_pointer_pEv
                0x0000000008005d44        0x4 /home/szy/gcc-arm-none-eabi-7-2017-q4-major/bin/../lib/gcc/arm-none-eabi/7.2.1/../../../../arm-none-eabi/lib/thumb/v7e-m/fpv4-sp/hard/libstdc++.a(tinfo.o)
                0x0000000008005d44                std::type_info::__is_function_p() const
                0x0000000008005d44                std::type_info::__is_pointer_p() const
 .text._ZNKSt9type_infoeqERKS_
                0x0000000008005d48       0x2c /home/szy/gcc-arm-none-eabi-7-2017-q4-major/bin/../lib/gcc/arm-none-eabi/7.2.1/../../../../arm-none-eabi/lib/thumb/v7e-m/fpv4-sp/hard/libstdc++.a(tinfo.o)
                0x0000000008005d48                std::type_info::operator==(std::type_info const&) const
 .text._ZNK10__cxxabiv117__class_type_info11__do_upcastEPKS0_PPv
                0x0000000008005d74       0x38 /home/szy/gcc-arm-none-eabi-7-2017-q4-major/bin/../lib/gcc/arm-none-eabi/7.2.1/../../../../arm-none-eabi/lib/thumb/v7e-m/fpv4-sp/hard/libstdc++.a(class_type_info.o)
                0x0000000008005d74                __cxxabiv1::__class_type_info::__do_upcast(__cxxabiv1::__class_type_info const*, void**) const
 .text._ZNK10__cxxabiv117__class_type_info20__do_find_public_srcEiPKvPKS0_S2_
                0x0000000008005dac        0xc /home/szy/gcc-arm-none-eabi-7-2017-q4-major/bin/../lib/gcc/arm-none-eabi/7.2.1/../../../../arm-none-eabi/lib/thumb/v7e-m/fpv4-sp/hard/libstdc++.a(class_type_info.o)
                0x0000000008005dac                __cxxabiv1::__class_type_info::__do_find_public_src(int, void const*, __cxxabiv1::__class_type_info const*, void const*) const
 .text._ZN10__cxxabiv117__class_type_infoD2Ev
                0x0000000008005db8       0x14 /home/szy/gcc-arm-none-eabi-7-2017-q4-major/bin/../lib/gcc/arm-none-eabi/7.2.1/../../../../arm-none-eabi/lib/thumb/v7e-m/fpv4-sp/hard/libstdc++.a(class_type_info.o)
                0x0000000008005db8                __cxxabiv1::__class_type_info::~__class_type_info()
                0x0000000008005db8                __cxxabiv1::__class_type_info::~__class_type_info()
 .text._ZN10__cxxabiv117__class_type_infoD0Ev
                0x0000000008005dcc       0x1c /home/szy/gcc-arm-none-eabi-7-2017-q4-major/bin/../lib/gcc/arm-none-eabi/7.2.1/../../../../arm-none-eabi/lib/thumb/v7e-m/fpv4-sp/hard/libstdc++.a(class_type_info.o)
                0x0000000008005dcc                __cxxabiv1::__class_type_info::~__class_type_info()
 .text._ZNK10__cxxabiv117__class_type_info12__do_dyncastEiNS0_10__sub_kindEPKS0_PKvS3_S5_RNS0_16__dyncast_resultE
                0x0000000008005de8       0x44 /home/szy/gcc-arm-none-eabi-7-2017-q4-major/bin/../lib/gcc/arm-none-eabi/7.2.1/../../../../arm-none-eabi/lib/thumb/v7e-m/fpv4-sp/hard/libstdc++.a(class_type_info.o)
                0x0000000008005de8                __cxxabiv1::__class_type_info::__do_dyncast(int, __cxxabiv1::__class_type_info::__sub_kind, __cxxabiv1::__class_type_info const*, void const*, __cxxabiv1::__class_type_info const*, void const*, __cxxabiv1::__class_type_info::__dyncast_result&) const
 .text._ZNK10__cxxabiv117__class_type_info11__do_upcastEPKS0_PKvRNS0_15__upcast_resultE
                0x0000000008005e2c       0x18 /home/szy/gcc-arm-none-eabi-7-2017-q4-major/bin/../lib/gcc/arm-none-eabi/7.2.1/../../../../arm-none-eabi/lib/thumb/v7e-m/fpv4-sp/hard/libstdc++.a(class_type_info.o)
                0x0000000008005e2c                __cxxabiv1::__class_type_info::__do_upcast(__cxxabiv1::__class_type_info const*, void const*, __cxxabiv1::__class_type_info::__upcast_result&) const
 .text._ZNK10__cxxabiv117__class_type_info10__do_catchEPKSt9type_infoPPvj
                0x0000000008005e44       0x2c /home/szy/gcc-arm-none-eabi-7-2017-q4-major/bin/../lib/gcc/arm-none-eabi/7.2.1/../../../../arm-none-eabi/lib/thumb/v7e-m/fpv4-sp/hard/libstdc++.a(class_type_info.o)
                0x0000000008005e44                __cxxabiv1::__class_type_info::__do_catch(std::type_info const*, void**, unsigned int) const
 .text._ZdlPvj  0x0000000008005e70        0x4 /home/szy/gcc-arm-none-eabi-7-2017-q4-major/bin/../lib/gcc/arm-none-eabi/7.2.1/../../../../arm-none-eabi/lib/thumb/v7e-m/fpv4-sp/hard/libstdc++.a(del_ops.o)
                0x0000000008005e70                operator delete(void*, unsigned int)
 .text._ZdlPv   0x0000000008005e74        0x4 /home/szy/gcc-arm-none-eabi-7-2017-q4-major/bin/../lib/gcc/arm-none-eabi/7.2.1/../../../../arm-none-eabi/lib/thumb/v7e-m/fpv4-sp/hard/libstdc++.a(del_op.o)
                0x0000000008005e74                operator delete(void*)
 .text.abort    0x0000000008005e78       0x10 /home/szy/gcc-arm-none-eabi-7-2017-q4-major/bin/../lib/gcc/arm-none-eabi/7.2.1/../../../../arm-none-eabi/lib/thumb/v7e-m/fpv4-sp/hard/libg.a(lib_a-abort.o)
                0x0000000008005e78                abort
 .text.__errno  0x0000000008005e88        0xc /home/szy/gcc-arm-none-eabi-7-2017-q4-major/bin/../lib/gcc/arm-none-eabi/7.2.1/../../../../arm-none-eabi/lib/thumb/v7e-m/fpv4-sp/hard/libg.a(lib_a-errno.o)
                0x0000000008005e88                __errno
 .text.__libc_init_array
                0x0000000008005e94       0x48 /home/szy/gcc-arm-none-eabi-7-2017-q4-major/bin/../lib/gcc/arm-none-eabi/7.2.1/../../../../arm-none-eabi/lib/thumb/v7e-m/fpv4-sp/hard/libg.a(lib_a-init.o)
                0x0000000008005e94                __libc_init_array
 .text.malloc   0x0000000008005edc       0x10 /home/szy/gcc-arm-none-eabi-7-2017-q4-major/bin/../lib/gcc/arm-none-eabi/7.2.1/../../../../arm-none-eabi/lib/thumb/v7e-m/fpv4-sp/hard/libg.a(lib_a-malloc.o)
                0x0000000008005edc                malloc
 .text.free     0x0000000008005eec       0x10 /home/szy/gcc-arm-none-eabi-7-2017-q4-major/bin/../lib/gcc/arm-none-eabi/7.2.1/../../../../arm-none-eabi/lib/thumb/v7e-m/fpv4-sp/hard/libg.a(lib_a-malloc.o)
                0x0000000008005eec                free
 .text._malloc_r
                0x0000000008005efc      0x548 /home/szy/gcc-arm-none-eabi-7-2017-q4-major/bin/../lib/gcc/arm-none-eabi/7.2.1/../../../../arm-none-eabi/lib/thumb/v7e-m/fpv4-sp/hard/libg.a(lib_a-mallocr.o)
                0x0000000008005efc                _malloc_r
 .text.memset   0x0000000008006444       0x94 /home/szy/gcc-arm-none-eabi-7-2017-q4-major/bin/../lib/gcc/arm-none-eabi/7.2.1/../../../../arm-none-eabi/lib/thumb/v7e-m/fpv4-sp/hard/libg.a(lib_a-memset.o)
                0x0000000008006444                memset
 .text.__malloc_lock
                0x00000000080064d8        0xc /home/szy/gcc-arm-none-eabi-7-2017-q4-major/bin/../lib/gcc/arm-none-eabi/7.2.1/../../../../arm-none-eabi/lib/thumb/v7e-m/fpv4-sp/hard/libg.a(lib_a-mlock.o)
                0x00000000080064d8                __malloc_lock
 .text.__malloc_unlock
                0x00000000080064e4        0xc /home/szy/gcc-arm-none-eabi-7-2017-q4-major/bin/../lib/gcc/arm-none-eabi/7.2.1/../../../../arm-none-eabi/lib/thumb/v7e-m/fpv4-sp/hard/libg.a(lib_a-mlock.o)
                0x00000000080064e4                __malloc_unlock
 .text._sbrk_r  0x00000000080064f0       0x24 /home/szy/gcc-arm-none-eabi-7-2017-q4-major/bin/../lib/gcc/arm-none-eabi/7.2.1/../../../../arm-none-eabi/lib/thumb/v7e-m/fpv4-sp/hard/libg.a(lib_a-sbrkr.o)
                0x00000000080064f0                _sbrk_r
 .text._raise_r
                0x0000000008006514       0x58 /home/szy/gcc-arm-none-eabi-7-2017-q4-major/bin/../lib/gcc/arm-none-eabi/7.2.1/../../../../arm-none-eabi/lib/thumb/v7e-m/fpv4-sp/hard/libg.a(lib_a-signal.o)
                0x0000000008006514                _raise_r
 .text.raise    0x000000000800656c       0x10 /home/szy/gcc-arm-none-eabi-7-2017-q4-major/bin/../lib/gcc/arm-none-eabi/7.2.1/../../../../arm-none-eabi/lib/thumb/v7e-m/fpv4-sp/hard/libg.a(lib_a-signal.o)
                0x000000000800656c                raise
 .text._kill_r  0x000000000800657c       0x28 /home/szy/gcc-arm-none-eabi-7-2017-q4-major/bin/../lib/gcc/arm-none-eabi/7.2.1/../../../../arm-none-eabi/lib/thumb/v7e-m/fpv4-sp/hard/libg.a(lib_a-signalr.o)
                0x000000000800657c                _kill_r
 .text._getpid_r
                0x00000000080065a4        0x4 /home/szy/gcc-arm-none-eabi-7-2017-q4-major/bin/../lib/gcc/arm-none-eabi/7.2.1/../../../../arm-none-eabi/lib/thumb/v7e-m/fpv4-sp/hard/libg.a(lib_a-signalr.o)
                0x00000000080065a4                _getpid_r
 .text.startup.register_fini
                0x00000000080065a8       0x14 /home/szy/gcc-arm-none-eabi-7-2017-q4-major/bin/../lib/gcc/arm-none-eabi/7.2.1/../../../../arm-none-eabi/lib/thumb/v7e-m/fpv4-sp/hard/libg.a(lib_a-__call_atexit.o)
 .text.atexit   0x00000000080065bc        0xc /home/szy/gcc-arm-none-eabi-7-2017-q4-major/bin/../lib/gcc/arm-none-eabi/7.2.1/../../../../arm-none-eabi/lib/thumb/v7e-m/fpv4-sp/hard/libg.a(lib_a-atexit.o)
                0x00000000080065bc                atexit
 .text.__libc_fini_array
                0x00000000080065c8       0x34 /home/szy/gcc-arm-none-eabi-7-2017-q4-major/bin/../lib/gcc/arm-none-eabi/7.2.1/../../../../arm-none-eabi/lib/thumb/v7e-m/fpv4-sp/hard/libg.a(lib_a-fini.o)
                0x00000000080065c8                __libc_fini_array
 .text._malloc_trim_r
                0x00000000080065fc       0xa0 /home/szy/gcc-arm-none-eabi-7-2017-q4-major/bin/../lib/gcc/arm-none-eabi/7.2.1/../../../../arm-none-eabi/lib/thumb/v7e-m/fpv4-sp/hard/libg.a(lib_a-freer.o)
                0x00000000080065fc                _malloc_trim_r
 .text._free_r  0x000000000800669c      0x1e8 /home/szy/gcc-arm-none-eabi-7-2017-q4-major/bin/../lib/gcc/arm-none-eabi/7.2.1/../../../../arm-none-eabi/lib/thumb/v7e-m/fpv4-sp/hard/libg.a(lib_a-freer.o)
                0x000000000800669c                _free_r
 .text.__retarget_lock_acquire_recursive
                0x0000000008006884        0x4 /home/szy/gcc-arm-none-eabi-7-2017-q4-major/bin/../lib/gcc/arm-none-eabi/7.2.1/../../../../arm-none-eabi/lib/thumb/v7e-m/fpv4-sp/hard/libg.a(lib_a-lock.o)
                0x0000000008006884                __retarget_lock_acquire_recursive
 .text.__retarget_lock_release_recursive
                0x0000000008006888        0x4 /home/szy/gcc-arm-none-eabi-7-2017-q4-major/bin/../lib/gcc/arm-none-eabi/7.2.1/../../../../arm-none-eabi/lib/thumb/v7e-m/fpv4-sp/hard/libg.a(lib_a-lock.o)
                0x0000000008006888                __retarget_lock_release_recursive
 .text.__register_exitproc
                0x000000000800688c       0xc0 /home/szy/gcc-arm-none-eabi-7-2017-q4-major/bin/../lib/gcc/arm-none-eabi/7.2.1/../../../../arm-none-eabi/lib/thumb/v7e-m/fpv4-sp/hard/libg.a(lib_a-__atexit.o)
                0x000000000800688c                __register_exitproc
 *(.glue_7)
 .glue_7        0x000000000800694c        0x0 linker stubs
 *(.glue_7t)
 .glue_7t       0x000000000800694c        0x0 linker stubs
 *(.eh_frame)
 .eh_frame      0x000000000800694c        0x0 /home/szy/gcc-arm-none-eabi-7-2017-q4-major/bin/../lib/gcc/arm-none-eabi/7.2.1/thumb/v7e-m/fpv4-sp/hard/crtbegin.o
 *(.init)
 .init          0x000000000800694c        0x4 /home/szy/gcc-arm-none-eabi-7-2017-q4-major/bin/../lib/gcc/arm-none-eabi/7.2.1/thumb/v7e-m/fpv4-sp/hard/crti.o
                0x000000000800694c                _init
 .init          0x0000000008006950        0x8 /home/szy/gcc-arm-none-eabi-7-2017-q4-major/bin/../lib/gcc/arm-none-eabi/7.2.1/thumb/v7e-m/fpv4-sp/hard/crtn.o
 *(.fini)
 .fini          0x0000000008006958        0x4 /home/szy/gcc-arm-none-eabi-7-2017-q4-major/bin/../lib/gcc/arm-none-eabi/7.2.1/thumb/v7e-m/fpv4-sp/hard/crti.o
                0x0000000008006958                _fini
 .fini          0x000000000800695c        0x8 /home/szy/gcc-arm-none-eabi-7-2017-q4-major/bin/../lib/gcc/arm-none-eabi/7.2.1/thumb/v7e-m/fpv4-sp/hard/crtn.o
                0x0000000008006964                . = ALIGN (0x4)
                0x0000000008006964                _etext = .

.vfp11_veneer   0x0000000008006964        0x0
 .vfp11_veneer  0x0000000008006964        0x0 linker stubs

.v4_bx          0x0000000008006964        0x0
 .v4_bx         0x0000000008006964        0x0 linker stubs

.iplt           0x0000000008006964        0x0
 .iplt          0x0000000008006964        0x0 /home/szy/gcc-arm-none-eabi-7-2017-q4-major/bin/../lib/gcc/arm-none-eabi/7.2.1/thumb/v7e-m/fpv4-sp/hard/crtbegin.o

.rodata         0x0000000008006964      0x1ec
                0x0000000008006964                . = ALIGN (0x4)
 *(.rodata)
 .rodata        0x0000000008006964       0x18 CMakeFiles/tw_cart_chassis_clion.elf.dir/Bsp/MOTOR_DRIVER/MotorM2006.cpp.obj
 .rodata        0x000000000800697c       0x54 CMakeFiles/tw_cart_chassis_clion.elf.dir/Core/Src/freertos.c.obj
 *(.rodata*)
 .rodata._ZTI3PID
                0x00000000080069d0        0x8 CMakeFiles/tw_cart_chassis_clion.elf.dir/Algorithms/PID/pid.cpp.obj
                0x00000000080069d0                typeinfo for PID
 .rodata._ZTS3PID
                0x00000000080069d8        0x5 CMakeFiles/tw_cart_chassis_clion.elf.dir/Algorithms/PID/pid.cpp.obj
                0x00000000080069d8                typeinfo name for PID
 *fill*         0x00000000080069dd        0x3 
 .rodata._ZTV3PID
                0x00000000080069e0        0xc CMakeFiles/tw_cart_chassis_clion.elf.dir/Algorithms/PID/pid.cpp.obj
                0x00000000080069e0                vtable for PID
 .rodata._ZTS5Motor
                0x00000000080069ec        0x7 CMakeFiles/tw_cart_chassis_clion.elf.dir/Bsp/MOTOR_DRIVER/MotorM2006.cpp.obj
                0x00000000080069ec                typeinfo name for Motor
 *fill*         0x00000000080069f3        0x1 
 .rodata._ZTI5Motor
                0x00000000080069f4        0x8 CMakeFiles/tw_cart_chassis_clion.elf.dir/Bsp/MOTOR_DRIVER/MotorM2006.cpp.obj
                0x00000000080069f4                typeinfo for Motor
 .rodata._ZTI5M2006
                0x00000000080069fc        0xc CMakeFiles/tw_cart_chassis_clion.elf.dir/Bsp/MOTOR_DRIVER/MotorM2006.cpp.obj
                0x00000000080069fc                typeinfo for M2006
 .rodata._ZTS5M2006
                0x0000000008006a08        0x7 CMakeFiles/tw_cart_chassis_clion.elf.dir/Bsp/MOTOR_DRIVER/MotorM2006.cpp.obj
                0x0000000008006a08                typeinfo name for M2006
 *fill*         0x0000000008006a0f        0x1 
 .rodata._ZTV5M2006
                0x0000000008006a10       0x14 CMakeFiles/tw_cart_chassis_clion.elf.dir/Bsp/MOTOR_DRIVER/MotorM2006.cpp.obj
                0x0000000008006a10                vtable for M2006
 .rodata.str1.4
                0x0000000008006a24       0x2c CMakeFiles/tw_cart_chassis_clion.elf.dir/Core/Src/freertos.c.obj
 .rodata.AHBPrescTable
                0x0000000008006a50       0x10 CMakeFiles/tw_cart_chassis_clion.elf.dir/Core/Src/system_stm32f4xx.c.obj
                0x0000000008006a50                AHBPrescTable
 .rodata.APBPrescTable
                0x0000000008006a60        0x8 CMakeFiles/tw_cart_chassis_clion.elf.dir/Core/Src/system_stm32f4xx.c.obj
                0x0000000008006a60                APBPrescTable
 .rodata.flagBitshiftOffset.8322
                0x0000000008006a68        0x8 CMakeFiles/tw_cart_chassis_clion.elf.dir/Drivers/STM32F4xx_HAL_Driver/Src/stm32f4xx_hal_dma.c.obj
 .rodata.vTaskStartScheduler.str1.4
                0x0000000008006a70        0x8 CMakeFiles/tw_cart_chassis_clion.elf.dir/Middlewares/Third_Party/FreeRTOS/Source/tasks.c.obj
                                          0x5 (size before relaxing)
 .rodata._ZTIN10__cxxabiv120__si_class_type_infoE
                0x0000000008006a78        0xc /home/szy/gcc-arm-none-eabi-7-2017-q4-major/bin/../lib/gcc/arm-none-eabi/7.2.1/../../../../arm-none-eabi/lib/thumb/v7e-m/fpv4-sp/hard/libstdc++.a(si_class_type_info.o)
                0x0000000008006a78                typeinfo for __cxxabiv1::__si_class_type_info
 .rodata._ZTSN10__cxxabiv120__si_class_type_infoE
                0x0000000008006a84       0x25 /home/szy/gcc-arm-none-eabi-7-2017-q4-major/bin/../lib/gcc/arm-none-eabi/7.2.1/../../../../arm-none-eabi/lib/thumb/v7e-m/fpv4-sp/hard/libstdc++.a(si_class_type_info.o)
                0x0000000008006a84                typeinfo name for __cxxabiv1::__si_class_type_info
 *fill*         0x0000000008006aa9        0x3 
 .rodata._ZTVN10__cxxabiv120__si_class_type_infoE
                0x0000000008006aac       0x2c /home/szy/gcc-arm-none-eabi-7-2017-q4-major/bin/../lib/gcc/arm-none-eabi/7.2.1/../../../../arm-none-eabi/lib/thumb/v7e-m/fpv4-sp/hard/libstdc++.a(si_class_type_info.o)
                0x0000000008006aac                vtable for __cxxabiv1::__si_class_type_info
 .rodata._ZTISt9type_info
                0x0000000008006ad8        0x8 /home/szy/gcc-arm-none-eabi-7-2017-q4-major/bin/../lib/gcc/arm-none-eabi/7.2.1/../../../../arm-none-eabi/lib/thumb/v7e-m/fpv4-sp/hard/libstdc++.a(tinfo.o)
                0x0000000008006ad8                typeinfo for std::type_info
 .rodata._ZTSSt9type_info
                0x0000000008006ae0        0xd /home/szy/gcc-arm-none-eabi-7-2017-q4-major/bin/../lib/gcc/arm-none-eabi/7.2.1/../../../../arm-none-eabi/lib/thumb/v7e-m/fpv4-sp/hard/libstdc++.a(tinfo.o)
                0x0000000008006ae0                typeinfo name for std::type_info
 *fill*         0x0000000008006aed        0x3 
 .rodata._ZTIN10__cxxabiv117__class_type_infoE
                0x0000000008006af0        0xc /home/szy/gcc-arm-none-eabi-7-2017-q4-major/bin/../lib/gcc/arm-none-eabi/7.2.1/../../../../arm-none-eabi/lib/thumb/v7e-m/fpv4-sp/hard/libstdc++.a(class_type_info.o)
                0x0000000008006af0                typeinfo for __cxxabiv1::__class_type_info
 .rodata._ZTSN10__cxxabiv117__class_type_infoE
                0x0000000008006afc       0x22 /home/szy/gcc-arm-none-eabi-7-2017-q4-major/bin/../lib/gcc/arm-none-eabi/7.2.1/../../../../arm-none-eabi/lib/thumb/v7e-m/fpv4-sp/hard/libstdc++.a(class_type_info.o)
                0x0000000008006afc                typeinfo name for __cxxabiv1::__class_type_info
 *fill*         0x0000000008006b1e        0x2 
 .rodata._ZTVN10__cxxabiv117__class_type_infoE
                0x0000000008006b20       0x2c /home/szy/gcc-arm-none-eabi-7-2017-q4-major/bin/../lib/gcc/arm-none-eabi/7.2.1/../../../../arm-none-eabi/lib/thumb/v7e-m/fpv4-sp/hard/libstdc++.a(class_type_info.o)
                0x0000000008006b20                vtable for __cxxabiv1::__class_type_info
 .rodata._global_impure_ptr
                0x0000000008006b4c        0x4 /home/szy/gcc-arm-none-eabi-7-2017-q4-major/bin/../lib/gcc/arm-none-eabi/7.2.1/../../../../arm-none-eabi/lib/thumb/v7e-m/fpv4-sp/hard/libg.a(lib_a-impure.o)
                0x0000000008006b4c                _global_impure_ptr
                0x0000000008006b50                . = ALIGN (0x4)

.ARM.extab      0x0000000008006b50       0x24
                0x0000000008006b50                . = ALIGN (0x4)
 *(.ARM.extab* .gnu.linkonce.armextab.*)
 .ARM.extab.text.communication_task
                0x0000000008006b50        0xc CMakeFiles/tw_cart_chassis_clion.elf.dir/Applications/communication_task.cpp.obj
 .ARM.extab     0x0000000008006b5c       0x18 /home/szy/gcc-arm-none-eabi-7-2017-q4-major/bin/../lib/gcc/arm-none-eabi/7.2.1/thumb/v7e-m/fpv4-sp/hard/libgcc.a(pr-support.o)
                0x0000000008006b74                . = ALIGN (0x4)

.ARM            0x0000000008006b74      0x130
                0x0000000008006b74                . = ALIGN (0x4)
                0x0000000008006b74                __exidx_start = .
 *(.ARM.exidx*)
 .ARM.exidx.text._ZN3PID10PID_OutputEff
                0x0000000008006c2c        0x0 CMakeFiles/tw_cart_chassis_clion.elf.dir/Algorithms/PID/pid.cpp.obj
                                          0x8 (size before relaxing)
 .ARM.exidx.text._ZN3PIDC2Effffff
                0x0000000008006c2c        0x0 CMakeFiles/tw_cart_chassis_clion.elf.dir/Algorithms/PID/pid.cpp.obj
                                          0x8 (size before relaxing)
 .ARM.exidx.text._Z41__static_initialization_and_destruction_0ii
                0x0000000008006c2c        0x0 CMakeFiles/tw_cart_chassis_clion.elf.dir/Applications/communication_task.cpp.obj
                                          0x8 (size before relaxing)
 .ARM.exidx.text.communication_task
                0x0000000008006c2c        0x8 CMakeFiles/tw_cart_chassis_clion.elf.dir/Applications/communication_task.cpp.obj
 .ARM.exidx.text._GLOBAL__sub_I_chassisComInfo
                0x0000000008006c34        0x8 CMakeFiles/tw_cart_chassis_clion.elf.dir/Applications/communication_task.cpp.obj
 .ARM.exidx.text.motor_task
                0x0000000008006c3c        0x8 CMakeFiles/tw_cart_chassis_clion.elf.dir/Applications/motor_task.cpp.obj
 .ARM.exidx.text._ZN13Communication17initCommunicationEv
                0x0000000008006c44        0x0 CMakeFiles/tw_cart_chassis_clion.elf.dir/Bsp/Communication/communication.cpp.obj
                                          0x8 (size before relaxing)
 .ARM.exidx.text._ZN5M20069initMotorEv
                0x0000000008006c44        0x0 CMakeFiles/tw_cart_chassis_clion.elf.dir/Bsp/MOTOR_DRIVER/MotorM2006.cpp.obj
                                          0x8 (size before relaxing)
 .ARM.exidx.text._ZN5M200614sendControlCmdEv
                0x0000000008006c44        0x8 CMakeFiles/tw_cart_chassis_clion.elf.dir/Bsp/MOTOR_DRIVER/MotorM2006.cpp.obj
 .ARM.exidx.text._Z41__static_initialization_and_destruction_0ii
                0x0000000008006c4c        0x8 CMakeFiles/tw_cart_chassis_clion.elf.dir/Bsp/MOTOR_DRIVER/MotorM2006.cpp.obj
 .ARM.exidx.text._ZN5M200611setExpSpeedEPKi
                0x0000000008006c54        0x0 CMakeFiles/tw_cart_chassis_clion.elf.dir/Bsp/MOTOR_DRIVER/MotorM2006.cpp.obj
                                          0x8 (size before relaxing)
 .ARM.exidx.text._ZN5M200618updateFeedBackInfoEhPKh
                0x0000000008006c54        0x0 CMakeFiles/tw_cart_chassis_clion.elf.dir/Bsp/MOTOR_DRIVER/MotorM2006.cpp.obj
                                          0x8 (size before relaxing)
 .ARM.exidx.text._GLOBAL__sub_I_m2006
                0x0000000008006c54        0x0 CMakeFiles/tw_cart_chassis_clion.elf.dir/Bsp/MOTOR_DRIVER/MotorM2006.cpp.obj
                                          0x8 (size before relaxing)
 .ARM.exidx.text._ZN5M200612calculatePIDEv
                0x0000000008006c54        0x8 CMakeFiles/tw_cart_chassis_clion.elf.dir/Bsp/MOTOR_DRIVER/MotorM2006.cpp.obj
 .ARM.exidx.text._ZL10dbus_to_rcP12DR16_rc_infoPh
                0x0000000008006c5c        0x8 CMakeFiles/tw_cart_chassis_clion.elf.dir/Bsp/UART_DBUS/UART_DBUS.cpp.obj
 .ARM.exidx.text._Z22Uart_Receive_Dma_No_ItP20__UART_HandleTypeDefPhS1_m
                0x0000000008006c64        0x0 CMakeFiles/tw_cart_chassis_clion.elf.dir/Bsp/UART_DBUS/UART_DBUS.cpp.obj
                                          0x8 (size before relaxing)
 .ARM.exidx.text.dbus_uart_Init
                0x0000000008006c64        0x0 CMakeFiles/tw_cart_chassis_clion.elf.dir/Bsp/UART_DBUS/UART_DBUS.cpp.obj
                                          0x8 (size before relaxing)
 .ARM.exidx.text._Z13dr16_TO_M2006v
                0x0000000008006c64        0x8 CMakeFiles/tw_cart_chassis_clion.elf.dir/Bsp/UART_DBUS/UART_DBUS.cpp.obj
 .ARM.exidx.text.dr16_uart_rx_data_handle
                0x0000000008006c6c        0x8 CMakeFiles/tw_cart_chassis_clion.elf.dir/Bsp/UART_DBUS/UART_DBUS.cpp.obj
 .ARM.exidx.text.HAL_CAN_RxFifo0MsgPendingCallback
                0x0000000008006c74       0x10 CMakeFiles/tw_cart_chassis_clion.elf.dir/Bsp/canRxCallback.cpp.obj
                                          0x8 (size before relaxing)
 .ARM.exidx.text._ZN10__cxxabiv120__si_class_type_infoD2Ev
                0x0000000008006c84        0x0 /home/szy/gcc-arm-none-eabi-7-2017-q4-major/bin/../lib/gcc/arm-none-eabi/7.2.1/../../../../arm-none-eabi/lib/thumb/v7e-m/fpv4-sp/hard/libstdc++.a(si_class_type_info.o)
                                          0x8 (size before relaxing)
 .ARM.exidx.text._ZN10__cxxabiv120__si_class_type_infoD0Ev
                0x0000000008006c84        0x0 /home/szy/gcc-arm-none-eabi-7-2017-q4-major/bin/../lib/gcc/arm-none-eabi/7.2.1/../../../../arm-none-eabi/lib/thumb/v7e-m/fpv4-sp/hard/libstdc++.a(si_class_type_info.o)
                                          0x8 (size before relaxing)
 .ARM.exidx.text._ZNK10__cxxabiv120__si_class_type_info20__do_find_public_srcEiPKvPKNS_17__class_type_infoES2_
                0x0000000008006c84        0x0 /home/szy/gcc-arm-none-eabi-7-2017-q4-major/bin/../lib/gcc/arm-none-eabi/7.2.1/../../../../arm-none-eabi/lib/thumb/v7e-m/fpv4-sp/hard/libstdc++.a(si_class_type_info.o)
                                          0x8 (size before relaxing)
 .ARM.exidx.text._ZNK10__cxxabiv120__si_class_type_info12__do_dyncastEiNS_17__class_type_info10__sub_kindEPKS1_PKvS4_S6_RNS1_16__dyncast_resultE
                0x0000000008006c84        0x0 /home/szy/gcc-arm-none-eabi-7-2017-q4-major/bin/../lib/gcc/arm-none-eabi/7.2.1/../../../../arm-none-eabi/lib/thumb/v7e-m/fpv4-sp/hard/libstdc++.a(si_class_type_info.o)
                                          0x8 (size before relaxing)
 .ARM.exidx.text._ZNK10__cxxabiv120__si_class_type_info11__do_upcastEPKNS_17__class_type_infoEPKvRNS1_15__upcast_resultE
                0x0000000008006c84        0x8 /home/szy/gcc-arm-none-eabi-7-2017-q4-major/bin/../lib/gcc/arm-none-eabi/7.2.1/../../../../arm-none-eabi/lib/thumb/v7e-m/fpv4-sp/hard/libstdc++.a(si_class_type_info.o)
 .ARM.exidx.text._ZNSt9type_infoD2Ev
                0x0000000008006c8c        0x8 /home/szy/gcc-arm-none-eabi-7-2017-q4-major/bin/../lib/gcc/arm-none-eabi/7.2.1/../../../../arm-none-eabi/lib/thumb/v7e-m/fpv4-sp/hard/libstdc++.a(tinfo.o)
 .ARM.exidx.text._ZNKSt9type_info14__is_pointer_pEv
                0x0000000008006c94        0x0 /home/szy/gcc-arm-none-eabi-7-2017-q4-major/bin/../lib/gcc/arm-none-eabi/7.2.1/../../../../arm-none-eabi/lib/thumb/v7e-m/fpv4-sp/hard/libstdc++.a(tinfo.o)
                                          0x8 (size before relaxing)
 .ARM.exidx.text._ZNKSt9type_infoeqERKS_
                0x0000000008006c94        0x0 /home/szy/gcc-arm-none-eabi-7-2017-q4-major/bin/../lib/gcc/arm-none-eabi/7.2.1/../../../../arm-none-eabi/lib/thumb/v7e-m/fpv4-sp/hard/libstdc++.a(tinfo.o)
                                          0x8 (size before relaxing)
 .ARM.exidx.text._ZNK10__cxxabiv117__class_type_info11__do_upcastEPKS0_PPv
                0x0000000008006c94        0x8 /home/szy/gcc-arm-none-eabi-7-2017-q4-major/bin/../lib/gcc/arm-none-eabi/7.2.1/../../../../arm-none-eabi/lib/thumb/v7e-m/fpv4-sp/hard/libstdc++.a(class_type_info.o)
 .ARM.exidx.text._ZNK10__cxxabiv117__class_type_info20__do_find_public_srcEiPKvPKS0_S2_
                0x0000000008006c9c        0x8 /home/szy/gcc-arm-none-eabi-7-2017-q4-major/bin/../lib/gcc/arm-none-eabi/7.2.1/../../../../arm-none-eabi/lib/thumb/v7e-m/fpv4-sp/hard/libstdc++.a(class_type_info.o)
 .ARM.exidx.text._ZN10__cxxabiv117__class_type_infoD2Ev
                0x0000000008006ca4        0x0 /home/szy/gcc-arm-none-eabi-7-2017-q4-major/bin/../lib/gcc/arm-none-eabi/7.2.1/../../../../arm-none-eabi/lib/thumb/v7e-m/fpv4-sp/hard/libstdc++.a(class_type_info.o)
                                          0x8 (size before relaxing)
 .ARM.exidx.text._ZN10__cxxabiv117__class_type_infoD0Ev
                0x0000000008006ca4        0x0 /home/szy/gcc-arm-none-eabi-7-2017-q4-major/bin/../lib/gcc/arm-none-eabi/7.2.1/../../../../arm-none-eabi/lib/thumb/v7e-m/fpv4-sp/hard/libstdc++.a(class_type_info.o)
                                          0x8 (size before relaxing)
 .ARM.exidx.text._ZNK10__cxxabiv117__class_type_info12__do_dyncastEiNS0_10__sub_kindEPKS0_PKvS3_S5_RNS0_16__dyncast_resultE
                0x0000000008006ca4        0x0 /home/szy/gcc-arm-none-eabi-7-2017-q4-major/bin/../lib/gcc/arm-none-eabi/7.2.1/../../../../arm-none-eabi/lib/thumb/v7e-m/fpv4-sp/hard/libstdc++.a(class_type_info.o)
                                          0x8 (size before relaxing)
 .ARM.exidx.text._ZNK10__cxxabiv117__class_type_info11__do_upcastEPKS0_PKvRNS0_15__upcast_resultE
                0x0000000008006ca4        0x0 /home/szy/gcc-arm-none-eabi-7-2017-q4-major/bin/../lib/gcc/arm-none-eabi/7.2.1/../../../../arm-none-eabi/lib/thumb/v7e-m/fpv4-sp/hard/libstdc++.a(class_type_info.o)
                                          0x8 (size before relaxing)
 .ARM.exidx.text._ZNK10__cxxabiv117__class_type_info10__do_catchEPKSt9type_infoPPvj
                0x0000000008006ca4        0x0 /home/szy/gcc-arm-none-eabi-7-2017-q4-major/bin/../lib/gcc/arm-none-eabi/7.2.1/../../../../arm-none-eabi/lib/thumb/v7e-m/fpv4-sp/hard/libstdc++.a(class_type_info.o)
                                          0x8 (size before relaxing)
 .ARM.exidx.text._ZdlPvj
                0x0000000008006ca4        0x0 /home/szy/gcc-arm-none-eabi-7-2017-q4-major/bin/../lib/gcc/arm-none-eabi/7.2.1/../../../../arm-none-eabi/lib/thumb/v7e-m/fpv4-sp/hard/libstdc++.a(del_ops.o)
                                          0x8 (size before relaxing)
 .ARM.exidx.text._ZdlPv
                0x0000000008006ca4        0x0 /home/szy/gcc-arm-none-eabi-7-2017-q4-major/bin/../lib/gcc/arm-none-eabi/7.2.1/../../../../arm-none-eabi/lib/thumb/v7e-m/fpv4-sp/hard/libstdc++.a(del_op.o)
                                          0x8 (size before relaxing)
 .ARM.exidx     0x0000000008006b74        0x8 /home/szy/gcc-arm-none-eabi-7-2017-q4-major/bin/../lib/gcc/arm-none-eabi/7.2.1/thumb/v7e-m/fpv4-sp/hard/libgcc.a(_udivmoddi4.o)
 .ARM.exidx     0x0000000008006b7c       0x78 /home/szy/gcc-arm-none-eabi-7-2017-q4-major/bin/../lib/gcc/arm-none-eabi/7.2.1/thumb/v7e-m/fpv4-sp/hard/libgcc.a(unwind-arm.o)
                                         0xd8 (size before relaxing)
 .ARM.exidx     0x0000000008006bf4       0x38 /home/szy/gcc-arm-none-eabi-7-2017-q4-major/bin/../lib/gcc/arm-none-eabi/7.2.1/thumb/v7e-m/fpv4-sp/hard/libgcc.a(pr-support.o)
                                         0x48 (size before relaxing)
                0x0000000008006ca4                __exidx_end = .
                0x0000000008006ca4                . = ALIGN (0x4)

.rel.dyn        0x0000000008006ca4        0x0
 .rel.iplt      0x0000000008006ca4        0x0 /home/szy/gcc-arm-none-eabi-7-2017-q4-major/bin/../lib/gcc/arm-none-eabi/7.2.1/thumb/v7e-m/fpv4-sp/hard/crtbegin.o

.preinit_array  0x0000000008006ca4        0x0
                0x0000000008006ca4                . = ALIGN (0x4)
                0x0000000008006ca4                PROVIDE (__preinit_array_start, .)
 *(.preinit_array*)
                0x0000000008006ca4                PROVIDE (__preinit_array_end, .)
                0x0000000008006ca4                . = ALIGN (0x4)

.init_array     0x0000000008006ca4       0x10
                0x0000000008006ca4                . = ALIGN (0x4)
                0x0000000008006ca4                PROVIDE (__init_array_start, .)
 *(SORT_BY_NAME(.init_array.*))
 .init_array.00000
                0x0000000008006ca4        0x4 /home/szy/gcc-arm-none-eabi-7-2017-q4-major/bin/../lib/gcc/arm-none-eabi/7.2.1/../../../../arm-none-eabi/lib/thumb/v7e-m/fpv4-sp/hard/libg.a(lib_a-__call_atexit.o)
 *(.init_array*)
 .init_array    0x0000000008006ca8        0x4 /home/szy/gcc-arm-none-eabi-7-2017-q4-major/bin/../lib/gcc/arm-none-eabi/7.2.1/thumb/v7e-m/fpv4-sp/hard/crtbegin.o
 .init_array    0x0000000008006cac        0x4 CMakeFiles/tw_cart_chassis_clion.elf.dir/Applications/communication_task.cpp.obj
 .init_array    0x0000000008006cb0        0x4 CMakeFiles/tw_cart_chassis_clion.elf.dir/Bsp/MOTOR_DRIVER/MotorM2006.cpp.obj
                0x0000000008006cb4                PROVIDE (__init_array_end, .)
                0x0000000008006cb4                . = ALIGN (0x4)

.fini_array     0x0000000008006cb4        0x4
                0x0000000008006cb4                . = ALIGN (0x4)
                0x0000000008006cb4                PROVIDE (__fini_array_start, .)
 *(SORT_BY_NAME(.fini_array.*))
 *(.fini_array*)
 .fini_array    0x0000000008006cb4        0x4 /home/szy/gcc-arm-none-eabi-7-2017-q4-major/bin/../lib/gcc/arm-none-eabi/7.2.1/thumb/v7e-m/fpv4-sp/hard/crtbegin.o
                0x0000000008006cb8                PROVIDE (__fini_array_end, .)
                0x0000000008006cb8                . = ALIGN (0x4)
                0x0000000008006cb8                _sidata = LOADADDR (.data)

.data           0x0000000020000000      0x854 load address 0x0000000008006cb8
                0x0000000020000000                . = ALIGN (0x4)
                0x0000000020000000                _sdata = .
 *(.data)
 *(.data*)
 .data.SystemCoreClock
                0x0000000020000000        0x4 CMakeFiles/tw_cart_chassis_clion.elf.dir/Core/Src/system_stm32f4xx.c.obj
                0x0000000020000000                SystemCoreClock
 .data.uwTickFreq
                0x0000000020000004        0x1 CMakeFiles/tw_cart_chassis_clion.elf.dir/Drivers/STM32F4xx_HAL_Driver/Src/stm32f4xx_hal.c.obj
                0x0000000020000004                uwTickFreq
 *fill*         0x0000000020000005        0x3 
 .data.uwTickPrio
                0x0000000020000008        0x4 CMakeFiles/tw_cart_chassis_clion.elf.dir/Drivers/STM32F4xx_HAL_Driver/Src/stm32f4xx_hal.c.obj
                0x0000000020000008                uwTickPrio
 .data.uxCriticalNesting
                0x000000002000000c        0x4 CMakeFiles/tw_cart_chassis_clion.elf.dir/Middlewares/Third_Party/FreeRTOS/Source/portable/GCC/ARM_CM4F/port.c.obj
 .data._impure_ptr
                0x0000000020000010        0x4 /home/szy/gcc-arm-none-eabi-7-2017-q4-major/bin/../lib/gcc/arm-none-eabi/7.2.1/../../../../arm-none-eabi/lib/thumb/v7e-m/fpv4-sp/hard/libg.a(lib_a-impure.o)
                0x0000000020000010                _impure_ptr
 *fill*         0x0000000020000014        0x4 
 .data.impure_data
                0x0000000020000018      0x428 /home/szy/gcc-arm-none-eabi-7-2017-q4-major/bin/../lib/gcc/arm-none-eabi/7.2.1/../../../../arm-none-eabi/lib/thumb/v7e-m/fpv4-sp/hard/libg.a(lib_a-impure.o)
 .data.__malloc_av_
                0x0000000020000440      0x408 /home/szy/gcc-arm-none-eabi-7-2017-q4-major/bin/../lib/gcc/arm-none-eabi/7.2.1/../../../../arm-none-eabi/lib/thumb/v7e-m/fpv4-sp/hard/libg.a(lib_a-mallocr.o)
                0x0000000020000440                __malloc_av_
 .data.__malloc_sbrk_base
                0x0000000020000848        0x4 /home/szy/gcc-arm-none-eabi-7-2017-q4-major/bin/../lib/gcc/arm-none-eabi/7.2.1/../../../../arm-none-eabi/lib/thumb/v7e-m/fpv4-sp/hard/libg.a(lib_a-mallocr.o)
                0x0000000020000848                __malloc_sbrk_base
 .data.__malloc_trim_threshold
                0x000000002000084c        0x4 /home/szy/gcc-arm-none-eabi-7-2017-q4-major/bin/../lib/gcc/arm-none-eabi/7.2.1/../../../../arm-none-eabi/lib/thumb/v7e-m/fpv4-sp/hard/libg.a(lib_a-mallocr.o)
                0x000000002000084c                __malloc_trim_threshold
 .data.__atexit_recursive_mutex
                0x0000000020000850        0x4 /home/szy/gcc-arm-none-eabi-7-2017-q4-major/bin/../lib/gcc/arm-none-eabi/7.2.1/../../../../arm-none-eabi/lib/thumb/v7e-m/fpv4-sp/hard/libg.a(lib_a-__call_atexit.o)
                0x0000000020000850                __atexit_recursive_mutex
 *(.RamFunc)
 *(.RamFunc*)
                0x0000000020000854                . = ALIGN (0x4)