Archive member included to satisfy reference by file (symbol)

/home/szy/gcc-arm-none-eabi-7-2017-q4-major/bin/../lib/gcc/arm-none-eabi/7.2.1/../../../../arm-none-eabi/lib/thumb/v7e-m/fpv4-sp/hard/libstdc++.a(si_class_type_info.o)
                              CMakeFiles/tw_cart_chassis_clion.elf.dir/Bsp/MOTOR_DRIVER/MotorM2006.cpp.obj (vtable for __cxxabiv1::__si_class_type_info)
/home/szy/gcc-arm-none-eabi-7-2017-q4-major/bin/../lib/gcc/arm-none-eabi/7.2.1/../../../../arm-none-eabi/lib/thumb/v7e-m/fpv4-sp/hard/libstdc++.a(tinfo.o)
                              /home/szy/gcc-arm-none-eabi-7-2017-q4-major/bin/../lib/gcc/arm-none-eabi/7.2.1/../../../../arm-none-eabi/lib/thumb/v7e-m/fpv4-sp/hard/libstdc++.a(si_class_type_info.o) (std::type_info::__is_pointer_p() const)
/home/szy/gcc-arm-none-eabi-7-2017-q4-major/bin/../lib/gcc/arm-none-eabi/7.2.1/../../../../arm-none-eabi/lib/thumb/v7e-m/fpv4-sp/hard/libstdc++.a(class_type_info.o)
                              /home/szy/gcc-arm-none-eabi-7-2017-q4-major/bin/../lib/gcc/arm-none-eabi/7.2.1/../../../../arm-none-eabi/lib/thumb/v7e-m/fpv4-sp/hard/libstdc++.a(si_class_type_info.o) (__cxxabiv1::__class_type_info::__do_upcast(__cxxabiv1::__class_type_info const*, void**) const)
/home/szy/gcc-arm-none-eabi-7-2017-q4-major/bin/../lib/gcc/arm-none-eabi/7.2.1/../../../../arm-none-eabi/lib/thumb/v7e-m/fpv4-sp/hard/libstdc++.a(del_ops.o)
                              /home/szy/gcc-arm-none-eabi-7-2017-q4-major/bin/../lib/gcc/arm-none-eabi/7.2.1/../../../../arm-none-eabi/lib/thumb/v7e-m/fpv4-sp/hard/libstdc++.a(si_class_type_info.o) (operator delete(void*, unsigned int))
/home/szy/gcc-arm-none-eabi-7-2017-q4-major/bin/../lib/gcc/arm-none-eabi/7.2.1/../../../../arm-none-eabi/lib/thumb/v7e-m/fpv4-sp/hard/libstdc++.a(del_op.o)
                              /home/szy/gcc-arm-none-eabi-7-2017-q4-major/bin/../lib/gcc/arm-none-eabi/7.2.1/../../../../arm-none-eabi/lib/thumb/v7e-m/fpv4-sp/hard/libstdc++.a(del_ops.o) (operator delete(void*))
/home/szy/gcc-arm-none-eabi-7-2017-q4-major/bin/../lib/gcc/arm-none-eabi/7.2.1/thumb/v7e-m/fpv4-sp/hard/libgcc.a(_arm_addsubdf3.o)
                              CMakeFiles/tw_cart_chassis_clion.elf.dir/Algorithms/PID/pid.cpp.obj (__aeabi_dadd)
/home/szy/gcc-arm-none-eabi-7-2017-q4-major/bin/../lib/gcc/arm-none-eabi/7.2.1/thumb/v7e-m/fpv4-sp/hard/libgcc.a(_arm_muldivdf3.o)
                              CMakeFiles/tw_cart_chassis_clion.elf.dir/Algorithms/PID/pid.cpp.obj (__aeabi_dmul)
/home/szy/gcc-arm-none-eabi-7-2017-q4-major/bin/../lib/gcc/arm-none-eabi/7.2.1/thumb/v7e-m/fpv4-sp/hard/libgcc.a(_arm_cmpdf2.o)
                              CMakeFiles/tw_cart_chassis_clion.elf.dir/Algorithms/PID/pid.cpp.obj (__aeabi_dcmplt)
/home/szy/gcc-arm-none-eabi-7-2017-q4-major/bin/../lib/gcc/arm-none-eabi/7.2.1/thumb/v7e-m/fpv4-sp/hard/libgcc.a(_arm_fixdfsi.o)
                              CMakeFiles/tw_cart_chassis_clion.elf.dir/Bsp/UART_DBUS/UART_DBUS.cpp.obj (__aeabi_d2iz)
/home/szy/gcc-arm-none-eabi-7-2017-q4-major/bin/../lib/gcc/arm-none-eabi/7.2.1/thumb/v7e-m/fpv4-sp/hard/libgcc.a(_arm_truncdfsf2.o)
                              CMakeFiles/tw_cart_chassis_clion.elf.dir/Algorithms/PID/pid.cpp.obj (__aeabi_d2f)
/home/szy/gcc-arm-none-eabi-7-2017-q4-major/bin/../lib/gcc/arm-none-eabi/7.2.1/thumb/v7e-m/fpv4-sp/hard/libgcc.a(_aeabi_uldivmod.o)
                              CMakeFiles/tw_cart_chassis_clion.elf.dir/Drivers/STM32F4xx_HAL_Driver/Src/stm32f4xx_hal_rcc.c.obj (__aeabi_uldivmod)
/home/szy/gcc-arm-none-eabi-7-2017-q4-major/bin/../lib/gcc/arm-none-eabi/7.2.1/thumb/v7e-m/fpv4-sp/hard/libgcc.a(_udivmoddi4.o)
                              /home/szy/gcc-arm-none-eabi-7-2017-q4-major/bin/../lib/gcc/arm-none-eabi/7.2.1/thumb/v7e-m/fpv4-sp/hard/libgcc.a(_aeabi_uldivmod.o) (__udivmoddi4)
/home/szy/gcc-arm-none-eabi-7-2017-q4-major/bin/../lib/gcc/arm-none-eabi/7.2.1/thumb/v7e-m/fpv4-sp/hard/libgcc.a(unwind-arm.o)
                              CMakeFiles/tw_cart_chassis_clion.elf.dir/Applications/motor_task.cpp.obj (__aeabi_unwind_cpp_pr0)
/home/szy/gcc-arm-none-eabi-7-2017-q4-major/bin/../lib/gcc/arm-none-eabi/7.2.1/thumb/v7e-m/fpv4-sp/hard/libgcc.a(libunwind.o)
                              /home/szy/gcc-arm-none-eabi-7-2017-q4-major/bin/../lib/gcc/arm-none-eabi/7.2.1/thumb/v7e-m/fpv4-sp/hard/libgcc.a(unwind-arm.o) (restore_core_regs)
/home/szy/gcc-arm-none-eabi-7-2017-q4-major/bin/../lib/gcc/arm-none-eabi/7.2.1/thumb/v7e-m/fpv4-sp/hard/libgcc.a(pr-support.o)
                              /home/szy/gcc-arm-none-eabi-7-2017-q4-major/bin/../lib/gcc/arm-none-eabi/7.2.1/thumb/v7e-m/fpv4-sp/hard/libgcc.a(unwind-arm.o) (__gnu_unwind_execute)
/home/szy/gcc-arm-none-eabi-7-2017-q4-major/bin/../lib/gcc/arm-none-eabi/7.2.1/thumb/v7e-m/fpv4-sp/hard/libgcc.a(_dvmd_tls.o)
                              /home/szy/gcc-arm-none-eabi-7-2017-q4-major/bin/../lib/gcc/arm-none-eabi/7.2.1/thumb/v7e-m/fpv4-sp/hard/libgcc.a(_aeabi_uldivmod.o) (__aeabi_ldiv0)
[...]
Memory Configuration

Name             Origin             Length             Attributes
CCMRAM           0x0000000010000000 0x0000000000010000 xrw
RAM              0x0000000020000000 0x0000000000020000 xrw
FLASH            0x0000000008000000 0x0000000000100000 xr
*default*        0x0000000000000000 0xffffffffffffffff

Linker script and memory map

LOAD /home/szy/gcc-arm-none-eabi-7-2017-q4-major/bin/../lib/gcc/arm-none-eabi/7.2.1/thumb/v7e-m/fpv4-sp/hard/crti.o
LOAD /home/szy/gcc-arm-none-eabi-7-2017-q4-major/bin/../lib/gcc/arm-none-eabi/7.2.1/thumb/v7e-m/fpv4-sp/hard/crtbegin.o
LOAD /home/szy/gcc-arm-none-eabi-7-2017-q4-major/bin/../lib/gcc/arm-none-eabi/7.2.1/../../../../arm-none-eabi/lib/thumb/v7e-m/fpv4-sp/hard/crt0.o
LOAD CMakeFiles/tw_cart_chassis_clion.elf.dir/Algorithms/PID/pid.cpp.obj
LOAD CMakeFiles/tw_cart_chassis_clion.elf.dir/Applications/communication_task.cpp.obj
LOAD CMakeFiles/tw_cart_chassis_clion.elf.dir/Applications/motor_task.cpp.obj
LOAD CMakeFiles/tw_cart_chassis_clion.elf.dir/Bsp/Communication/communication.cpp.obj
LOAD CMakeFiles/tw_cart_chassis_clion.elf.dir/Bsp/MOTOR_DRIVER/MotorDriver.cpp.obj
LOAD CMakeFiles/tw_cart_chassis_clion.elf.dir/Bsp/MOTOR_DRIVER/MotorM2006.cpp.obj
LOAD CMakeFiles/tw_cart_chassis_clion.elf.dir/Bsp/UART_DBUS/UART_DBUS.cpp.obj
LOAD CMakeFiles/tw_cart_chassis_clion.elf.dir/Bsp/canRxCallback.cpp.obj
LOAD CMakeFiles/tw_cart_chassis_clion.elf.dir/Core/Src/can.c.obj
LOAD CMakeFiles/tw_cart_chassis_clion.elf.dir/Core/Src/dma.c.obj
LOAD CMakeFiles/tw_cart_chassis_clion.elf.dir/Core/Src/freertos.c.obj
LOAD CMakeFiles/tw_cart_chassis_clion.elf.dir/Core/Src/gpio.c.obj
LOAD CMakeFiles/tw_cart_chassis_clion.elf.dir/Core/Src/main.c.obj
LOAD CMakeFiles/tw_cart_chassis_clion.elf.dir/Core/Src/stm32f4xx_hal_msp.c.obj
LOAD CMakeFiles/tw_cart_chassis_clion.elf.dir/Core/Src/stm32f4xx_hal_timebase_tim.c.obj
LOAD CMakeFiles/tw_cart_chassis_clion.elf.dir/Core/Src/stm32f4xx_it.c.obj
LOAD CMakeFiles/tw_cart_chassis_clion.elf.dir/Core/Src/syscalls.c.obj
LOAD CMakeFiles/tw_cart_chassis_clion.elf.dir/Core/Src/sysmem.c.obj
LOAD CMakeFiles/tw_cart_chassis_clion.elf.dir/Core/Src/system_stm32f4xx.c.obj
LOAD CMakeFiles/tw_cart_chassis_clion.elf.dir/Core/Src/usart.c.obj
LOAD CMakeFiles/tw_cart_chassis_clion.elf.dir/Core/Startup/startup_stm32f407ighx.s.obj
LOAD CMakeFiles/tw_cart_chassis_clion.elf.dir/Drivers/STM32F4xx_HAL_Driver/Src/stm32f4xx_hal.c.obj
LOAD CMakeFiles/tw_cart_chassis_clion.elf.dir/Drivers/STM32F4xx_HAL_Driver/Src/stm32f4xx_hal_can.c.obj
LOAD CMakeFiles/tw_cart_chassis_clion.elf.dir/Drivers/STM32F4xx_HAL_Driver/Src/stm32f4xx_hal_cortex.c.obj
LOAD CMakeFiles/tw_cart_chassis_clion.elf.dir/Drivers/STM32F4xx_HAL_Driver/Src/stm32f4xx_hal_dma.c.obj
LOAD CMakeFiles/tw_cart_chassis_clion.elf.dir/Drivers/STM32F4xx_HAL_Driver/Src/stm32f4xx_hal_dma_ex.c.obj
LOAD CMakeFiles/tw_cart_chassis_clion.elf.dir/Drivers/STM32F4xx_HAL_Driver/Src/stm32f4xx_hal_exti.c.obj
LOAD CMakeFiles/tw_cart_chassis_clion.elf.dir/Drivers/STM32F4xx_HAL_Driver/Src/stm32f4xx_hal_flash.c.obj
LOAD CMakeFiles/tw_cart_chassis_clion.elf.dir/Drivers/STM32F4xx_HAL_Driver/Src/stm32f4xx_hal_flash_ex.c.obj
LOAD CMakeFiles/tw_cart_chassis_clion.elf.dir/Drivers/STM32F4xx_HAL_Driver/Src/stm32f4xx_hal_flash_ramfunc.c.obj
LOAD CMakeFiles/tw_cart_chassis_clion.elf.dir/Drivers/STM32F4xx_HAL_Driver/Src/stm32f4xx_hal_gpio.c.obj
LOAD CMakeFiles/tw_cart_chassis_clion.elf.dir/Drivers/STM32F4xx_HAL_Driver/Src/stm32f4xx_hal_pwr.c.obj
LOAD CMakeFiles/tw_cart_chassis_clion.elf.dir/Drivers/STM32F4xx_HAL_Driver/Src/stm32f4xx_hal_pwr_ex.c.obj
LOAD CMakeFiles/tw_cart_chassis_clion.elf.dir/Drivers/STM32F4xx_HAL_Driver/Src/stm32f4xx_hal_rcc.c.obj
LOAD CMakeFiles/tw_cart_chassis_clion.elf.dir/Drivers/STM32F4xx_HAL_Driver/Src/stm32f4xx_hal_rcc_ex.c.obj
LOAD CMakeFiles/tw_cart_chassis_clion.elf.dir/Drivers/STM32F4xx_HAL_Driver/Src/stm32f4xx_hal_tim.c.obj
LOAD CMakeFiles/tw_cart_chassis_clion.elf.dir/Drivers/STM32F4xx_HAL_Driver/Src/stm32f4xx_hal_tim_ex.c.obj
LOAD CMakeFiles/tw_cart_chassis_clion.elf.dir/Drivers/STM32F4xx_HAL_Driver/Src/stm32f4xx_hal_uart.c.obj
LOAD CMakeFiles/tw_cart_chassis_clion.elf.dir/Middlewares/Third_Party/FreeRTOS/Source/CMSIS_RTOS/cmsis_os.c.obj
LOAD CMakeFiles/tw_cart_chassis_clion.elf.dir/Middlewares/Third_Party/FreeRTOS/Source/croutine.c.obj
LOAD CMakeFiles/tw_cart_chassis_clion.elf.dir/Middlewares/Third_Party/FreeRTOS/Source/event_groups.c.obj
LOAD CMakeFiles/tw_cart_chassis_clion.elf.dir/Middlewares/Third_Party/FreeRTOS/Source/list.c.obj
LOAD CMakeFiles/tw_cart_chassis_clion.elf.dir/Middlewares/Third_Party/FreeRTOS/Source/portable/GCC/ARM_CM4F/port.c.obj
LOAD CMakeFiles/tw_cart_chassis_clion.elf.dir/Middlewares/Third_Party/FreeRTOS/Source/portable/MemMang/heap_4.c.obj
LOAD CMakeFiles/tw_cart_chassis_clion.elf.dir/Middlewares/Third_Party/FreeRTOS/Source/queue.c.obj
LOAD CMakeFiles/tw_cart_chassis_clion.elf.dir/Middlewares/Third_Party/FreeRTOS/Source/stream_buffer.c.obj
LOAD CMakeFiles/tw_cart_chassis_clion.elf.dir/Middlewares/Third_Party/FreeRTOS/Source/tasks.c.obj
LOAD CMakeFiles/tw_cart_chassis_clion.elf.dir/Middlewares/Third_Party/FreeRTOS/Source/timers.c.obj
LOAD /home/szy/gcc-arm-none-eabi-7-2017-q4-major/bin/../lib/gcc/arm-none-eabi/7.2.1/../../../../arm-none-eabi/lib/thumb/v7e-m/fpv4-sp/hard/libstdc++.a
LOAD /home/szy/gcc-arm-none-eabi-7-2017-q4-major/bin/../lib/gcc/arm-none-eabi/7.2.1/../../../../arm-none-eabi/lib/thumb/v7e-m/fpv4-sp/hard/libm.a
START GROUP
LOAD /home/szy/gcc-arm-none-eabi-7-2017-q4-major/bin/../lib/gcc/arm-none-eabi/7.2.1/thumb/v7e-m/fpv4-sp/hard/libgcc.a
LOAD /home/szy/gcc-arm-none-eabi-7-2017-q4-major/bin/../lib/gcc/arm-none-eabi/7.2.1/../../../../arm-none-eabi/lib/thumb/v7e-m/fpv4-sp/hard/libg.a
LOAD /home/szy/gcc-arm-none-eabi-7-2017-q4-major/bin/../lib/gcc/arm-none-eabi/7.2.1/../../../../arm-none-eabi/lib/thumb/v7e-m/fpv4-sp/hard/libc.a
END GROUP
LOAD /home/szy/gcc-arm-none-eabi-7-2017-q4-major/bin/../lib/gcc/arm-none-eabi/7.2.1/thumb/v7e-m/fpv4-sp/hard/crtend.o
LOAD /home/szy/gcc-arm-none-eabi-7-2017-q4-major/bin/../lib/gcc/arm-none-eabi/7.2.1/thumb/v7e-m/fpv4-sp/hard/crtn.o
                0x0000000020020000                _estack = (ORIGIN (RAM) + LENGTH (RAM))
                0x0000000000000200                _Min_Heap_Size = 0x200
                0x0000000000000400                _Min_Stack_Size = 0x400

.isr_vector     0x0000000008000000      0x188
                0x0000000008000000                . = ALIGN (0x4)
 *(.isr_vector)
 .isr_vector    0x0000000008000000      0x188 CMakeFiles/tw_cart_chassis_clion.elf.dir/Core/Startup/startup_stm32f407ighx.s.obj
                0x0000000008000000                g_pfnVectors
                0x0000000008000188                . = ALIGN (0x4)

.text           0x00000000080001a0     0x6914
                0x00000000080001a0                . = ALIGN (0x4)
 *(.text)
 .text          0x00000000080001a0       0x40 /home/szy/gcc-arm-none-eabi-7-2017-q4-major/bin/../lib/gcc/arm-none-eabi/7.2.1/thumb/v7e-m/fpv4-sp/hard/crtbegin.o
 .text          0x00000000080001e0      0x378 /home/szy/gcc-arm-none-eabi-7-2017-q4-major/bin/../lib/gcc/arm-none-eabi/7.2.1/thumb/v7e-m/fpv4-sp/hard/libgcc.a(_arm_addsubdf3.o)
                0x00000000080001e0                __aeabi_drsub
                0x00000000080001e8                __aeabi_dsub
                0x00000000080001e8                __subdf3
                0x00000000080001ec                __adddf3
                0x00000000080001ec                __aeabi_dadd
                0x0000000008000464                __aeabi_ui2d
                0x0000000008000464                __floatunsidf
                0x0000000008000484                __floatsidf
                0x0000000008000484                __aeabi_i2d
                0x00000000080004a8                __extendsfdf2
                0x00000000080004a8                __aeabi_f2d
                0x00000000080004ec                __aeabi_ul2d
                0x00000000080004ec                __floatundidf
                0x00000000080004fc                __floatdidf
                0x00000000080004fc                __aeabi_l2d
 .text          0x0000000008000558      0x424 /home/szy/gcc-arm-none-eabi-7-2017-q4-major/bin/../lib/gcc/arm-none-eabi/7.2.1/thumb/v7e-m/fpv4-sp/hard/libgcc.a(_arm_muldivdf3.o)
                0x0000000008000558                __aeabi_dmul
                0x0000000008000558                __muldf3
                0x00000000080007ac                __aeabi_ddiv
                0x00000000080007ac                __divdf3
 .text          0x000000000800097c      0x110 /home/szy/gcc-arm-none-eabi-7-2017-q4-major/bin/../lib/gcc/arm-none-eabi/7.2.1/thumb/v7e-m/fpv4-sp/hard/libgcc.a(_arm_cmpdf2.o)
                0x000000000800097c                __gtdf2
                0x000000000800097c                __gedf2
                0x0000000008000984                __ltdf2
                0x0000000008000984                __ledf2
                0x000000000800098c                __cmpdf2
                0x000000000800098c                __eqdf2
                0x000000000800098c                __nedf2
                0x0000000008000a08                __aeabi_cdrcmple
                0x0000000008000a18                __aeabi_cdcmple
                0x0000000008000a18                __aeabi_cdcmpeq
                0x0000000008000a28                __aeabi_dcmpeq
                0x0000000008000a3c                __aeabi_dcmplt
                0x0000000008000a50                __aeabi_dcmple
                0x0000000008000a64                __aeabi_dcmpge
                0x0000000008000a78                __aeabi_dcmpgt
 .text          0x0000000008000a8c       0x50 /home/szy/gcc-arm-none-eabi-7-2017-q4-major/bin/../lib/gcc/arm-none-eabi/7.2.1/thumb/v7e-m/fpv4-sp/hard/libgcc.a(_arm_fixdfsi.o)
                0x0000000008000a8c                __fixdfsi
                0x0000000008000a8c                __aeabi_d2iz
 .text          0x0000000008000adc       0xa0 /home/szy/gcc-arm-none-eabi-7-2017-q4-major/bin/../lib/gcc/arm-none-eabi/7.2.1/thumb/v7e-m/fpv4-sp/hard/libgcc.a(_arm_truncdfsf2.o)
                0x0000000008000adc                __aeabi_d2f
                0x0000000008000adc                __truncdfsf2
 .text          0x0000000008000b7c       0x30 /home/szy/gcc-arm-none-eabi-7-2017-q4-major/bin/../lib/gcc/arm-none-eabi/7.2.1/thumb/v7e-m/fpv4-sp/hard/libgcc.a(_aeabi_uldivmod.o)
                0x0000000008000b7c                __aeabi_uldivmod
 .text          0x0000000008000bac      0x2cc /home/szy/gcc-arm-none-eabi-7-2017-q4-major/bin/../lib/gcc/arm-none-eabi/7.2.1/thumb/v7e-m/fpv4-sp/hard/libgcc.a(_udivmoddi4.o)
                0x0000000008000bac                __udivmoddi4
 .text          0x0000000008000e78      0x9ec /home/szy/gcc-arm-none-eabi-7-2017-q4-major/bin/../lib/gcc/arm-none-eabi/7.2.1/thumb/v7e-m/fpv4-sp/hard/libgcc.a(unwind-arm.o)
                0x000000000800112c                _Unwind_GetCFA
                0x0000000008001130                __gnu_Unwind_RaiseException
                0x0000000008001190                __gnu_Unwind_ForcedUnwind
                0x00000000080011a4                __gnu_Unwind_Resume
                0x00000000080011e8                __gnu_Unwind_Resume_or_Rethrow
                0x00000000080011f8                _Unwind_Complete
                0x00000000080011fc                _Unwind_DeleteException
                0x0000000008001208                _Unwind_VRS_Get
                0x000000000800124c                _Unwind_VRS_Set
                0x0000000008001294                __gnu_Unwind_Backtrace
                0x00000000080015d8                __aeabi_unwind_cpp_pr0
                0x00000000080015dc                __aeabi_unwind_cpp_pr1
                0x00000000080015e0                __aeabi_unwind_cpp_pr2
                0x00000000080015e4                _Unwind_VRS_Pop
 .text          0x0000000008001864      0x1ac /home/szy/gcc-arm-none-eabi-7-2017-q4-major/bin/../lib/gcc/arm-none-eabi/7.2.1/thumb/v7e-m/fpv4-sp/hard/libgcc.a(libunwind.o)
                0x0000000008001864                __restore_core_regs
                0x0000000008001864                restore_core_regs
                0x000000000800187c                __gnu_Unwind_Restore_VFP
                0x0000000008001884                __gnu_Unwind_Save_VFP
                0x000000000800188c                __gnu_Unwind_Restore_VFP_D
                0x0000000008001894                __gnu_Unwind_Save_VFP_D
                0x000000000800189c                __gnu_Unwind_Restore_VFP_D_16_to_31
                0x00000000080018a4                __gnu_Unwind_Save_VFP_D_16_to_31
                0x00000000080018ac                __gnu_Unwind_Restore_WMMXD
                0x00000000080018f0                __gnu_Unwind_Save_WMMXD
                0x0000000008001934                __gnu_Unwind_Restore_WMMXC
                0x0000000008001948                __gnu_Unwind_Save_WMMXC
                0x000000000800195c                ___Unwind_RaiseException
                0x000000000800195c                _Unwind_RaiseException
                0x0000000008001980                ___Unwind_Resume
                0x0000000008001980                _Unwind_Resume
                0x00000000080019a4                _Unwind_Resume_or_Rethrow
                0x00000000080019a4                ___Unwind_Resume_or_Rethrow
                0x00000000080019c8                ___Unwind_ForcedUnwind
                0x00000000080019c8                _Unwind_ForcedUnwind
                0x00000000080019ec                _Unwind_Backtrace
                0x00000000080019ec                ___Unwind_Backtrace
 .text          0x0000000008001a10      0x374 /home/szy/gcc-arm-none-eabi-7-2017-q4-major/bin/../lib/gcc/arm-none-eabi/7.2.1/thumb/v7e-m/fpv4-sp/hard/libgcc.a(pr-support.o)
                0x0000000008001a68                __gnu_unwind_execute
                0x0000000008001d2c                __gnu_unwind_frame
                0x0000000008001d54                _Unwind_GetRegionStart
                0x0000000008001d60                _Unwind_GetLanguageSpecificData
                0x0000000008001d74                _Unwind_GetDataRelBase
                0x0000000008001d7c                _Unwind_GetTextRelBase
 .text          0x0000000008001d84        0x4 /home/szy/gcc-arm-none-eabi-7-2017-q4-major/bin/../lib/gcc/arm-none-eabi/7.2.1/thumb/v7e-m/fpv4-sp/hard/libgcc.a(_dvmd_tls.o)
                0x0000000008001d84                __aeabi_ldiv0
                0x0000000008001d84                __aeabi_idiv0
 .text          0x0000000008001d88      0x134 /home/szy/gcc-arm-none-eabi-7-2017-q4-major/bin/../lib/gcc/arm-none-eabi/7.2.1/../../../../arm-none-eabi/lib/thumb/v7e-m/fpv4-sp/hard/libg.a(lib_a-memcpy.o)
                0x0000000008001d88                memcpy
 *fill*         0x0000000008001ebc        0x4 
 .text          0x0000000008001ec0      0x2dc /home/szy/gcc-arm-none-eabi-7-2017-q4-major/bin/../lib/gcc/arm-none-eabi/7.2.1/../../../../arm-none-eabi/lib/thumb/v7e-m/fpv4-sp/hard/libg.a(lib_a-strcmp.o)
                0x0000000008001ec8                strcmp
 *(.text*)
 .text._ZN3PID10PID_OutputEff
                0x000000000800219c       0xe4 CMakeFiles/tw_cart_chassis_clion.elf.dir/Algorithms/PID/pid.cpp.obj
                0x000000000800219c                PID::PID_Output(float, float)
 .text._ZN3PIDC2Effffff
                0x0000000008002280       0x34 CMakeFiles/tw_cart_chassis_clion.elf.dir/Algorithms/PID/pid.cpp.obj
                0x0000000008002280                PID::PID(float, float, float, float, float, float)
                0x0000000008002280                PID::PID(float, float, float, float, float, float)
 .text._Z41__static_initialization_and_destruction_0ii
                0x00000000080022b4       0x24 CMakeFiles/tw_cart_chassis_clion.elf.dir/Applications/communication_task.cpp.obj
 .text.communication_task
                0x00000000080022d8       0x14 CMakeFiles/tw_cart_chassis_clion.elf.dir/Applications/communication_task.cpp.obj
                0x00000000080022d8                communication_task
 .text._GLOBAL__sub_I_chassisComInfo
                0x00000000080022ec        0xe CMakeFiles/tw_cart_chassis_clion.elf.dir/Applications/communication_task.cpp.obj
 *fill*         0x00000000080022fa        0x2 
 .text.motor_task
                0x00000000080022fc       0x50 CMakeFiles/tw_cart_chassis_clion.elf.dir/Applications/motor_task.cpp.obj
                0x00000000080022fc                motor_task
 .text._ZN13Communication17initCommunicationEv
                0x000000000800234c       0x20 CMakeFiles/tw_cart_chassis_clion.elf.dir/Bsp/Communication/communication.cpp.obj
                0x000000000800234c                Communication::initCommunication()
 .text._ZN5M20069initMotorEv
                0x000000000800236c       0x3c CMakeFiles/tw_cart_chassis_clion.elf.dir/Bsp/MOTOR_DRIVER/MotorM2006.cpp.obj
                0x000000000800236c                M2006::initMotor()
 .text._ZN5M200614sendControlCmdEv
                0x00000000080023a8       0x98 CMakeFiles/tw_cart_chassis_clion.elf.dir/Bsp/MOTOR_DRIVER/MotorM2006.cpp.obj
                0x00000000080023a8                M2006::sendControlCmd()
 .text._ZN5M2006C2Ev
                0x0000000008002440       0x78 CMakeFiles/tw_cart_chassis_clion.elf.dir/Bsp/MOTOR_DRIVER/MotorM2006.cpp.obj
                0x0000000008002440                M2006::M2006()
                0x0000000008002440                M2006::M2006()
 .text._Z41__static_initialization_and_destruction_0ii
                0x00000000080024b8       0x28 CMakeFiles/tw_cart_chassis_clion.elf.dir/Bsp/MOTOR_DRIVER/MotorM2006.cpp.obj
 .text._ZN5M200611setExpSpeedEPKi
                0x00000000080024e0       0x22 CMakeFiles/tw_cart_chassis_clion.elf.dir/Bsp/MOTOR_DRIVER/MotorM2006.cpp.obj
                0x00000000080024e0                M2006::setExpSpeed(int const*)
 .text._ZN5M200618updateFeedBackInfoEhPKh
                0x0000000008002502       0x3c CMakeFiles/tw_cart_chassis_clion.elf.dir/Bsp/MOTOR_DRIVER/MotorM2006.cpp.obj
                0x0000000008002502                M2006::updateFeedBackInfo(unsigned char, unsigned char const*)
 .text._ZN5M20066setPIDEfff
                0x000000000800253e        0xe CMakeFiles/tw_cart_chassis_clion.elf.dir/Bsp/MOTOR_DRIVER/MotorM2006.cpp.obj
                0x000000000800253e                M2006::setPID(float, float, float)
 .text._GLOBAL__sub_I_m2006
                0x000000000800254c        0xe CMakeFiles/tw_cart_chassis_clion.elf.dir/Bsp/MOTOR_DRIVER/MotorM2006.cpp.obj
 .text._ZN5M200612calculatePIDEv
                0x000000000800255a       0x4a CMakeFiles/tw_cart_chassis_clion.elf.dir/Bsp/MOTOR_DRIVER/MotorM2006.cpp.obj
                0x000000000800255a                M2006::calculatePID()
 .text._Z22Uart_Receive_Dma_No_ItP20__UART_HandleTypeDefPhS1_m
                0x00000000080025a4       0x84 CMakeFiles/tw_cart_chassis_clion.elf.dir/Bsp/UART_DBUS/UART_DBUS.cpp.obj
                0x00000000080025a4                Uart_Receive_Dma_No_It(__UART_HandleTypeDef*, unsigned char*, unsigned char*, unsigned long)
 .text.dbus_uart_Init
                0x0000000008002628       0x3c CMakeFiles/tw_cart_chassis_clion.elf.dir/Bsp/UART_DBUS/UART_DBUS.cpp.obj
                0x0000000008002628                dbus_uart_Init
 *fill*         0x0000000008002664        0x4 
 .text._Z13dr16_TO_M2006v
                0x0000000008002668       0xdc CMakeFiles/tw_cart_chassis_clion.elf.dir/Bsp/UART_DBUS/UART_DBUS.cpp.obj
                0x0000000008002668                dr16_TO_M2006()
 .text._ZL10dbus_to_rcP12DR16_rc_infoPh
                0x0000000008002744      0x130 CMakeFiles/tw_cart_chassis_clion.elf.dir/Bsp/UART_DBUS/UART_DBUS.cpp.obj
 .text.dr16_uart_rx_data_handle
                0x0000000008002874       0xe4 CMakeFiles/tw_cart_chassis_clion.elf.dir/Bsp/UART_DBUS/UART_DBUS.cpp.obj
                0x0000000008002874                dr16_uart_rx_data_handle
 .text.HAL_CAN_RxFifo0MsgPendingCallback
                0x0000000008002958       0x8c CMakeFiles/tw_cart_chassis_clion.elf.dir/Bsp/canRxCallback.cpp.obj
                0x0000000008002958                HAL_CAN_RxFifo0MsgPendingCallback
 .text.MX_CAN1_Init
                0x00000000080029e4       0x40 CMakeFiles/tw_cart_chassis_clion.elf.dir/Core/Src/can.c.obj
                0x00000000080029e4                MX_CAN1_Init
 .text.MX_CAN2_Init
                0x0000000008002a24       0x40 CMakeFiles/tw_cart_chassis_clion.elf.dir/Core/Src/can.c.obj
                0x0000000008002a24                MX_CAN2_Init
 .text.HAL_CAN_MspInit
                0x0000000008002a64      0x140 CMakeFiles/tw_cart_chassis_clion.elf.dir/Core/Src/can.c.obj
                0x0000000008002a64                HAL_CAN_MspInit
 .text.CAN_Filter_Init
                0x0000000008002ba4       0x50 CMakeFiles/tw_cart_chassis_clion.elf.dir/Core/Src/can.c.obj
                0x0000000008002ba4                CAN_Filter_Init
 .text.HAL_CAN_Transmit
                0x0000000008002bf4       0x26 CMakeFiles/tw_cart_chassis_clion.elf.dir/Core/Src/can.c.obj
                0x0000000008002bf4                HAL_CAN_Transmit
 *fill*         0x0000000008002c1a        0x2 
 .text.MX_DMA_Init
                0x0000000008002c1c       0x34 CMakeFiles/tw_cart_chassis_clion.elf.dir/Core/Src/dma.c.obj
                0x0000000008002c1c                MX_DMA_Init
 .text.StartDefaultTask
                0x0000000008002c50        0x2 CMakeFiles/tw_cart_chassis_clion.elf.dir/Core/Src/freertos.c.obj
                0x0000000008002c50                StartDefaultTask
 *fill*         0x0000000008002c52        0x2 
 .text.vApplicationGetIdleTaskMemory
                0x0000000008002c54       0x18 CMakeFiles/tw_cart_chassis_clion.elf.dir/Core/Src/freertos.c.obj
                0x0000000008002c54                vApplicationGetIdleTaskMemory
 .text.MX_FREERTOS_Init
                0x0000000008002c6c       0x64 CMakeFiles/tw_cart_chassis_clion.elf.dir/Core/Src/freertos.c.obj
                0x0000000008002c6c                MX_FREERTOS_Init
 .text.MX_GPIO_Init
                0x0000000008002cd0       0xa8 CMakeFiles/tw_cart_chassis_clion.elf.dir/Core/Src/gpio.c.obj
                0x0000000008002cd0                MX_GPIO_Init
 .text.HAL_TIM_PeriodElapsedCallback
                0x0000000008002d78       0x18 CMakeFiles/tw_cart_chassis_clion.elf.dir/Core/Src/main.c.obj
                0x0000000008002d78                HAL_TIM_PeriodElapsedCallback
 .text.Error_Handler
                0x0000000008002d90        0x4 CMakeFiles/tw_cart_chassis_clion.elf.dir/Core/Src/main.c.obj
                0x0000000008002d90                Error_Handler
 .text.SystemClock_Config
                0x0000000008002d94       0xa8 CMakeFiles/tw_cart_chassis_clion.elf.dir/Core/Src/main.c.obj
                0x0000000008002d94                SystemClock_Config
 .text.main     0x0000000008002e3c       0x30 CMakeFiles/tw_cart_chassis_clion.elf.dir/Core/Src/main.c.obj
                0x0000000008002e3c                main
 .text.HAL_MspInit
                0x0000000008002e6c       0x44 CMakeFiles/tw_cart_chassis_clion.elf.dir/Core/Src/stm32f4xx_hal_msp.c.obj
                0x0000000008002e6c                HAL_MspInit
 .text.HAL_InitTick
                0x0000000008002eb0       0x7c CMakeFiles/tw_cart_chassis_clion.elf.dir/Core/Src/stm32f4xx_hal_timebase_tim.c.obj
                0x0000000008002eb0                HAL_InitTick
 .text.NMI_Handler
                0x0000000008002f2c        0x2 CMakeFiles/tw_cart_chassis_clion.elf.dir/Core/Src/stm32f4xx_it.c.obj
                0x0000000008002f2c                NMI_Handler
 .text.HardFault_Handler
                0x0000000008002f2e        0x2 CMakeFiles/tw_cart_chassis_clion.elf.dir/Core/Src/stm32f4xx_it.c.obj
                0x0000000008002f2e                HardFault_Handler
 .text.MemManage_Handler
                0x0000000008002f30        0x2 CMakeFiles/tw_cart_chassis_clion.elf.dir/Core/Src/stm32f4xx_it.c.obj
                0x0000000008002f30                MemManage_Handler
 .text.BusFault_Handler
                0x0000000008002f32        0x2 CMakeFiles/tw_cart_chassis_clion.elf.dir/Core/Src/stm32f4xx_it.c.obj
                0x0000000008002f32                BusFault_Handler
 .text.UsageFault_Handler
                0x0000000008002f34        0x2 CMakeFiles/tw_cart_chassis_clion.elf.dir/Core/Src/stm32f4xx_it.c.obj
                0x0000000008002f34                UsageFault_Handler
 .text.DebugMon_Handler
                0x0000000008002f36        0x2 CMakeFiles/tw_cart_chassis_clion.elf.dir/Core/Src/stm32f4xx_it.c.obj
                0x0000000008002f36                DebugMon_Handler
 .text.DMA1_Stream1_IRQHandler
                0x0000000008002f38       0x10 CMakeFiles/tw_cart_chassis_clion.elf.dir/Core/Src/stm32f4xx_it.c.obj
                0x0000000008002f38                DMA1_Stream1_IRQHandler
 .text.CAN1_TX_IRQHandler
                0x0000000008002f48       0x10 CMakeFiles/tw_cart_chassis_clion.elf.dir/Core/Src/stm32f4xx_it.c.obj
                0x0000000008002f48                CAN1_TX_IRQHandler
 .text.CAN1_RX0_IRQHandler
                0x0000000008002f58       0x10 CMakeFiles/tw_cart_chassis_clion.elf.dir/Core/Src/stm32f4xx_it.c.obj
                0x0000000008002f58                CAN1_RX0_IRQHandler
 .text.TIM1_BRK_TIM9_IRQHandler
                0x0000000008002f68       0x10 CMakeFiles/tw_cart_chassis_clion.elf.dir/Core/Src/stm32f4xx_it.c.obj
                0x0000000008002f68                TIM1_BRK_TIM9_IRQHandler
 .text.USART3_IRQHandler
                0x0000000008002f78       0x14 CMakeFiles/tw_cart_chassis_clion.elf.dir/Core/Src/stm32f4xx_it.c.obj
                0x0000000008002f78                USART3_IRQHandler
 .text.CAN2_TX_IRQHandler
                0x0000000008002f8c       0x10 CMakeFiles/tw_cart_chassis_clion.elf.dir/Core/Src/stm32f4xx_it.c.obj
                0x0000000008002f8c                CAN2_TX_IRQHandler
 .text.CAN2_RX0_IRQHandler
                0x0000000008002f9c       0x10 CMakeFiles/tw_cart_chassis_clion.elf.dir/Core/Src/stm32f4xx_it.c.obj
                0x0000000008002f9c                CAN2_RX0_IRQHandler
 .text._getpid  0x0000000008002fac        0x4 CMakeFiles/tw_cart_chassis_clion.elf.dir/Core/Src/syscalls.c.obj
                0x0000000008002fac                _getpid
 .text._kill    0x0000000008002fb0       0x10 CMakeFiles/tw_cart_chassis_clion.elf.dir/Core/Src/syscalls.c.obj
                0x0000000008002fb0                _kill
 .text._exit    0x0000000008002fc0        0xc CMakeFiles/tw_cart_chassis_clion.elf.dir/Core/Src/syscalls.c.obj
                0x0000000008002fc0                _exit
 .text._sbrk    0x0000000008002fcc       0x48 CMakeFiles/tw_cart_chassis_clion.elf.dir/Core/Src/sysmem.c.obj
                0x0000000008002fcc                _sbrk
 .text.SystemInit
                0x0000000008003014       0x14 CMakeFiles/tw_cart_chassis_clion.elf.dir/Core/Src/system_stm32f4xx.c.obj
                0x0000000008003014                SystemInit
 .text.MX_USART1_UART_Init
                0x0000000008003028       0x34 CMakeFiles/tw_cart_chassis_clion.elf.dir/Core/Src/usart.c.obj
                0x0000000008003028                MX_USART1_UART_Init
 .text.MX_USART3_UART_Init
                0x000000000800305c       0x3c CMakeFiles/tw_cart_chassis_clion.elf.dir/Core/Src/usart.c.obj
                0x000000000800305c                MX_USART3_UART_Init
 .text.HAL_UART_MspInit
                0x0000000008003098      0x148 CMakeFiles/tw_cart_chassis_clion.elf.dir/Core/Src/usart.c.obj
                0x0000000008003098                HAL_UART_MspInit
 .text.Reset_Handler
                0x00000000080031e0       0x50 CMakeFiles/tw_cart_chassis_clion.elf.dir/Core/Startup/startup_stm32f407ighx.s.obj
                0x00000000080031e0                Reset_Handler
 .text.Default_Handler
                0x0000000008003230        0x2 CMakeFiles/tw_cart_chassis_clion.elf.dir/Core/Startup/startup_stm32f407ighx.s.obj
                0x0000000008003230                RTC_Alarm_IRQHandler
                0x0000000008003230                HASH_RNG_IRQHandler
                0x0000000008003230                EXTI2_IRQHandler
                0x0000000008003230                TIM8_CC_IRQHandler
                0x0000000008003230                TIM1_CC_IRQHandler
                0x0000000008003230                DMA2_Stream5_IRQHandler
                0x0000000008003230                DMA1_Stream5_IRQHandler
                0x0000000008003230                PVD_IRQHandler
                0x0000000008003230                SDIO_IRQHandler
                0x0000000008003230                TAMP_STAMP_IRQHandler
                0x0000000008003230                CAN2_RX1_IRQHandler
                0x0000000008003230                EXTI3_IRQHandler
                0x0000000008003230                TIM8_TRG_COM_TIM14_IRQHandler
                0x0000000008003230                TIM1_UP_TIM10_IRQHandler
                0x0000000008003230                TIM8_UP_TIM13_IRQHandler
                0x0000000008003230                I2C3_ER_IRQHandler
                0x0000000008003230                EXTI0_IRQHandler
                0x0000000008003230                I2C2_EV_IRQHandler
                0x0000000008003230                DMA1_Stream2_IRQHandler
                0x0000000008003230                FPU_IRQHandler
                0x0000000008003230                OTG_HS_WKUP_IRQHandler
                0x0000000008003230                CAN2_SCE_IRQHandler
                0x0000000008003230                DMA2_Stream2_IRQHandler
                0x0000000008003230                SPI1_IRQHandler
                0x0000000008003230                TIM6_DAC_IRQHandler
                0x0000000008003230                DCMI_IRQHandler
                0x0000000008003230                DMA2_Stream3_IRQHandler
                0x0000000008003230                USART6_IRQHandler
                0x0000000008003230                CAN1_RX1_IRQHandler
                0x0000000008003230                UART5_IRQHandler
                0x0000000008003230                DMA2_Stream0_IRQHandler
                0x0000000008003230                TIM4_IRQHandler
                0x0000000008003230                I2C1_EV_IRQHandler
                0x0000000008003230                DMA1_Stream6_IRQHandler
                0x0000000008003230                UART4_IRQHandler
                0x0000000008003230                TIM3_IRQHandler
                0x0000000008003230                RCC_IRQHandler
                0x0000000008003230                TIM8_BRK_TIM12_IRQHandler
                0x0000000008003230                Default_Handler
                0x0000000008003230                EXTI15_10_IRQHandler
                0x0000000008003230                ADC_IRQHandler
                0x0000000008003230                DMA1_Stream7_IRQHandler
                0x0000000008003230                TIM7_IRQHandler
                0x0000000008003230                TIM5_IRQHandler
                0x0000000008003230                DMA2_Stream7_IRQHandler
                0x0000000008003230                I2C3_EV_IRQHandler
                0x0000000008003230                EXTI9_5_IRQHandler
                0x0000000008003230                RTC_WKUP_IRQHandler
                0x0000000008003230                ETH_WKUP_IRQHandler
                0x0000000008003230                SPI2_IRQHandler
                0x0000000008003230                OTG_HS_EP1_IN_IRQHandler
                0x0000000008003230                DMA1_Stream0_IRQHandler
                0x0000000008003230                EXTI4_IRQHandler
                0x0000000008003230                FSMC_IRQHandler
                0x0000000008003230                ETH_IRQHandler
                0x0000000008003230                OTG_HS_EP1_OUT_IRQHandler
                0x0000000008003230                WWDG_IRQHandler
                0x0000000008003230                TIM2_IRQHandler
                0x0000000008003230                OTG_FS_WKUP_IRQHandler
                0x0000000008003230                TIM1_TRG_COM_TIM11_IRQHandler
                0x0000000008003230                OTG_HS_IRQHandler
                0x0000000008003230                EXTI1_IRQHandler
                0x0000000008003230                USART2_IRQHandler
                0x0000000008003230                I2C2_ER_IRQHandler
                0x0000000008003230                DMA2_Stream1_IRQHandler
                0x0000000008003230                CAN1_SCE_IRQHandler
                0x0000000008003230                FLASH_IRQHandler
                0x0000000008003230                DMA2_Stream4_IRQHandler
                0x0000000008003230                USART1_IRQHandler
                0x0000000008003230                OTG_FS_IRQHandler
                0x0000000008003230                SPI3_IRQHandler
                0x0000000008003230                DMA1_Stream4_IRQHandler
                0x0000000008003230                I2C1_ER_IRQHandler
                0x0000000008003230                DMA2_Stream6_IRQHandler
                0x0000000008003230                DMA1_Stream3_IRQHandler
 *fill*         0x0000000008003232        0x2 
 .text.HAL_Init
                0x0000000008003234       0x34 CMakeFiles/tw_cart_chassis_clion.elf.dir/Drivers/STM32F4xx_HAL_Driver/Src/stm32f4xx_hal.c.obj
                0x0000000008003234                HAL_Init
 .text.HAL_IncTick
                0x0000000008003268       0x18 CMakeFiles/tw_cart_chassis_clion.elf.dir/Drivers/STM32F4xx_HAL_Driver/Src/stm32f4xx_hal.c.obj
                0x0000000008003268                HAL_IncTick
 .text.HAL_GetTick
                0x0000000008003280        0xc CMakeFiles/tw_cart_chassis_clion.elf.dir/Drivers/STM32F4xx_HAL_Driver/Src/stm32f4xx_hal.c.obj
                0x0000000008003280                HAL_GetTick
 .text.HAL_CAN_Init
                0x000000000800328c      0x14c CMakeFiles/tw_cart_chassis_clion.elf.dir/Drivers/STM32F4xx_HAL_Driver/Src/stm32f4xx_hal_can.c.obj
                0x000000000800328c                HAL_CAN_Init
 .text.HAL_CAN_ConfigFilter
                0x00000000080033d8      0x12c CMakeFiles/tw_cart_chassis_clion.elf.dir/Drivers/STM32F4xx_HAL_Driver/Src/stm32f4xx_hal_can.c.obj
                0x00000000080033d8                HAL_CAN_ConfigFilter
 .text.HAL_CAN_Start
                0x0000000008003504       0x5c CMakeFiles/tw_cart_chassis_clion.elf.dir/Drivers/STM32F4xx_HAL_Driver/Src/stm32f4xx_hal_can.c.obj
                0x0000000008003504                HAL_CAN_Start
 .text.HAL_CAN_AddTxMessage
                0x0000000008003560       0xea CMakeFiles/tw_cart_chassis_clion.elf.dir/Drivers/STM32F4xx_HAL_Driver/Src/stm32f4xx_hal_can.c.obj
                0x0000000008003560                HAL_CAN_AddTxMessage
 .text.HAL_CAN_GetRxMessage
                0x000000000800364a      0x134 CMakeFiles/tw_cart_chassis_clion.elf.dir/Drivers/STM32F4xx_HAL_Driver/Src/stm32f4xx_hal_can.c.obj
                0x000000000800364a                HAL_CAN_GetRxMessage
 .text.HAL_CAN_ActivateNotification
                0x000000000800377e       0x24 CMakeFiles/tw_cart_chassis_clion.elf.dir/Drivers/STM32F4xx_HAL_Driver/Src/stm32f4xx_hal_can.c.obj
                0x000000000800377e                HAL_CAN_ActivateNotification
 .text.HAL_CAN_TxMailbox0CompleteCallback
                0x00000000080037a2        0x2 CMakeFiles/tw_cart_chassis_clion.elf.dir/Drivers/STM32F4xx_HAL_Driver/Src/stm32f4xx_hal_can.c.obj
                0x00000000080037a2                HAL_CAN_TxMailbox0CompleteCallback
 .text.HAL_CAN_TxMailbox1CompleteCallback
                0x00000000080037a4        0x2 CMakeFiles/tw_cart_chassis_clion.elf.dir/Drivers/STM32F4xx_HAL_Driver/Src/stm32f4xx_hal_can.c.obj
                0x00000000080037a4                HAL_CAN_TxMailbox1CompleteCallback
 .text.HAL_CAN_TxMailbox2CompleteCallback
                0x00000000080037a6        0x2 CMakeFiles/tw_cart_chassis_clion.elf.dir/Drivers/STM32F4xx_HAL_Driver/Src/stm32f4xx_hal_can.c.obj
                0x00000000080037a6                HAL_CAN_TxMailbox2CompleteCallback
 .text.HAL_CAN_TxMailbox0AbortCallback
                0x00000000080037a8        0x2 CMakeFiles/tw_cart_chassis_clion.elf.dir/Drivers/STM32F4xx_HAL_Driver/Src/stm32f4xx_hal_can.c.obj
                0x00000000080037a8                HAL_CAN_TxMailbox0AbortCallback
 .text.HAL_CAN_TxMailbox1AbortCallback
                0x00000000080037aa        0x2 CMakeFiles/tw_cart_chassis_clion.elf.dir/Drivers/STM32F4xx_HAL_Driver/Src/stm32f4xx_hal_can.c.obj
                0x00000000080037aa                HAL_CAN_TxMailbox1AbortCallback
 .text.HAL_CAN_TxMailbox2AbortCallback
                0x00000000080037ac        0x2 CMakeFiles/tw_cart_chassis_clion.elf.dir/Drivers/STM32F4xx_HAL_Driver/Src/stm32f4xx_hal_can.c.obj
                0x00000000080037ac                HAL_CAN_TxMailbox2AbortCallback
 .text.HAL_CAN_RxFifo0FullCallback
                0x00000000080037ae        0x2 CMakeFiles/tw_cart_chassis_clion.elf.dir/Drivers/STM32F4xx_HAL_Driver/Src/stm32f4xx_hal_can.c.obj
                0x00000000080037ae                HAL_CAN_RxFifo0FullCallback
 .text.HAL_CAN_RxFifo1MsgPendingCallback
                0x00000000080037b0        0x2 CMakeFiles/tw_cart_chassis_clion.elf.dir/Drivers/STM32F4xx_HAL_Driver/Src/stm32f4xx_hal_can.c.obj
                0x00000000080037b0                HAL_CAN_RxFifo1MsgPendingCallback
 .text.HAL_CAN_RxFifo1FullCallback
                0x00000000080037b2        0x2 CMakeFiles/tw_cart_chassis_clion.elf.dir/Drivers/STM32F4xx_HAL_Driver/Src/stm32f4xx_hal_can.c.obj
                0x00000000080037b2                HAL_CAN_RxFifo1FullCallback
 .text.HAL_CAN_SleepCallback
                0x00000000080037b4        0x2 CMakeFiles/tw_cart_chassis_clion.elf.dir/Drivers/STM32F4xx_HAL_Driver/Src/stm32f4xx_hal_can.c.obj
                0x00000000080037b4                HAL_CAN_SleepCallback
 .text.HAL_CAN_WakeUpFromRxMsgCallback
                0x00000000080037b6        0x2 CMakeFiles/tw_cart_chassis_clion.elf.dir/Drivers/STM32F4xx_HAL_Driver/Src/stm32f4xx_hal_can.c.obj
                0x00000000080037b6                HAL_CAN_WakeUpFromRxMsgCallback
 .text.HAL_CAN_ErrorCallback
                0x00000000080037b8        0x2 CMakeFiles/tw_cart_chassis_clion.elf.dir/Drivers/STM32F4xx_HAL_Driver/Src/stm32f4xx_hal_can.c.obj
                0x00000000080037b8                HAL_CAN_ErrorCallback
 .text.HAL_CAN_IRQHandler
                0x00000000080037ba      0x258 CMakeFiles/tw_cart_chassis_clion.elf.dir/Drivers/STM32F4xx_HAL_Driver/Src/stm32f4xx_hal_can.c.obj
                0x00000000080037ba                HAL_CAN_IRQHandler
 *fill*         0x0000000008003a12        0x2 
 .text.HAL_NVIC_SetPriorityGrouping
                0x0000000008003a14       0x24 CMakeFiles/tw_cart_chassis_clion.elf.dir/Drivers/STM32F4xx_HAL_Driver/Src/stm32f4xx_hal_cortex.c.obj
                0x0000000008003a14                HAL_NVIC_SetPriorityGrouping
 .text.HAL_NVIC_SetPriority
                0x0000000008003a38       0x68 CMakeFiles/tw_cart_chassis_clion.elf.dir/Drivers/STM32F4xx_HAL_Driver/Src/stm32f4xx_hal_cortex.c.obj
                0x0000000008003a38                HAL_NVIC_SetPriority
 .text.HAL_NVIC_EnableIRQ
                0x0000000008003aa0       0x1c CMakeFiles/tw_cart_chassis_clion.elf.dir/Drivers/STM32F4xx_HAL_Driver/Src/stm32f4xx_hal_cortex.c.obj
                0x0000000008003aa0                HAL_NVIC_EnableIRQ
 .text.DMA_CalcBaseAndBitshift
                0x0000000008003abc       0x3c CMakeFiles/tw_cart_chassis_clion.elf.dir/Drivers/STM32F4xx_HAL_Driver/Src/stm32f4xx_hal_dma.c.obj
 .text.DMA_CheckFifoParam
                0x0000000008003af8       0x8e CMakeFiles/tw_cart_chassis_clion.elf.dir/Drivers/STM32F4xx_HAL_Driver/Src/stm32f4xx_hal_dma.c.obj
 *fill*         0x0000000008003b86        0x2 
 .text.HAL_DMA_Init
                0x0000000008003b88       0xcc CMakeFiles/tw_cart_chassis_clion.elf.dir/Drivers/STM32F4xx_HAL_Driver/Src/stm32f4xx_hal_dma.c.obj
                0x0000000008003b88                HAL_DMA_Init
 .text.HAL_DMA_Abort
                0x0000000008003c54       0x94 CMakeFiles/tw_cart_chassis_clion.elf.dir/Drivers/STM32F4xx_HAL_Driver/Src/stm32f4xx_hal_dma.c.obj
                0x0000000008003c54                HAL_DMA_Abort
 .text.HAL_DMA_Abort_IT
                0x0000000008003ce8       0x26 CMakeFiles/tw_cart_chassis_clion.elf.dir/Drivers/STM32F4xx_HAL_Driver/Src/stm32f4xx_hal_dma.c.obj
                0x0000000008003ce8                HAL_DMA_Abort_IT
 *fill*         0x0000000008003d0e        0x2 
 .text.HAL_DMA_IRQHandler
                0x0000000008003d10      0x1dc CMakeFiles/tw_cart_chassis_clion.elf.dir/Drivers/STM32F4xx_HAL_Driver/Src/stm32f4xx_hal_dma.c.obj
                0x0000000008003d10                HAL_DMA_IRQHandler
 .text.HAL_GPIO_Init
                0x0000000008003eec      0x1d4 CMakeFiles/tw_cart_chassis_clion.elf.dir/Drivers/STM32F4xx_HAL_Driver/Src/stm32f4xx_hal_gpio.c.obj
                0x0000000008003eec                HAL_GPIO_Init
 .text.HAL_GPIO_WritePin
                0x00000000080040c0        0xc CMakeFiles/tw_cart_chassis_clion.elf.dir/Drivers/STM32F4xx_HAL_Driver/Src/stm32f4xx_hal_gpio.c.obj
                0x00000000080040c0                HAL_GPIO_WritePin
 .text.HAL_RCC_OscConfig
                0x00000000080040cc      0x3f8 CMakeFiles/tw_cart_chassis_clion.elf.dir/Drivers/STM32F4xx_HAL_Driver/Src/stm32f4xx_hal_rcc.c.obj
                0x00000000080040cc                HAL_RCC_OscConfig
 .text.HAL_RCC_GetSysClockFreq
                0x00000000080044c4       0xa8 CMakeFiles/tw_cart_chassis_clion.elf.dir/Drivers/STM32F4xx_HAL_Driver/Src/stm32f4xx_hal_rcc.c.obj
                0x00000000080044c4                HAL_RCC_GetSysClockFreq
 .text.HAL_RCC_ClockConfig
                0x000000000800456c      0x160 CMakeFiles/tw_cart_chassis_clion.elf.dir/Drivers/STM32F4xx_HAL_Driver/Src/stm32f4xx_hal_rcc.c.obj
                0x000000000800456c                HAL_RCC_ClockConfig
 .text.HAL_RCC_GetHCLKFreq
                0x00000000080046cc        0xc CMakeFiles/tw_cart_chassis_clion.elf.dir/Drivers/STM32F4xx_HAL_Driver/Src/stm32f4xx_hal_rcc.c.obj
                0x00000000080046cc                HAL_RCC_GetHCLKFreq
 .text.HAL_RCC_GetPCLK1Freq
                0x00000000080046d8       0x20 CMakeFiles/tw_cart_chassis_clion.elf.dir/Drivers/STM32F4xx_HAL_Driver/Src/stm32f4xx_hal_rcc.c.obj
                0x00000000080046d8                HAL_RCC_GetPCLK1Freq
 .text.HAL_RCC_GetPCLK2Freq
                0x00000000080046f8       0x20 CMakeFiles/tw_cart_chassis_clion.elf.dir/Drivers/STM32F4xx_HAL_Driver/Src/stm32f4xx_hal_rcc.c.obj
                0x00000000080046f8                HAL_RCC_GetPCLK2Freq
 .text.HAL_RCC_GetClockConfig
                0x0000000008004718       0x3c CMakeFiles/tw_cart_chassis_clion.elf.dir/Drivers/STM32F4xx_HAL_Driver/Src/stm32f4xx_hal_rcc.c.obj
                0x0000000008004718                HAL_RCC_GetClockConfig
 .text.HAL_TIM_Base_MspInit
                0x0000000008004754        0x2 CMakeFiles/tw_cart_chassis_clion.elf.dir/Drivers/STM32F4xx_HAL_Driver/Src/stm32f4xx_hal_tim.c.obj
                0x0000000008004754                HAL_TIM_Base_MspInit
 *fill*         0x0000000008004756        0x2 
 .text.HAL_TIM_Base_Start_IT
                0x0000000008004758       0x88 CMakeFiles/tw_cart_chassis_clion.elf.dir/Drivers/STM32F4xx_HAL_Driver/Src/stm32f4xx_hal_tim.c.obj
                0x0000000008004758                HAL_TIM_Base_Start_IT
 .text.HAL_TIM_OC_DelayElapsedCallback
                0x00000000080047e0        0x2 CMakeFiles/tw_cart_chassis_clion.elf.dir/Drivers/STM32F4xx_HAL_Driver/Src/stm32f4xx_hal_tim.c.obj
                0x00000000080047e0                HAL_TIM_OC_DelayElapsedCallback
 .text.HAL_TIM_IC_CaptureCallback
                0x00000000080047e2        0x2 CMakeFiles/tw_cart_chassis_clion.elf.dir/Drivers/STM32F4xx_HAL_Driver/Src/stm32f4xx_hal_tim.c.obj
                0x00000000080047e2                HAL_TIM_IC_CaptureCallback
 .text.HAL_TIM_PWM_PulseFinishedCallback
                0x00000000080047e4        0x2 CMakeFiles/tw_cart_chassis_clion.elf.dir/Drivers/STM32F4xx_HAL_Driver/Src/stm32f4xx_hal_tim.c.obj
                0x00000000080047e4                HAL_TIM_PWM_PulseFinishedCallback
 .text.HAL_TIM_TriggerCallback
                0x00000000080047e6        0x2 CMakeFiles/tw_cart_chassis_clion.elf.dir/Drivers/STM32F4xx_HAL_Driver/Src/stm32f4xx_hal_tim.c.obj
                0x00000000080047e6                HAL_TIM_TriggerCallback
 .text.HAL_TIM_IRQHandler
                0x00000000080047e8      0x17a CMakeFiles/tw_cart_chassis_clion.elf.dir/Drivers/STM32F4xx_HAL_Driver/Src/stm32f4xx_hal_tim.c.obj
                0x00000000080047e8                HAL_TIM_IRQHandler
 *fill*         0x0000000008004962        0x2 
 .text.TIM_Base_SetConfig
                0x0000000008004964       0xc8 CMakeFiles/tw_cart_chassis_clion.elf.dir/Drivers/STM32F4xx_HAL_Driver/Src/stm32f4xx_hal_tim.c.obj
                0x0000000008004964                TIM_Base_SetConfig
 .text.HAL_TIM_Base_Init
                0x0000000008004a2c       0x56 CMakeFiles/tw_cart_chassis_clion.elf.dir/Drivers/STM32F4xx_HAL_Driver/Src/stm32f4xx_hal_tim.c.obj
                0x0000000008004a2c                HAL_TIM_Base_Init
 .text.HAL_TIMEx_CommutCallback
                0x0000000008004a82        0x2 CMakeFiles/tw_cart_chassis_clion.elf.dir/Drivers/STM32F4xx_HAL_Driver/Src/stm32f4xx_hal_tim_ex.c.obj
                0x0000000008004a82                HAL_TIMEx_CommutCallback
 .text.HAL_TIMEx_BreakCallback
                0x0000000008004a84        0x2 CMakeFiles/tw_cart_chassis_clion.elf.dir/Drivers/STM32F4xx_HAL_Driver/Src/stm32f4xx_hal_tim_ex.c.obj
                0x0000000008004a84                HAL_TIMEx_BreakCallback
 .text.UART_EndRxTransfer
                0x0000000008004a86       0x32 CMakeFiles/tw_cart_chassis_clion.elf.dir/Drivers/STM32F4xx_HAL_Driver/Src/stm32f4xx_hal_uart.c.obj
 .text.UART_Transmit_IT
                0x0000000008004ab8       0x62 CMakeFiles/tw_cart_chassis_clion.elf.dir/Drivers/STM32F4xx_HAL_Driver/Src/stm32f4xx_hal_uart.c.obj
 *fill*         0x0000000008004b1a        0x2 
 .text.UART_SetConfig
                0x0000000008004b1c      0x134 CMakeFiles/tw_cart_chassis_clion.elf.dir/Drivers/STM32F4xx_HAL_Driver/Src/stm32f4xx_hal_uart.c.obj
 .text.HAL_UART_Init
                0x0000000008004c50       0x5e CMakeFiles/tw_cart_chassis_clion.elf.dir/Drivers/STM32F4xx_HAL_Driver/Src/stm32f4xx_hal_uart.c.obj
                0x0000000008004c50                HAL_UART_Init
 .text.HAL_UART_TxCpltCallback
                0x0000000008004cae        0x2 CMakeFiles/tw_cart_chassis_clion.elf.dir/Drivers/STM32F4xx_HAL_Driver/Src/stm32f4xx_hal_uart.c.obj
                0x0000000008004cae                HAL_UART_TxCpltCallback
 .text.UART_EndTransmit_IT
                0x0000000008004cb0       0x1a CMakeFiles/tw_cart_chassis_clion.elf.dir/Drivers/STM32F4xx_HAL_Driver/Src/stm32f4xx_hal_uart.c.obj
 .text.HAL_UART_RxCpltCallback
                0x0000000008004cca        0x2 CMakeFiles/tw_cart_chassis_clion.elf.dir/Drivers/STM32F4xx_HAL_Driver/Src/stm32f4xx_hal_uart.c.obj
                0x0000000008004cca                HAL_UART_RxCpltCallback
 .text.HAL_UART_ErrorCallback
                0x0000000008004ccc        0x2 CMakeFiles/tw_cart_chassis_clion.elf.dir/Drivers/STM32F4xx_HAL_Driver/Src/stm32f4xx_hal_uart.c.obj
                0x0000000008004ccc                HAL_UART_ErrorCallback
 .text.UART_DMAAbortOnError
                0x0000000008004cce       0x10 CMakeFiles/tw_cart_chassis_clion.elf.dir/Drivers/STM32F4xx_HAL_Driver/Src/stm32f4xx_hal_uart.c.obj
 .text.HAL_UARTEx_RxEventCallback
                0x0000000008004cde        0x2 CMakeFiles/tw_cart_chassis_clion.elf.dir/Drivers/STM32F4xx_HAL_Driver/Src/stm32f4xx_hal_uart.c.obj
                0x0000000008004cde                HAL_UARTEx_RxEventCallback
 .text.UART_Receive_IT
                0x0000000008004ce0       0xb4 CMakeFiles/tw_cart_chassis_clion.elf.dir/Drivers/STM32F4xx_HAL_Driver/Src/stm32f4xx_hal_uart.c.obj
 .text.HAL_UART_IRQHandler
                0x0000000008004d94      0x1f8 CMakeFiles/tw_cart_chassis_clion.elf.dir/Drivers/STM32F4xx_HAL_Driver/Src/stm32f4xx_hal_uart.c.obj
                0x0000000008004d94                HAL_UART_IRQHandler
 .text.makeFreeRtosPriority
                0x0000000008004f8c        0xc CMakeFiles/tw_cart_chassis_clion.elf.dir/Middlewares/Third_Party/FreeRTOS/Source/CMSIS_RTOS/cmsis_os.c.obj
 .text.osKernelStart
                0x0000000008004f98        0xa CMakeFiles/tw_cart_chassis_clion.elf.dir/Middlewares/Third_Party/FreeRTOS/Source/CMSIS_RTOS/cmsis_os.c.obj
                0x0000000008004f98                osKernelStart
 .text.osThreadCreate
                0x0000000008004fa2       0x6c CMakeFiles/tw_cart_chassis_clion.elf.dir/Middlewares/Third_Party/FreeRTOS/Source/CMSIS_RTOS/cmsis_os.c.obj
                0x0000000008004fa2                osThreadCreate
 .text.osDelay  0x000000000800500e       0x12 CMakeFiles/tw_cart_chassis_clion.elf.dir/Middlewares/Third_Party/FreeRTOS/Source/CMSIS_RTOS/cmsis_os.c.obj
                0x000000000800500e                osDelay
 .text.vListInitialise
                0x0000000008005020       0x16 CMakeFiles/tw_cart_chassis_clion.elf.dir/Middlewares/Third_Party/FreeRTOS/Source/list.c.obj
                0x0000000008005020                vListInitialise
 .text.vListInitialiseItem
                0x0000000008005036        0x6 CMakeFiles/tw_cart_chassis_clion.elf.dir/Middlewares/Third_Party/FreeRTOS/Source/list.c.obj
                0x0000000008005036                vListInitialiseItem
 .text.vListInsertEnd
                0x000000000800503c       0x18 CMakeFiles/tw_cart_chassis_clion.elf.dir/Middlewares/Third_Party/FreeRTOS/Source/list.c.obj
                0x000000000800503c                vListInsertEnd
 .text.vListInsert
                0x0000000008005054       0x34 CMakeFiles/tw_cart_chassis_clion.elf.dir/Middlewares/Third_Party/FreeRTOS/Source/list.c.obj
                0x0000000008005054                vListInsert
 .text.uxListRemove
                0x0000000008005088       0x28 CMakeFiles/tw_cart_chassis_clion.elf.dir/Middlewares/Third_Party/FreeRTOS/Source/list.c.obj
                0x0000000008005088                uxListRemove
 .text.prvTaskExitError
                0x00000000080050b0       0x40 CMakeFiles/tw_cart_chassis_clion.elf.dir/Middlewares/Third_Party/FreeRTOS/Source/portable/GCC/ARM_CM4F/port.c.obj
 .text.prvPortStartFirstTask
                0x00000000080050f0       0x28 CMakeFiles/tw_cart_chassis_clion.elf.dir/Middlewares/Third_Party/FreeRTOS/Source/portable/GCC/ARM_CM4F/port.c.obj
 .text.vPortEnableVFP
                0x0000000008005118       0x14 CMakeFiles/tw_cart_chassis_clion.elf.dir/Middlewares/Third_Party/FreeRTOS/Source/portable/GCC/ARM_CM4F/port.c.obj
 .text.pxPortInitialiseStack
                0x000000000800512c       0x2c CMakeFiles/tw_cart_chassis_clion.elf.dir/Middlewares/Third_Party/FreeRTOS/Source/portable/GCC/ARM_CM4F/port.c.obj
                0x000000000800512c                pxPortInitialiseStack
 *fill*         0x0000000008005158        0x8 
 .text.SVC_Handler
                0x0000000008005160       0x24 CMakeFiles/tw_cart_chassis_clion.elf.dir/Middlewares/Third_Party/FreeRTOS/Source/portable/GCC/ARM_CM4F/port.c.obj
                0x0000000008005160                SVC_Handler
 .text.vPortEnterCritical
                0x0000000008005184       0x44 CMakeFiles/tw_cart_chassis_clion.elf.dir/Middlewares/Third_Party/FreeRTOS/Source/portable/GCC/ARM_CM4F/port.c.obj
                0x0000000008005184                vPortEnterCritical
 .text.vPortExitCritical
                0x00000000080051c8       0x2c CMakeFiles/tw_cart_chassis_clion.elf.dir/Middlewares/Third_Party/FreeRTOS/Source/portable/GCC/ARM_CM4F/port.c.obj
                0x00000000080051c8                vPortExitCritical
 *fill*         0x00000000080051f4        0xc 
 .text.PendSV_Handler
                0x0000000008005200       0x64 CMakeFiles/tw_cart_chassis_clion.elf.dir/Middlewares/Third_Party/FreeRTOS/Source/portable/GCC/ARM_CM4F/port.c.obj
                0x0000000008005200                PendSV_Handler
 .text.SysTick_Handler
                0x0000000008005264       0x2c CMakeFiles/tw_cart_chassis_clion.elf.dir/Middlewares/Third_Party/FreeRTOS/Source/portable/GCC/ARM_CM4F/port.c.obj
                0x0000000008005264                SysTick_Handler
 .text.vPortSetupTimerInterrupt
                0x0000000008005290       0x38 CMakeFiles/tw_cart_chassis_clion.elf.dir/Middlewares/Third_Party/FreeRTOS/Source/portable/GCC/ARM_CM4F/port.c.obj
                0x0000000008005290                vPortSetupTimerInterrupt
 .text.xPortStartScheduler
                0x00000000080052c8      0x110 CMakeFiles/tw_cart_chassis_clion.elf.dir/Middlewares/Third_Party/FreeRTOS/Source/portable/GCC/ARM_CM4F/port.c.obj
                0x00000000080052c8                xPortStartScheduler
 .text.prvHeapInit
                0x00000000080053d8       0x64 CMakeFiles/tw_cart_chassis_clion.elf.dir/Middlewares/Third_Party/FreeRTOS/Source/portable/MemMang/heap_4.c.obj
 .text.prvInsertBlockIntoFreeList
                0x000000000800543c       0x58 CMakeFiles/tw_cart_chassis_clion.elf.dir/Middlewares/Third_Party/FreeRTOS/Source/portable/MemMang/heap_4.c.obj
 .text.pvPortMalloc
                0x0000000008005494      0x114 CMakeFiles/tw_cart_chassis_clion.elf.dir/Middlewares/Third_Party/FreeRTOS/Source/portable/MemMang/heap_4.c.obj
                0x0000000008005494                pvPortMalloc
 .text.vPortFree
                0x00000000080055a8       0x7c CMakeFiles/tw_cart_chassis_clion.elf.dir/Middlewares/Third_Party/FreeRTOS/Source/portable/MemMang/heap_4.c.obj
                0x00000000080055a8                vPortFree
 .text.prvResetNextTaskUnblockTime
                0x0000000008005624       0x2c CMakeFiles/tw_cart_chassis_clion.elf.dir/Middlewares/Third_Party/FreeRTOS/Source/tasks.c.obj
 .text.prvInitialiseNewTask
                0x0000000008005650       0x8c CMakeFiles/tw_cart_chassis_clion.elf.dir/Middlewares/Third_Party/FreeRTOS/Source/tasks.c.obj
 .text.prvInitialiseTaskLists
                0x00000000080056dc       0x68 CMakeFiles/tw_cart_chassis_clion.elf.dir/Middlewares/Third_Party/FreeRTOS/Source/tasks.c.obj
 .text.prvAddNewTaskToReadyList
                0x0000000008005744       0xa8 CMakeFiles/tw_cart_chassis_clion.elf.dir/Middlewares/Third_Party/FreeRTOS/Source/tasks.c.obj
 .text.prvDeleteTCB
                0x00000000080057ec       0x38 CMakeFiles/tw_cart_chassis_clion.elf.dir/Middlewares/Third_Party/FreeRTOS/Source/tasks.c.obj
 .text.prvCheckTasksWaitingTermination
                0x0000000008005824       0x4c CMakeFiles/tw_cart_chassis_clion.elf.dir/Middlewares/Third_Party/FreeRTOS/Source/tasks.c.obj
 .text.prvIdleTask
                0x0000000008005870       0x28 CMakeFiles/tw_cart_chassis_clion.elf.dir/Middlewares/Third_Party/FreeRTOS/Source/tasks.c.obj
 .text.prvAddCurrentTaskToDelayedList
                0x0000000008005898       0x98 CMakeFiles/tw_cart_chassis_clion.elf.dir/Middlewares/Third_Party/FreeRTOS/Source/tasks.c.obj
 .text.xTaskCreateStatic
                0x0000000008005930       0x74 CMakeFiles/tw_cart_chassis_clion.elf.dir/Middlewares/Third_Party/FreeRTOS/Source/tasks.c.obj
                0x0000000008005930                xTaskCreateStatic
 .text.xTaskCreate
                0x00000000080059a4       0x66 CMakeFiles/tw_cart_chassis_clion.elf.dir/Middlewares/Third_Party/FreeRTOS/Source/tasks.c.obj
                0x00000000080059a4                xTaskCreate
 *fill*         0x0000000008005a0a        0x2 
 .text.vTaskStartScheduler
                0x0000000008005a0c       0x6c CMakeFiles/tw_cart_chassis_clion.elf.dir/Middlewares/Third_Party/FreeRTOS/Source/tasks.c.obj
                0x0000000008005a0c                vTaskStartScheduler
 .text.vTaskSuspendAll
                0x0000000008005a78       0x10 CMakeFiles/tw_cart_chassis_clion.elf.dir/Middlewares/Third_Party/FreeRTOS/Source/tasks.c.obj
                0x0000000008005a78                vTaskSuspendAll
 .text.xTaskIncrementTick
                0x0000000008005a88      0x118 CMakeFiles/tw_cart_chassis_clion.elf.dir/Middlewares/Third_Party/FreeRTOS/Source/tasks.c.obj
                0x0000000008005a88                xTaskIncrementTick
 .text.xTaskResumeAll
                0x0000000008005ba0       0xf4 CMakeFiles/tw_cart_chassis_clion.elf.dir/Middlewares/Third_Party/FreeRTOS/Source/tasks.c.obj
                0x0000000008005ba0                xTaskResumeAll
 .text.vTaskDelay
                0x0000000008005c94       0x4c CMakeFiles/tw_cart_chassis_clion.elf.dir/Middlewares/Third_Party/FreeRTOS/Source/tasks.c.obj
                0x0000000008005c94                vTaskDelay
 .text.vTaskSwitchContext
                0x0000000008005ce0       0x98 CMakeFiles/tw_cart_chassis_clion.elf.dir/Middlewares/Third_Party/FreeRTOS/Source/tasks.c.obj
                0x0000000008005ce0                vTaskSwitchContext
 .text._ZN10__cxxabiv120__si_class_type_infoD2Ev
                0x0000000008005d78       0x14 /home/szy/gcc-arm-none-eabi-7-2017-q4-major/bin/../lib/gcc/arm-none-eabi/7.2.1/../../../../arm-none-eabi/lib/thumb/v7e-m/fpv4-sp/hard/libstdc++.a(si_class_type_info.o)
                0x0000000008005d78                __cxxabiv1::__si_class_type_info::~__si_class_type_info()
                0x0000000008005d78                __cxxabiv1::__si_class_type_info::~__si_class_type_info()
 .text._ZN10__cxxabiv120__si_class_type_infoD0Ev
                0x0000000008005d8c       0x1c /home/szy/gcc-arm-none-eabi-7-2017-q4-major/bin/../lib/gcc/arm-none-eabi/7.2.1/../../../../arm-none-eabi/lib/thumb/v7e-m/fpv4-sp/hard/libstdc++.a(si_class_type_info.o)
                0x0000000008005d8c                __cxxabiv1::__si_class_type_info::~__si_class_type_info()
 .text._ZNK10__cxxabiv120__si_class_type_info20__do_find_public_srcEiPKvPKNS_17__class_type_infoES2_
                0x0000000008005da8       0x3c /home/szy/gcc-arm-none-eabi-7-2017-q4-major/bin/../lib/gcc/arm-none-eabi/7.2.1/../../../../arm-none-eabi/lib/thumb/v7e-m/fpv4-sp/hard/libstdc++.a(si_class_type_info.o)
                0x0000000008005da8                __cxxabiv1::__si_class_type_info::__do_find_public_src(int, void const*, __cxxabiv1::__class_type_info const*, void const*) const
 .text._ZNK10__cxxabiv120__si_class_type_info12__do_dyncastEiNS_17__class_type_info10__sub_kindEPKS1_PKvS4_S6_RNS1_16__dyncast_resultE
                0x0000000008005de4       0x80 /home/szy/gcc-arm-none-eabi-7-2017-q4-major/bin/../lib/gcc/arm-none-eabi/7.2.1/../../../../arm-none-eabi/lib/thumb/v7e-m/fpv4-sp/hard/libstdc++.a(si_class_type_info.o)
                0x0000000008005de4                __cxxabiv1::__si_class_type_info::__do_dyncast(int, __cxxabiv1::__class_type_info::__sub_kind, __cxxabiv1::__class_type_info const*, void const*, __cxxabiv1::__class_type_info const*, void const*, __cxxabiv1::__class_type_info::__dyncast_result&) const
 .text._ZNK10__cxxabiv120__si_class_type_info11__do_upcastEPKNS_17__class_type_infoEPKvRNS1_15__upcast_resultE
                0x0000000008005e64       0x2c /home/szy/gcc-arm-none-eabi-7-2017-q4-major/bin/../lib/gcc/arm-none-eabi/7.2.1/../../../../arm-none-eabi/lib/thumb/v7e-m/fpv4-sp/hard/libstdc++.a(si_class_type_info.o)
                0x0000000008005e64                __cxxabiv1::__si_class_type_info::__do_upcast(__cxxabiv1::__class_type_info const*, void const*, __cxxabiv1::__class_type_info::__upcast_result&) const
 .text._ZNSt9type_infoD2Ev
                0x0000000008005e90        0x4 /home/szy/gcc-arm-none-eabi-7-2017-q4-major/bin/../lib/gcc/arm-none-eabi/7.2.1/../../../../arm-none-eabi/lib/thumb/v7e-m/fpv4-sp/hard/libstdc++.a(tinfo.o)
                0x0000000008005e90                std::type_info::~type_info()
                0x0000000008005e90                std::type_info::~type_info()
 .text._ZNKSt9type_info14__is_pointer_pEv
                0x0000000008005e94        0x4 /home/szy/gcc-arm-none-eabi-7-2017-q4-major/bin/../lib/gcc/arm-none-eabi/7.2.1/../../../../arm-none-eabi/lib/thumb/v7e-m/fpv4-sp/hard/libstdc++.a(tinfo.o)
                0x0000000008005e94                std::type_info::__is_function_p() const
                0x0000000008005e94                std::type_info::__is_pointer_p() const
 .text._ZNKSt9type_infoeqERKS_
                0x0000000008005e98       0x2c /home/szy/gcc-arm-none-eabi-7-2017-q4-major/bin/../lib/gcc/arm-none-eabi/7.2.1/../../../../arm-none-eabi/lib/thumb/v7e-m/fpv4-sp/hard/libstdc++.a(tinfo.o)
                0x0000000008005e98                std::type_info::operator==(std::type_info const&) const
 .text._ZNK10__cxxabiv117__class_type_info11__do_upcastEPKS0_PPv
                0x0000000008005ec4       0x38 /home/szy/gcc-arm-none-eabi-7-2017-q4-major/bin/../lib/gcc/arm-none-eabi/7.2.1/../../../../arm-none-eabi/lib/thumb/v7e-m/fpv4-sp/hard/libstdc++.a(class_type_info.o)
                0x0000000008005ec4                __cxxabiv1::__class_type_info::__do_upcast(__cxxabiv1::__class_type_info const*, void**) const
 .text._ZNK10__cxxabiv117__class_type_info20__do_find_public_srcEiPKvPKS0_S2_
                0x0000000008005efc        0xc /home/szy/gcc-arm-none-eabi-7-2017-q4-major/bin/../lib/gcc/arm-none-eabi/7.2.1/../../../../arm-none-eabi/lib/thumb/v7e-m/fpv4-sp/hard/libstdc++.a(class_type_info.o)
                0x0000000008005efc                __cxxabiv1::__class_type_info::__do_find_public_src(int, void const*, __cxxabiv1::__class_type_info const*, void const*) const
 .text._ZN10__cxxabiv117__class_type_infoD2Ev
                0x0000000008005f08       0x14 /home/szy/gcc-arm-none-eabi-7-2017-q4-major/bin/../lib/gcc/arm-none-eabi/7.2.1/../../../../arm-none-eabi/lib/thumb/v7e-m/fpv4-sp/hard/libstdc++.a(class_type_info.o)
                0x0000000008005f08                __cxxabiv1::__class_type_info::~__class_type_info()
                0x0000000008005f08                __cxxabiv1::__class_type_info::~__class_type_info()
 .text._ZN10__cxxabiv117__class_type_infoD0Ev
                0x0000000008005f1c       0x1c /home/szy/gcc-arm-none-eabi-7-2017-q4-major/bin/../lib/gcc/arm-none-eabi/7.2.1/../../../../arm-none-eabi/lib/thumb/v7e-m/fpv4-sp/hard/libstdc++.a(class_type_info.o)
                0x0000000008005f1c                __cxxabiv1::__class_type_info::~__class_type_info()
 .text._ZNK10__cxxabiv117__class_type_info12__do_dyncastEiNS0_10__sub_kindEPKS0_PKvS3_S5_RNS0_16__dyncast_resultE
                0x0000000008005f38       0x44 /home/szy/gcc-arm-none-eabi-7-2017-q4-major/bin/../lib/gcc/arm-none-eabi/7.2.1/../../../../arm-none-eabi/lib/thumb/v7e-m/fpv4-sp/hard/libstdc++.a(class_type_info.o)
                0x0000000008005f38                __cxxabiv1::__class_type_info::__do_dyncast(int, __cxxabiv1::__class_type_info::__sub_kind, __cxxabiv1::__class_type_info const*, void const*, __cxxabiv1::__class_type_info const*, void const*, __cxxabiv1::__class_type_info::__dyncast_result&) const
 .text._ZNK10__cxxabiv117__class_type_info11__do_upcastEPKS0_PKvRNS0_15__upcast_resultE
                0x0000000008005f7c       0x18 /home/szy/gcc-arm-none-eabi-7-2017-q4-major/bin/../lib/gcc/arm-none-eabi/7.2.1/../../../../arm-none-eabi/lib/thumb/v7e-m/fpv4-sp/hard/libstdc++.a(class_type_info.o)
                0x0000000008005f7c                __cxxabiv1::__class_type_info::__do_upcast(__cxxabiv1::__class_type_info const*, void const*, __cxxabiv1::__class_type_info::__upcast_result&) const
 .text._ZNK10__cxxabiv117__class_type_info10__do_catchEPKSt9type_infoPPvj
                0x0000000008005f94       0x2c /home/szy/gcc-arm-none-eabi-7-2017-q4-major/bin/../lib/gcc/arm-none-eabi/7.2.1/../../../../arm-none-eabi/lib/thumb/v7e-m/fpv4-sp/hard/libstdc++.a(class_type_info.o)
                0x0000000008005f94                __cxxabiv1::__class_type_info::__do_catch(std::type_info const*, void**, unsigned int) const
 .text._ZdlPvj  0x0000000008005fc0        0x4 /home/szy/gcc-arm-none-eabi-7-2017-q4-major/bin/../lib/gcc/arm-none-eabi/7.2.1/../../../../arm-none-eabi/lib/thumb/v7e-m/fpv4-sp/hard/libstdc++.a(del_ops.o)
                0x0000000008005fc0                operator delete(void*, unsigned int)
 .text._ZdlPv   0x0000000008005fc4        0x4 /home/szy/gcc-arm-none-eabi-7-2017-q4-major/bin/../lib/gcc/arm-none-eabi/7.2.1/../../../../arm-none-eabi/lib/thumb/v7e-m/fpv4-sp/hard/libstdc++.a(del_op.o)
                0x0000000008005fc4                operator delete(void*)
 .text.abort    0x0000000008005fc8       0x10 /home/szy/gcc-arm-none-eabi-7-2017-q4-major/bin/../lib/gcc/arm-none-eabi/7.2.1/../../../../arm-none-eabi/lib/thumb/v7e-m/fpv4-sp/hard/libg.a(lib_a-abort.o)
                0x0000000008005fc8                abort
 .text.__errno  0x0000000008005fd8        0xc /home/szy/gcc-arm-none-eabi-7-2017-q4-major/bin/../lib/gcc/arm-none-eabi/7.2.1/../../../../arm-none-eabi/lib/thumb/v7e-m/fpv4-sp/hard/libg.a(lib_a-errno.o)
                0x0000000008005fd8                __errno
 .text.__libc_init_array
                0x0000000008005fe4       0x48 /home/szy/gcc-arm-none-eabi-7-2017-q4-major/bin/../lib/gcc/arm-none-eabi/7.2.1/../../../../arm-none-eabi/lib/thumb/v7e-m/fpv4-sp/hard/libg.a(lib_a-init.o)
                0x0000000008005fe4                __libc_init_array
 .text.malloc   0x000000000800602c       0x10 /home/szy/gcc-arm-none-eabi-7-2017-q4-major/bin/../lib/gcc/arm-none-eabi/7.2.1/../../../../arm-none-eabi/lib/thumb/v7e-m/fpv4-sp/hard/libg.a(lib_a-malloc.o)
                0x000000000800602c                malloc
 .text.free     0x000000000800603c       0x10 /home/szy/gcc-arm-none-eabi-7-2017-q4-major/bin/../lib/gcc/arm-none-eabi/7.2.1/../../../../arm-none-eabi/lib/thumb/v7e-m/fpv4-sp/hard/libg.a(lib_a-malloc.o)
                0x000000000800603c                free
 .text._malloc_r
                0x000000000800604c      0x548 /home/szy/gcc-arm-none-eabi-7-2017-q4-major/bin/../lib/gcc/arm-none-eabi/7.2.1/../../../../arm-none-eabi/lib/thumb/v7e-m/fpv4-sp/hard/libg.a(lib_a-mallocr.o)
                0x000000000800604c                _malloc_r
 .text.memset   0x0000000008006594       0x94 /home/szy/gcc-arm-none-eabi-7-2017-q4-major/bin/../lib/gcc/arm-none-eabi/7.2.1/../../../../arm-none-eabi/lib/thumb/v7e-m/fpv4-sp/hard/libg.a(lib_a-memset.o)
                0x0000000008006594                memset
 .text.__malloc_lock
                0x0000000008006628        0xc /home/szy/gcc-arm-none-eabi-7-2017-q4-major/bin/../lib/gcc/arm-none-eabi/7.2.1/../../../../arm-none-eabi/lib/thumb/v7e-m/fpv4-sp/hard/libg.a(lib_a-mlock.o)
                0x0000000008006628                __malloc_lock
 .text.__malloc_unlock
                0x0000000008006634        0xc /home/szy/gcc-arm-none-eabi-7-2017-q4-major/bin/../lib/gcc/arm-none-eabi/7.2.1/../../../../arm-none-eabi/lib/thumb/v7e-m/fpv4-sp/hard/libg.a(lib_a-mlock.o)
                0x0000000008006634                __malloc_unlock
 .text._sbrk_r  0x0000000008006640       0x24 /home/szy/gcc-arm-none-eabi-7-2017-q4-major/bin/../lib/gcc/arm-none-eabi/7.2.1/../../../../arm-none-eabi/lib/thumb/v7e-m/fpv4-sp/hard/libg.a(lib_a-sbrkr.o)
                0x0000000008006640                _sbrk_r
 .text._raise_r
                0x0000000008006664       0x58 /home/szy/gcc-arm-none-eabi-7-2017-q4-major/bin/../lib/gcc/arm-none-eabi/7.2.1/../../../../arm-none-eabi/lib/thumb/v7e-m/fpv4-sp/hard/libg.a(lib_a-signal.o)
                0x0000000008006664                _raise_r
 .text.raise    0x00000000080066bc       0x10 /home/szy/gcc-arm-none-eabi-7-2017-q4-major/bin/../lib/gcc/arm-none-eabi/7.2.1/../../../../arm-none-eabi/lib/thumb/v7e-m/fpv4-sp/hard/libg.a(lib_a-signal.o)
                0x00000000080066bc                raise
 .text._kill_r  0x00000000080066cc       0x28 /home/szy/gcc-arm-none-eabi-7-2017-q4-major/bin/../lib/gcc/arm-none-eabi/7.2.1/../../../../arm-none-eabi/lib/thumb/v7e-m/fpv4-sp/hard/libg.a(lib_a-signalr.o)
                0x00000000080066cc                _kill_r
 .text._getpid_r
                0x00000000080066f4        0x4 /home/szy/gcc-arm-none-eabi-7-2017-q4-major/bin/../lib/gcc/arm-none-eabi/7.2.1/../../../../arm-none-eabi/lib/thumb/v7e-m/fpv4-sp/hard/libg.a(lib_a-signalr.o)
                0x00000000080066f4                _getpid_r
 .text.startup.register_fini
                0x00000000080066f8       0x14 /home/szy/gcc-arm-none-eabi-7-2017-q4-major/bin/../lib/gcc/arm-none-eabi/7.2.1/../../../../arm-none-eabi/lib/thumb/v7e-m/fpv4-sp/hard/libg.a(lib_a-__call_atexit.o)
 .text.atexit   0x000000000800670c        0xc /home/szy/gcc-arm-none-eabi-7-2017-q4-major/bin/../lib/gcc/arm-none-eabi/7.2.1/../../../../arm-none-eabi/lib/thumb/v7e-m/fpv4-sp/hard/libg.a(lib_a-atexit.o)
                0x000000000800670c                atexit
 .text.__libc_fini_array
                0x0000000008006718       0x34 /home/szy/gcc-arm-none-eabi-7-2017-q4-major/bin/../lib/gcc/arm-none-eabi/7.2.1/../../../../arm-none-eabi/lib/thumb/v7e-m/fpv4-sp/hard/libg.a(lib_a-fini.o)
                0x0000000008006718                __libc_fini_array
 .text._malloc_trim_r
                0x000000000800674c       0xa0 /home/szy/gcc-arm-none-eabi-7-2017-q4-major/bin/../lib/gcc/arm-none-eabi/7.2.1/../../../../arm-none-eabi/lib/thumb/v7e-m/fpv4-sp/hard/libg.a(lib_a-freer.o)
                0x000000000800674c                _malloc_trim_r
 .text._free_r  0x00000000080067ec      0x1e8 /home/szy/gcc-arm-none-eabi-7-2017-q4-major/bin/../lib/gcc/arm-none-eabi/7.2.1/../../../../arm-none-eabi/lib/thumb/v7e-m/fpv4-sp/hard/libg.a(lib_a-freer.o)
                0x00000000080067ec                _free_r
 .text.__retarget_lock_acquire_recursive
                0x00000000080069d4        0x4 /home/szy/gcc-arm-none-eabi-7-2017-q4-major/bin/../lib/gcc/arm-none-eabi/7.2.1/../../../../arm-none-eabi/lib/thumb/v7e-m/fpv4-sp/hard/libg.a(lib_a-lock.o)
                0x00000000080069d4                __retarget_lock_acquire_recursive
 .text.__retarget_lock_release_recursive
                0x00000000080069d8        0x4 /home/szy/gcc-arm-none-eabi-7-2017-q4-major/bin/../lib/gcc/arm-none-eabi/7.2.1/../../../../arm-none-eabi/lib/thumb/v7e-m/fpv4-sp/hard/libg.a(lib_a-lock.o)
                0x00000000080069d8                __retarget_lock_release_recursive
 .text.__register_exitproc
                0x00000000080069dc       0xc0 /home/szy/gcc-arm-none-eabi-7-2017-q4-major/bin/../lib/gcc/arm-none-eabi/7.2.1/../../../../arm-none-eabi/lib/thumb/v7e-m/fpv4-sp/hard/libg.a(lib_a-__atexit.o)
                0x00000000080069dc                __register_exitproc
 *(.glue_7)
 .glue_7        0x0000000008006a9c        0x0 linker stubs
 *(.glue_7t)
 .glue_7t       0x0000000008006a9c        0x0 linker stubs
 *(.eh_frame)
 .eh_frame      0x0000000008006a9c        0x0 /home/szy/gcc-arm-none-eabi-7-2017-q4-major/bin/../lib/gcc/arm-none-eabi/7.2.1/thumb/v7e-m/fpv4-sp/hard/crtbegin.o
 *(.init)
 .init          0x0000000008006a9c        0x4 /home/szy/gcc-arm-none-eabi-7-2017-q4-major/bin/../lib/gcc/arm-none-eabi/7.2.1/thumb/v7e-m/fpv4-sp/hard/crti.o
                0x0000000008006a9c                _init
 .init          0x0000000008006aa0        0x8 /home/szy/gcc-arm-none-eabi-7-2017-q4-major/bin/../lib/gcc/arm-none-eabi/7.2.1/thumb/v7e-m/fpv4-sp/hard/crtn.o
 *(.fini)
 .fini          0x0000000008006aa8        0x4 /home/szy/gcc-arm-none-eabi-7-2017-q4-major/bin/../lib/gcc/arm-none-eabi/7.2.1/thumb/v7e-m/fpv4-sp/hard/crti.o
                0x0000000008006aa8                _fini
 .fini          0x0000000008006aac        0x8 /home/szy/gcc-arm-none-eabi-7-2017-q4-major/bin/../lib/gcc/arm-none-eabi/7.2.1/thumb/v7e-m/fpv4-sp/hard/crtn.o
                0x0000000008006ab4                . = ALIGN (0x4)
                0x0000000008006ab4                _etext = .

.vfp11_veneer   0x0000000008006ab4        0x0
 .vfp11_veneer  0x0000000008006ab4        0x0 linker stubs

.v4_bx          0x0000000008006ab4        0x0
 .v4_bx         0x0000000008006ab4        0x0 linker stubs

.iplt           0x0000000008006ab4        0x0
 .iplt          0x0000000008006ab4        0x0 /home/szy/gcc-arm-none-eabi-7-2017-q4-major/bin/../lib/gcc/arm-none-eabi/7.2.1/thumb/v7e-m/fpv4-sp/hard/crtbegin.o

.rodata         0x0000000008006ab4      0x1ec
                0x0000000008006ab4                . = ALIGN (0x4)
 *(.rodata)
 .rodata        0x0000000008006ab4       0x18 CMakeFiles/tw_cart_chassis_clion.elf.dir/Bsp/MOTOR_DRIVER/MotorM2006.cpp.obj
 .rodata        0x0000000008006acc       0x54 CMakeFiles/tw_cart_chassis_clion.elf.dir/Core/Src/freertos.c.obj
 *(.rodata*)
 .rodata._ZTI3PID
                0x0000000008006b20        0x8 CMakeFiles/tw_cart_chassis_clion.elf.dir/Algorithms/PID/pid.cpp.obj
                0x0000000008006b20                typeinfo for PID
 .rodata._ZTS3PID
                0x0000000008006b28        0x5 CMakeFiles/tw_cart_chassis_clion.elf.dir/Algorithms/PID/pid.cpp.obj
                0x0000000008006b28                typeinfo name for PID
 *fill*         0x0000000008006b2d        0x3 
 .rodata._ZTV3PID
                0x0000000008006b30        0xc CMakeFiles/tw_cart_chassis_clion.elf.dir/Algorithms/PID/pid.cpp.obj
                0x0000000008006b30                vtable for PID
 .rodata._ZTS5Motor
                0x0000000008006b3c        0x7 CMakeFiles/tw_cart_chassis_clion.elf.dir/Bsp/MOTOR_DRIVER/MotorM2006.cpp.obj
                0x0000000008006b3c                typeinfo name for Motor
 *fill*         0x0000000008006b43        0x1 
 .rodata._ZTI5Motor
                0x0000000008006b44        0x8 CMakeFiles/tw_cart_chassis_clion.elf.dir/Bsp/MOTOR_DRIVER/MotorM2006.cpp.obj
                0x0000000008006b44                typeinfo for Motor
 .rodata._ZTI5M2006
                0x0000000008006b4c        0xc CMakeFiles/tw_cart_chassis_clion.elf.dir/Bsp/MOTOR_DRIVER/MotorM2006.cpp.obj
                0x0000000008006b4c                typeinfo for M2006
 .rodata._ZTS5M2006
                0x0000000008006b58        0x7 CMakeFiles/tw_cart_chassis_clion.elf.dir/Bsp/MOTOR_DRIVER/MotorM2006.cpp.obj
                0x0000000008006b58                typeinfo name for M2006
 *fill*         0x0000000008006b5f        0x1 
 .rodata._ZTV5M2006
                0x0000000008006b60       0x14 CMakeFiles/tw_cart_chassis_clion.elf.dir/Bsp/MOTOR_DRIVER/MotorM2006.cpp.obj
                0x0000000008006b60                vtable for M2006
 .rodata.str1.4
                0x0000000008006b74       0x2c CMakeFiles/tw_cart_chassis_clion.elf.dir/Core/Src/freertos.c.obj
 .rodata.AHBPrescTable
                0x0000000008006ba0       0x10 CMakeFiles/tw_cart_chassis_clion.elf.dir/Core/Src/system_stm32f4xx.c.obj
                0x0000000008006ba0                AHBPrescTable
 .rodata.APBPrescTable
                0x0000000008006bb0        0x8 CMakeFiles/tw_cart_chassis_clion.elf.dir/Core/Src/system_stm32f4xx.c.obj
                0x0000000008006bb0                APBPrescTable
 .rodata.flagBitshiftOffset.8322
                0x0000000008006bb8        0x8 CMakeFiles/tw_cart_chassis_clion.elf.dir/Drivers/STM32F4xx_HAL_Driver/Src/stm32f4xx_hal_dma.c.obj
 .rodata.vTaskStartScheduler.str1.4
                0x0000000008006bc0        0x8 CMakeFiles/tw_cart_chassis_clion.elf.dir/Middlewares/Third_Party/FreeRTOS/Source/tasks.c.obj
                                          0x5 (size before relaxing)
 .rodata._ZTIN10__cxxabiv120__si_class_type_infoE
                0x0000000008006bc8        0xc /home/szy/gcc-arm-none-eabi-7-2017-q4-major/bin/../lib/gcc/arm-none-eabi/7.2.1/../../../../arm-none-eabi/lib/thumb/v7e-m/fpv4-sp/hard/libstdc++.a(si_class_type_info.o)
                0x0000000008006bc8                typeinfo for __cxxabiv1::__si_class_type_info
 .rodata._ZTSN10__cxxabiv120__si_class_type_infoE
                0x0000000008006bd4       0x25 /home/szy/gcc-arm-none-eabi-7-2017-q4-major/bin/../lib/gcc/arm-none-eabi/7.2.1/../../../../arm-none-eabi/lib/thumb/v7e-m/fpv4-sp/hard/libstdc++.a(si_class_type_info.o)
                0x0000000008006bd4                typeinfo name for __cxxabiv1::__si_class_type_info
 *fill*         0x0000000008006bf9        0x3 
 .rodata._ZTVN10__cxxabiv120__si_class_type_infoE
                0x0000000008006bfc       0x2c /home/szy/gcc-arm-none-eabi-7-2017-q4-major/bin/../lib/gcc/arm-none-eabi/7.2.1/../../../../arm-none-eabi/lib/thumb/v7e-m/fpv4-sp/hard/libstdc++.a(si_class_type_info.o)
                0x0000000008006bfc                vtable for __cxxabiv1::__si_class_type_info
 .rodata._ZTISt9type_info
                0x0000000008006c28        0x8 /home/szy/gcc-arm-none-eabi-7-2017-q4-major/bin/../lib/gcc/arm-none-eabi/7.2.1/../../../../arm-none-eabi/lib/thumb/v7e-m/fpv4-sp/hard/libstdc++.a(tinfo.o)
                0x0000000008006c28                typeinfo for std::type_info
 .rodata._ZTSSt9type_info
                0x0000000008006c30        0xd /home/szy/gcc-arm-none-eabi-7-2017-q4-major/bin/../lib/gcc/arm-none-eabi/7.2.1/../../../../arm-none-eabi/lib/thumb/v7e-m/fpv4-sp/hard/libstdc++.a(tinfo.o)
                0x0000000008006c30                typeinfo name for std::type_info
 *fill*         0x0000000008006c3d        0x3 
 .rodata._ZTIN10__cxxabiv117__class_type_infoE
                0x0000000008006c40        0xc /home/szy/gcc-arm-none-eabi-7-2017-q4-major/bin/../lib/gcc/arm-none-eabi/7.2.1/../../../../arm-none-eabi/lib/thumb/v7e-m/fpv4-sp/hard/libstdc++.a(class_type_info.o)
                0x0000000008006c40                typeinfo for __cxxabiv1::__class_type_info
 .rodata._ZTSN10__cxxabiv117__class_type_infoE
                0x0000000008006c4c       0x22 /home/szy/gcc-arm-none-eabi-7-2017-q4-major/bin/../lib/gcc/arm-none-eabi/7.2.1/../../../../arm-none-eabi/lib/thumb/v7e-m/fpv4-sp/hard/libstdc++.a(class_type_info.o)
                0x0000000008006c4c                typeinfo name for __cxxabiv1::__class_type_info
 *fill*         0x0000000008006c6e        0x2 
 .rodata._ZTVN10__cxxabiv117__class_type_infoE
                0x0000000008006c70       0x2c /home/szy/gcc-arm-none-eabi-7-2017-q4-major/bin/../lib/gcc/arm-none-eabi/7.2.1/../../../../arm-none-eabi/lib/thumb/v7e-m/fpv4-sp/hard/libstdc++.a(class_type_info.o)
                0x0000000008006c70                vtable for __cxxabiv1::__class_type_info
 .rodata._global_impure_ptr
                0x0000000008006c9c        0x4 /home/szy/gcc-arm-none-eabi-7-2017-q4-major/bin/../lib/gcc/arm-none-eabi/7.2.1/../../../../arm-none-eabi/lib/thumb/v7e-m/fpv4-sp/hard/libg.a(lib_a-impure.o)
                0x0000000008006c9c                _global_impure_ptr
                0x0000000008006ca0                . = ALIGN (0x4)

.ARM.extab      0x0000000008006ca0       0x24
                0x0000000008006ca0                . = ALIGN (0x4)
 *(.ARM.extab* .gnu.linkonce.armextab.*)
 .ARM.extab.text.communication_task
                0x0000000008006ca0        0xc CMakeFiles/tw_cart_chassis_clion.elf.dir/Applications/communication_task.cpp.obj
 .ARM.extab.text._ZN5M2006C2Ev
                0x0000000008006cac        0x0 CMakeFiles/tw_cart_chassis_clion.elf.dir/Bsp/MOTOR_DRIVER/MotorM2006.cpp.obj
 .ARM.extab     0x0000000008006cac       0x18 /home/szy/gcc-arm-none-eabi-7-2017-q4-major/bin/../lib/gcc/arm-none-eabi/7.2.1/thumb/v7e-m/fpv4-sp/hard/libgcc.a(pr-support.o)
                0x0000000008006cc4                . = ALIGN (0x4)

.ARM            0x0000000008006cc4      0x138
                0x0000000008006cc4                . = ALIGN (0x4)
                0x0000000008006cc4                __exidx_start = .
 *(.ARM.exidx*)
 .ARM.exidx.text._ZN3PID10PID_OutputEff
                0x0000000008006d7c        0x0 CMakeFiles/tw_cart_chassis_clion.elf.dir/Algorithms/PID/pid.cpp.obj
                                          0x8 (size before relaxing)
 .ARM.exidx.text._ZN3PIDC2Effffff
                0x0000000008006d7c        0x0 CMakeFiles/tw_cart_chassis_clion.elf.dir/Algorithms/PID/pid.cpp.obj
                                          0x8 (size before relaxing)
 .ARM.exidx.text._Z41__static_initialization_and_destruction_0ii
                0x0000000008006d7c        0x0 CMakeFiles/tw_cart_chassis_clion.elf.dir/Applications/communication_task.cpp.obj
                                          0x8 (size before relaxing)
 .ARM.exidx.text.communication_task
                0x0000000008006d7c        0x8 CMakeFiles/tw_cart_chassis_clion.elf.dir/Applications/communication_task.cpp.obj
 .ARM.exidx.text._GLOBAL__sub_I_chassisComInfo
                0x0000000008006d84        0x8 CMakeFiles/tw_cart_chassis_clion.elf.dir/Applications/communication_task.cpp.obj
 .ARM.exidx.text.motor_task
                0x0000000008006d8c        0x8 CMakeFiles/tw_cart_chassis_clion.elf.dir/Applications/motor_task.cpp.obj
 .ARM.exidx.text._ZN13Communication17initCommunicationEv
                0x0000000008006d94        0x0 CMakeFiles/tw_cart_chassis_clion.elf.dir/Bsp/Communication/communication.cpp.obj
                                          0x8 (size before relaxing)
 .ARM.exidx.text._ZN5M20069initMotorEv
                0x0000000008006d94        0x0 CMakeFiles/tw_cart_chassis_clion.elf.dir/Bsp/MOTOR_DRIVER/MotorM2006.cpp.obj
                                          0x8 (size before relaxing)
 .ARM.exidx.text._ZN5M200614sendControlCmdEv
                0x0000000008006d94        0x8 CMakeFiles/tw_cart_chassis_clion.elf.dir/Bsp/MOTOR_DRIVER/MotorM2006.cpp.obj
 .ARM.exidx.text._ZN5M2006C2Ev
                0x0000000008006d9c        0x8 CMakeFiles/tw_cart_chassis_clion.elf.dir/Bsp/MOTOR_DRIVER/MotorM2006.cpp.obj
 .ARM.exidx.text._Z41__static_initialization_and_destruction_0ii
                0x0000000008006da4        0x0 CMakeFiles/tw_cart_chassis_clion.elf.dir/Bsp/MOTOR_DRIVER/MotorM2006.cpp.obj
                                          0x8 (size before relaxing)
 .ARM.exidx.text._ZN5M200611setExpSpeedEPKi
                0x0000000008006da4        0x0 CMakeFiles/tw_cart_chassis_clion.elf.dir/Bsp/MOTOR_DRIVER/MotorM2006.cpp.obj
                                          0x8 (size before relaxing)
 .ARM.exidx.text._ZN5M200618updateFeedBackInfoEhPKh
                0x0000000008006da4        0x0 CMakeFiles/tw_cart_chassis_clion.elf.dir/Bsp/MOTOR_DRIVER/MotorM2006.cpp.obj
                                          0x8 (size before relaxing)
 .ARM.exidx.text._ZN5M20066setPIDEfff
                0x0000000008006da4        0x0 CMakeFiles/tw_cart_chassis_clion.elf.dir/Bsp/MOTOR_DRIVER/MotorM2006.cpp.obj
                                          0x8 (size before relaxing)
 .ARM.exidx.text._GLOBAL__sub_I_m2006
                0x0000000008006da4        0x0 CMakeFiles/tw_cart_chassis_clion.elf.dir/Bsp/MOTOR_DRIVER/MotorM2006.cpp.obj
                                          0x8 (size before relaxing)
 .ARM.exidx.text._ZN5M200612calculatePIDEv
                0x0000000008006da4        0x8 CMakeFiles/tw_cart_chassis_clion.elf.dir/Bsp/MOTOR_DRIVER/MotorM2006.cpp.obj
 .ARM.exidx.text._Z22Uart_Receive_Dma_No_ItP20__UART_HandleTypeDefPhS1_m
                0x0000000008006dac        0x8 CMakeFiles/tw_cart_chassis_clion.elf.dir/Bsp/UART_DBUS/UART_DBUS.cpp.obj
 .ARM.exidx.text.dbus_uart_Init
                0x0000000008006db4        0x0 CMakeFiles/tw_cart_chassis_clion.elf.dir/Bsp/UART_DBUS/UART_DBUS.cpp.obj
                                          0x8 (size before relaxing)
 .ARM.exidx.text._Z13dr16_TO_M2006v
                0x0000000008006db4        0x8 CMakeFiles/tw_cart_chassis_clion.elf.dir/Bsp/UART_DBUS/UART_DBUS.cpp.obj
 .ARM.exidx.text._ZL10dbus_to_rcP12DR16_rc_infoPh
                0x0000000008006dbc        0x8 CMakeFiles/tw_cart_chassis_clion.elf.dir/Bsp/UART_DBUS/UART_DBUS.cpp.obj
 .ARM.exidx.text.dr16_uart_rx_data_handle
                0x0000000008006dc4        0x8 CMakeFiles/tw_cart_chassis_clion.elf.dir/Bsp/UART_DBUS/UART_DBUS.cpp.obj
 .ARM.exidx.text.HAL_CAN_RxFifo0MsgPendingCallback
                0x0000000008006dcc       0x10 CMakeFiles/tw_cart_chassis_clion.elf.dir/Bsp/canRxCallback.cpp.obj
                                          0x8 (size before relaxing)
 .ARM.exidx.text._ZN10__cxxabiv120__si_class_type_infoD2Ev
                0x0000000008006ddc        0x0 /home/szy/gcc-arm-none-eabi-7-2017-q4-major/bin/../lib/gcc/arm-none-eabi/7.2.1/../../../../arm-none-eabi/lib/thumb/v7e-m/fpv4-sp/hard/libstdc++.a(si_class_type_info.o)
                                          0x8 (size before relaxing)
 .ARM.exidx.text._ZN10__cxxabiv120__si_class_type_infoD0Ev
                0x0000000008006ddc        0x0 /home/szy/gcc-arm-none-eabi-7-2017-q4-major/bin/../lib/gcc/arm-none-eabi/7.2.1/../../../../arm-none-eabi/lib/thumb/v7e-m/fpv4-sp/hard/libstdc++.a(si_class_type_info.o)
                                          0x8 (size before relaxing)
 .ARM.exidx.text._ZNK10__cxxabiv120__si_class_type_info20__do_find_public_srcEiPKvPKNS_17__class_type_infoES2_
                0x0000000008006ddc        0x0 /home/szy/gcc-arm-none-eabi-7-2017-q4-major/bin/../lib/gcc/arm-none-eabi/7.2.1/../../../../arm-none-eabi/lib/thumb/v7e-m/fpv4-sp/hard/libstdc++.a(si_class_type_info.o)
                                          0x8 (size before relaxing)
 .ARM.exidx.text._ZNK10__cxxabiv120__si_class_type_info12__do_dyncastEiNS_17__class_type_info10__sub_kindEPKS1_PKvS4_S6_RNS1_16__dyncast_resultE
                0x0000000008006ddc        0x0 /home/szy/gcc-arm-none-eabi-7-2017-q4-major/bin/../lib/gcc/arm-none-eabi/7.2.1/../../../../arm-none-eabi/lib/thumb/v7e-m/fpv4-sp/hard/libstdc++.a(si_class_type_info.o)
                                          0x8 (size before relaxing)
 .ARM.exidx.text._ZNK10__cxxabiv120__si_class_type_info11__do_upcastEPKNS_17__class_type_infoEPKvRNS1_15__upcast_resultE
                0x0000000008006ddc        0x8 /home/szy/gcc-arm-none-eabi-7-2017-q4-major/bin/../lib/gcc/arm-none-eabi/7.2.1/../../../../arm-none-eabi/lib/thumb/v7e-m/fpv4-sp/hard/libstdc++.a(si_class_type_info.o)
 .ARM.exidx.text._ZNSt9type_infoD2Ev
                0x0000000008006de4        0x8 /home/szy/gcc-arm-none-eabi-7-2017-q4-major/bin/../lib/gcc/arm-none-eabi/7.2.1/../../../../arm-none-eabi/lib/thumb/v7e-m/fpv4-sp/hard/libstdc++.a(tinfo.o)
 .ARM.exidx.text._ZNKSt9type_info14__is_pointer_pEv
                0x0000000008006dec        0x0 /home/szy/gcc-arm-none-eabi-7-2017-q4-major/bin/../lib/gcc/arm-none-eabi/7.2.1/../../../../arm-none-eabi/lib/thumb/v7e-m/fpv4-sp/hard/libstdc++.a(tinfo.o)
                                          0x8 (size before relaxing)
 .ARM.exidx.text._ZNKSt9type_infoeqERKS_
                0x0000000008006dec        0x0 /home/szy/gcc-arm-none-eabi-7-2017-q4-major/bin/../lib/gcc/arm-none-eabi/7.2.1/../../../../arm-none-eabi/lib/thumb/v7e-m/fpv4-sp/hard/libstdc++.a(tinfo.o)
                                          0x8 (size before relaxing)
 .ARM.exidx.text._ZNK10__cxxabiv117__class_type_info11__do_upcastEPKS0_PPv
                0x0000000008006dec        0x8 /home/szy/gcc-arm-none-eabi-7-2017-q4-major/bin/../lib/gcc/arm-none-eabi/7.2.1/../../../../arm-none-eabi/lib/thumb/v7e-m/fpv4-sp/hard/libstdc++.a(class_type_info.o)
 .ARM.exidx.text._ZNK10__cxxabiv117__class_type_info20__do_find_public_srcEiPKvPKS0_S2_
                0x0000000008006df4        0x8 /home/szy/gcc-arm-none-eabi-7-2017-q4-major/bin/../lib/gcc/arm-none-eabi/7.2.1/../../../../arm-none-eabi/lib/thumb/v7e-m/fpv4-sp/hard/libstdc++.a(class_type_info.o)
 .ARM.exidx.text._ZN10__cxxabiv117__class_type_infoD2Ev
                0x0000000008006dfc        0x0 /home/szy/gcc-arm-none-eabi-7-2017-q4-major/bin/../lib/gcc/arm-none-eabi/7.2.1/../../../../arm-none-eabi/lib/thumb/v7e-m/fpv4-sp/hard/libstdc++.a(class_type_info.o)
                                          0x8 (size before relaxing)
 .ARM.exidx.text._ZN10__cxxabiv117__class_type_infoD0Ev
                0x0000000008006dfc        0x0 /home/szy/gcc-arm-none-eabi-7-2017-q4-major/bin/../lib/gcc/arm-none-eabi/7.2.1/../../../../arm-none-eabi/lib/thumb/v7e-m/fpv4-sp/hard/libstdc++.a(class_type_info.o)
                                          0x8 (size before relaxing)
 .ARM.exidx.text._ZNK10__cxxabiv117__class_type_info12__do_dyncastEiNS0_10__sub_kindEPKS0_PKvS3_S5_RNS0_16__dyncast_resultE
                0x0000000008006dfc        0x0 /home/szy/gcc-arm-none-eabi-7-2017-q4-major/bin/../lib/gcc/arm-none-eabi/7.2.1/../../../../arm-none-eabi/lib/thumb/v7e-m/fpv4-sp/hard/libstdc++.a(class_type_info.o)
                                          0x8 (size before relaxing)
 .ARM.exidx.text._ZNK10__cxxabiv117__class_type_info11__do_upcastEPKS0_PKvRNS0_15__upcast_resultE
                0x0000000008006dfc        0x0 /home/szy/gcc-arm-none-eabi-7-2017-q4-major/bin/../lib/gcc/arm-none-eabi/7.2.1/../../../../arm-none-eabi/lib/thumb/v7e-m/fpv4-sp/hard/libstdc++.a(class_type_info.o)
                                          0x8 (size before relaxing)
 .ARM.exidx.text._ZNK10__cxxabiv117__class_type_info10__do_catchEPKSt9type_infoPPvj
                0x0000000008006dfc        0x0 /home/szy/gcc-arm-none-eabi-7-2017-q4-major/bin/../lib/gcc/arm-none-eabi/7.2.1/../../../../arm-none-eabi/lib/thumb/v7e-m/fpv4-sp/hard/libstdc++.a(class_type_info.o)
                                          0x8 (size before relaxing)
 .ARM.exidx.text._ZdlPvj
                0x0000000008006dfc        0x0 /home/szy/gcc-arm-none-eabi-7-2017-q4-major/bin/../lib/gcc/arm-none-eabi/7.2.1/../../../../arm-none-eabi/lib/thumb/v7e-m/fpv4-sp/hard/libstdc++.a(del_ops.o)
                                          0x8 (size before relaxing)
 .ARM.exidx.text._ZdlPv
                0x0000000008006dfc        0x0 /home/szy/gcc-arm-none-eabi-7-2017-q4-major/bin/../lib/gcc/arm-none-eabi/7.2.1/../../../../arm-none-eabi/lib/thumb/v7e-m/fpv4-sp/hard/libstdc++.a(del_op.o)
                                          0x8 (size before relaxing)
 .ARM.exidx     0x0000000008006cc4        0x8 /home/szy/gcc-arm-none-eabi-7-2017-q4-major/bin/../lib/gcc/arm-none-eabi/7.2.1/thumb/v7e-m/fpv4-sp/hard/libgcc.a(_udivmoddi4.o)
 .ARM.exidx     0x0000000008006ccc       0x78 /home/szy/gcc-arm-none-eabi-7-2017-q4-major/bin/../lib/gcc/arm-none-eabi/7.2.1/thumb/v7e-m/fpv4-sp/hard/libgcc.a(unwind-arm.o)
                                         0xd8 (size before relaxing)
 .ARM.exidx     0x0000000008006d44       0x38 /home/szy/gcc-arm-none-eabi-7-2017-q4-major/bin/../lib/gcc/arm-none-eabi/7.2.1/thumb/v7e-m/fpv4-sp/hard/libgcc.a(pr-support.o)
                                         0x48 (size before relaxing)
                0x0000000008006dfc                __exidx_end = .
                0x0000000008006dfc                . = ALIGN (0x4)

.rel.dyn        0x0000000008006dfc        0x0
 .rel.iplt      0x0000000008006dfc        0x0 /home/szy/gcc-arm-none-eabi-7-2017-q4-major/bin/../lib/gcc/arm-none-eabi/7.2.1/thumb/v7e-m/fpv4-sp/hard/crtbegin.o

.preinit_array  0x0000000008006dfc        0x0
                0x0000000008006dfc                . = ALIGN (0x4)
                0x0000000008006dfc                PROVIDE (__preinit_array_start, .)
 *(.preinit_array*)
                0x0000000008006dfc                PROVIDE (__preinit_array_end, .)
                0x0000000008006dfc                . = ALIGN (0x4)

.init_array     0x0000000008006dfc       0x10
                0x0000000008006dfc                . = ALIGN (0x4)
                0x0000000008006dfc                PROVIDE (__init_array_start, .)
 *(SORT_BY_NAME(.init_array.*))
 .init_array.00000
                0x0000000008006dfc        0x4 /home/szy/gcc-arm-none-eabi-7-2017-q4-major/bin/../lib/gcc/arm-none-eabi/7.2.1/../../../../arm-none-eabi/lib/thumb/v7e-m/fpv4-sp/hard/libg.a(lib_a-__call_atexit.o)
 *(.init_array*)
 .init_array    0x0000000008006e00        0x4 /home/szy/gcc-arm-none-eabi-7-2017-q4-major/bin/../lib/gcc/arm-none-eabi/7.2.1/thumb/v7e-m/fpv4-sp/hard/crtbegin.o
 .init_array    0x0000000008006e04        0x4 CMakeFiles/tw_cart_chassis_clion.elf.dir/Applications/communication_task.cpp.obj
 .init_array    0x0000000008006e08        0x4 CMakeFiles/tw_cart_chassis_clion.elf.dir/Bsp/MOTOR_DRIVER/MotorM2006.cpp.obj
                0x0000000008006e0c                PROVIDE (__init_array_end, .)
                0x0000000008006e0c                . = ALIGN (0x4)

.fini_array     0x0000000008006e0c        0x4
                0x0000000008006e0c                . = ALIGN (0x4)
                0x0000000008006e0c                PROVIDE (__fini_array_start, .)
 *(SORT_BY_NAME(.fini_array.*))
 *(.fini_array*)
 .fini_array    0x0000000008006e0c        0x4 /home/szy/gcc-arm-none-eabi-7-2017-q4-major/bin/../lib/gcc/arm-none-eabi/7.2.1/thumb/v7e-m/fpv4-sp/hard/crtbegin.o
                0x0000000008006e10                PROVIDE (__fini_array_end, .)
                0x0000000008006e10                . = ALIGN (0x4)
                0x0000000008006e10                _sidata = LOADADDR (.data)

.data           0x0000000020000000      0x854 load address 0x0000000008006e10
                0x0000000020000000                . = ALIGN (0x4)
                0x0000000020000000                _sdata = .
 *(.data)
 *(.data*)
 .data.SystemCoreClock
                0x0000000020000000        0x4 CMakeFiles/tw_cart_chassis_clion.elf.dir/Core/Src/system_stm32f4xx.c.obj
                0x0000000020000000                SystemCoreClock
 .data.uwTickFreq
                0x0000000020000004        0x1 CMakeFiles/tw_cart_chassis_clion.elf.dir/Drivers/STM32F4xx_HAL_Driver/Src/stm32f4xx_hal.c.obj
                0x0000000020000004                uwTickFreq
 *fill*         0x0000000020000005        0x3 
 .data.uwTickPrio
                0x0000000020000008        0x4 CMakeFiles/tw_cart_chassis_clion.elf.dir/Drivers/STM32F4xx_HAL_Driver/Src/stm32f4xx_hal.c.obj
                0x0000000020000008                uwTickPrio
 .data.uxCriticalNesting
                0x000000002000000c        0x4 CMakeFiles/tw_cart_chassis_clion.elf.dir/Middlewares/Third_Party/FreeRTOS/Source/portable/GCC/ARM_CM4F/port.c.obj
 .data._impure_ptr
                0x0000000020000010        0x4 /home/szy/gcc-arm-none-eabi-7-2017-q4-major/bin/../lib/gcc/arm-none-eabi/7.2.1/../../../../arm-none-eabi/lib/thumb/v7e-m/fpv4-sp/hard/libg.a(lib_a-impure.o)
                0x0000000020000010                _impure_ptr
 *fill*         0x0000000020000014        0x4 
 .data.impure_data
                0x0000000020000018      0x428 /home/szy/gcc-arm-none-eabi-7-2017-q4-major/bin/../lib/gcc/arm-none-eabi/7.2.1/../../../../arm-none-eabi/lib/thumb/v7e-m/fpv4-sp/hard/libg.a(lib_a-impure.o)
 .data.__malloc_av_
                0x0000000020000440      0x408 /home/szy/gcc-arm-none-eabi-7-2017-q4-major/bin/../lib/gcc/arm-none-eabi/7.2.1/../../../../arm-none-eabi/lib/thumb/v7e-m/fpv4-sp/hard/libg.a(lib_a-mallocr.o)